Component: ARM Compiler 5.06 update 6 (build 750) Tool: armlink [4d35ed]

==============================================================================

Section Cross References

    main.o(i.AppObjCreate) refers to event_groups.o(i.xEventGroupCreate) for xEventGroupCreate
    main.o(i.AppObjCreate) refers to main.o(i.AppPrintf) for AppPrintf
    main.o(i.AppObjCreate) refers to queue.o(i.xQueueCreateMutex) for xQueueCreateMutex
    main.o(i.AppObjCreate) refers to queue.o(i.xQueueGenericCreate) for xQueueGenericCreate
    main.o(i.AppObjCreate) refers to main.o(.data) for .data
    main.o(i.AppPrintf) refers to _printf_percent.o(.ARM.Collect$$_printf_percent$$00000000) for _printf_percent
    main.o(i.AppPrintf) refers to _printf_s.o(.ARM.Collect$$_printf_percent$$00000014) for _printf_s
    main.o(i.AppPrintf) refers to _printf_str.o(.text) for _printf_str
    main.o(i.AppPrintf) refers to vsnprintf.o(.text) for vsnprintf
    main.o(i.AppPrintf) refers to queue.o(i.xQueueSemaphoreTake) for xQueueSemaphoreTake
    main.o(i.AppPrintf) refers to __2printf.o(.text) for __2printf
    main.o(i.AppPrintf) refers to queue.o(i.xQueueGenericSend) for xQueueGenericSend
    main.o(i.AppPrintf) refers to main.o(.data) for .data
    main.o(i.main) refers to bsp.o(i.bsp_Init) for bsp_Init
    main.o(i.main) refers to main.o(i.AppObjCreate) for AppObjCreate
    main.o(i.main) refers to handshake_task.o(i.CreateHandShakeTask) for CreateHandShakeTask
    main.o(i.main) refers to msgparse_task.o(i.CreateMsgParseTask) for CreateMsgParseTask
    main.o(i.main) refers to motorctrl_task.o(i.CreateMotorCtrlTask) for CreateMotorCtrlTask
    main.o(i.main) refers to motorctrl_secdoor_task.o(i.CreateMotorCtrlSecDoorTask) for CreateMotorCtrlSecDoorTask
    main.o(i.main) refers to key_task.o(i.CreateKeyTask) for CreateKeyTask
    main.o(i.main) refers to led_task.o(i.CreateLedTask) for CreateLedTask
    main.o(i.main) refers to reader_task.o(i.CreateReaderTask) for CreateReaderTask
    main.o(i.main) refers to barcode_task.o(i.CreateBarCodeTask) for CreateBarCodeTask
    main.o(i.main) refers to sensor_task.o(i.CreateSensorTask) for CreateSensorTask
    main.o(i.main) refers to watchdog_task.o(i.CreateWatchDogTask) for CreateWatchDogTask
    main.o(i.main) refers to tasks.o(i.vTaskStartScheduler) for vTaskStartScheduler
    system_stm32f4xx.o(i.SystemCoreClockUpdate) refers to system_stm32f4xx.o(.data) for .data
    system_stm32f4xx.o(i.SystemInit) refers to system_stm32f4xx.o(i.SetSysClock) for SetSysClock
    comm.o(i.SendAsciiCodeToHost) refers to rt_memclr_w.o(.text) for __aeabi_memclr4
    comm.o(i.SendAsciiCodeToHost) refers to strcpy.o(.text) for strcpy
    comm.o(i.SendAsciiCodeToHost) refers to comm.o(i.packetJSON) for packetJSON
    comm.o(i.SendAsciiCodeToHost) refers to rt_memcpy_v6.o(.text) for __aeabi_memcpy
    comm.o(i.SendAsciiCodeToHost) refers to tool.o(i.CRC16_Modbus) for CRC16_Modbus
    comm.o(i.SendAsciiCodeToHost) refers to queue.o(i.xQueueSemaphoreTake) for xQueueSemaphoreTake
    comm.o(i.SendAsciiCodeToHost) refers to bsp_uart.o(i.BSP_UartSend) for BSP_UartSend
    comm.o(i.SendAsciiCodeToHost) refers to queue.o(i.xQueueGenericSend) for xQueueGenericSend
    comm.o(i.SendAsciiCodeToHost) refers to main.o(.data) for gxMutex
    comm.o(i.deal_Serial_Parse) refers to bsp_uart.o(i.BSP_UartRead) for BSP_UartRead
    comm.o(i.deal_Serial_Parse) refers to delay.o(i.delay_ms) for delay_ms
    comm.o(i.deal_Serial_Parse) refers to tool.o(i.CRC16_Modbus) for CRC16_Modbus
    comm.o(i.deal_Serial_Parse) refers to tool.o(i.dbg) for dbg
    comm.o(i.deal_Serial_Parse) refers to comm.o(.data) for .data
    comm.o(i.deal_Serial_Parse) refers to comm.o(.bss) for .bss
    comm.o(i.deal_rx_data) refers to rt_memclr_w.o(.text) for __aeabi_memclr4
    comm.o(i.deal_rx_data) refers to tool.o(i.dbg) for dbg
    comm.o(i.deal_rx_data) refers to rt_memcpy_v6.o(.text) for __aeabi_memcpy
    comm.o(i.deal_rx_data) refers to comm.o(i.parseJSON) for parseJSON
    comm.o(i.deal_rx_data) refers to comm.o(i.SendAsciiCodeToHost) for SendAsciiCodeToHost
    comm.o(i.deal_rx_data) refers to comm.o(i.init_serial_boot) for init_serial_boot
    comm.o(i.deal_rx_data) refers to comm.o(i.send_to_device) for send_to_device
    comm.o(i.deal_rx_data) refers to tool.o(i.dbh) for dbh
    comm.o(i.deal_rx_data) refers to comm.o(.bss) for .bss
    comm.o(i.deal_rx_data) refers to comm.o(.data) for .data
    comm.o(i.init_serial_boot) refers to rt_memclr.o(.text) for __aeabi_memclr
    comm.o(i.init_serial_boot) refers to comm.o(.data) for .data
    comm.o(i.init_serial_boot) refers to comm.o(.bss) for .bss
    comm.o(i.packetDeviceInfo) refers to cjson.o(i.cJSON_CreateObject) for cJSON_CreateObject
    comm.o(i.packetDeviceInfo) refers to cjson.o(i.cJSON_AddStringToObject) for cJSON_AddStringToObject
    comm.o(i.packetDeviceInfo) refers to cjson.o(i.cJSON_AddNumberToObject) for cJSON_AddNumberToObject
[...]
    ledTaskName                              0x20000038   Data           4  led_task.o(.data)
    xHandleTaskLed                           0x2000003c   Data           4  led_task.o(.data)
    MotorCtrlSecDoorTaskName                 0x20000040   Data           4  motorctrl_secdoor_task.o(.data)
    xHandleTaskMotorCtrlSecDoor              0x20000044   Data           4  motorctrl_secdoor_task.o(.data)
    MotorCtrlTaskName                        0x20000048   Data           4  motorctrl_task.o(.data)
    xHandleTaskMotorCtrl                     0x2000004c   Data           4  motorctrl_task.o(.data)
    MsgParseTaskName                         0x20000050   Data           4  msgparse_task.o(.data)
    xHandleTaskMsgParse                      0x20000054   Data           4  msgparse_task.o(.data)
    ReaderTaskName                           0x20000058   Data           4  reader_task.o(.data)
    xHandleTaskReader                        0x2000005c   Data           4  reader_task.o(.data)
    SensorTaskName                           0x20000060   Data           4  sensor_task.o(.data)
    xHandleTaskSensor                        0x20000064   Data           4  sensor_task.o(.data)
    WatchDogTaskName                         0x20000068   Data           4  watchdog_task.o(.data)
    xHandleTaskWatchDog                      0x2000006c   Data           4  watchdog_task.o(.data)
    keyTaskName                              0x20000074   Data           4  key_task.o(.data)
    xHandleTaskKey                           0x20000078   Data           4  key_task.o(.data)
    gICReaderParam                           0x20000080   Data           8  ini.o(.data)
    gQRCodeParam                             0x20000088   Data           8  ini.o(.data)
    mallco_dev                               0x200000a4   Data          36  malloc.o(.data)
    ulHighFrequencyTimerTicks                0x200000cc   Data           4  bsp_time.o(.data)
    g1msTimerUART1                           0x200000d0   Data           4  bsp_time.o(.data)
    g1msTimerUART2                           0x200000d4   Data           4  bsp_time.o(.data)
    g1msTimerUART3                           0x200000d8   Data           4  bsp_time.o(.data)
    g1msTimerUART4                           0x200000dc   Data           4  bsp_time.o(.data)
    g1msTimerUART5                           0x200000e0   Data           4  bsp_time.o(.data)
    g500usCount                              0x200000e4   Data           4  bsp_time.o(.data)
    Motro_A                                  0x200000ed   Data           1  bsp_uart_fifo.o(.data)
    Motro_B                                  0x200000ee   Data           1  bsp_uart_fifo.o(.data)
    __stdout                                 0x200000f0   Data           4  bsp_uart_fifo.o(.data)
    pxCurrentTCB                             0x20000104   Data           4  tasks.o(.data)
    gRecvHost                                0x200001e0   Data         520  comm.o(.bss)
    gMotorCtrlQueue                          0x200003e8   Data           9  comm.o(.bss)
    gSecMotorCtrlQueue                       0x200003f1   Data           9  comm.o(.bss)
    mem1base                                 0x20000460   Data       51200  malloc.o(.bss)
    mem1mapbase                              0x2000cc60   Data        3200  malloc.o(.bss)
    WG_Rx_Str                                0x2000d8e0   Data          16  bsp_wiegand.o(.bss)
    gSensorValue                             0x2000f5a0   Data          56  bsp_sensor.o(.bss)
    xQueueRegistry                           0x2000f5d8   Data          64  queue.o(.bss)
    __libspace_start                         0x2001c2c4   Data          96  libspace.o(.bss)
    __temporary_stack_top$libspace           0x2001c324   Data           0  libspace.o(.bss)
    mem2base                                 0x68000000   Data        1024  malloc.o(.ARM.__AT_0x68000000)
    mem2mapbase                              0x68000400   Data          64  malloc.o(.ARM.__AT_0x68000400)



==============================================================================

Memory Map of the image

  Image Entry point : 0x08010189

  Load Region LR_IROM1 (Base: 0x08010000, Size: 0x0000d6e0, Max: 0x000f0000, ABSOLUTE, COMPRESSED[0x0000d584])

    Execution Region ER_IROM1 (Exec base: 0x08010000, Load base: 0x08010000, Size: 0x0000d500, Max: 0x000f0000, ABSOLUTE)

    Exec Addr    Load Addr    Size         Type   Attr      Idx    E Section Name        Object

    0x08010000   0x08010000   0x00000188   Data   RO         4991    RESET               startup_stm32f40_41xxx.o
    0x08010188   0x08010188   0x00000008   Code   RO         6753  * !!!main             c_w.l(__main.o)
    0x08010190   0x08010190   0x00000034   Code   RO         7165    !!!scatter          c_w.l(__scatter.o)
    0x080101c4   0x080101c4   0x0000005a   Code   RO         7163    !!dczerorl2         c_w.l(__dczerorl2.o)
    0x0801021e   0x0801021e   0x00000002   PAD
    0x08010220   0x08010220   0x0000001c   Code   RO         7167    !!handler_zi        c_w.l(__scatter_zi.o)
    0x0801023c   0x0801023c   0x00000000   Code   RO         6718    .ARM.Collect$$_printf_percent$$00000000  c_w.l(_printf_percent.o)
    0x0801023c   0x0801023c   0x00000006   Code   RO         6824    .ARM.Collect$$_printf_percent$$00000001  c_w.l(_printf_n.o)
    0x08010242   0x08010242   0x00000006   Code   RO         6825    .ARM.Collect$$_printf_percent$$00000002  c_w.l(_printf_p.o)
    0x08010248   0x08010248   0x00000006   Code   RO         6827    .ARM.Collect$$_printf_percent$$00000003  c_w.l(_printf_f.o)
    0x0801024e   0x0801024e   0x00000006   Code   RO         6828    .ARM.Collect$$_printf_percent$$00000004  c_w.l(_printf_e.o)
    0x08010254   0x08010254   0x00000006   Code   RO         6717    .ARM.Collect$$_printf_percent$$00000005  c_w.l(_printf_g.o)
    0x0801025a   0x0801025a   0x00000006   Code   RO         6829    .ARM.Collect$$_printf_percent$$00000006  c_w.l(_printf_a.o)
    0x08010260   0x08010260   0x0000000a   Code   RO         6834    .ARM.Collect$$_printf_percent$$00000007  c_w.l(_printf_ll.o)
    0x0801026a   0x0801026a   0x00000006   Code   RO         6714    .ARM.Collect$$_printf_percent$$00000008  c_w.l(_printf_i.o)
    0x08010270   0x08010270   0x00000006   Code   RO         6715    .ARM.Collect$$_printf_percent$$00000009  c_w.l(_printf_d.o)
    0x08010276   0x08010276   0x00000006   Code   RO         6716    .ARM.Collect$$_printf_percent$$0000000A  c_w.l(_printf_u.o)
    0x0801027c   0x0801027c   0x00000006   Code   RO         6826    .ARM.Collect$$_printf_percent$$0000000B  c_w.l(_printf_o.o)
    0x08010282   0x08010282   0x00000006   Code   RO         6713    .ARM.Collect$$_printf_percent$$0000000C  c_w.l(_printf_x.o)
    0x08010288   0x08010288   0x00000006   Code   RO         6831    .ARM.Collect$$_printf_percent$$0000000D  c_w.l(_printf_lli.o)
    0x0801028e   0x0801028e   0x00000006   Code   RO         6832    .ARM.Collect$$_printf_percent$$0000000E  c_w.l(_printf_lld.o)
    0x08010294   0x08010294   0x00000006   Code   RO         6833    .ARM.Collect$$_printf_percent$$0000000F  c_w.l(_printf_llu.o)
    0x0801029a   0x0801029a   0x00000006   Code   RO         6838    .ARM.Collect$$_printf_percent$$00000010  c_w.l(_printf_llo.o)
    0x080102a0   0x080102a0   0x00000006   Code   RO         6839    .ARM.Collect$$_printf_percent$$00000011  c_w.l(_printf_llx.o)
    0x080102a6   0x080102a6   0x0000000a   Code   RO         6835    .ARM.Collect$$_printf_percent$$00000012  c_w.l(_printf_l.o)
    0x080102b0   0x080102b0   0x00000006   Code   RO         6711    .ARM.Collect$$_printf_percent$$00000013  c_w.l(_printf_c.o)
    0x080102b6   0x080102b6   0x00000006   Code   RO         6712    .ARM.Collect$$_printf_percent$$00000014  c_w.l(_printf_s.o)
    0x080102bc   0x080102bc   0x00000006   Code   RO         6836    .ARM.Collect$$_printf_percent$$00000015  c_w.l(_printf_lc.o)
    0x080102c2   0x080102c2   0x00000006   Code   RO         6837    .ARM.Collect$$_printf_percent$$00000016  c_w.l(_printf_ls.o)
    0x080102c8   0x080102c8   0x00000004   Code   RO         6830    .ARM.Collect$$_printf_percent$$00000017  c_w.l(_printf_percent_end.o)
    0x080102cc   0x080102cc   0x00000002   Code   RO         6988    .ARM.Collect$$libinit$$00000000  c_w.l(libinit.o)
    0x080102ce   0x080102ce   0x00000004   Code   RO         6989    .ARM.Collect$$libinit$$00000001  c_w.l(libinit2.o)
    0x080102d2   0x080102d2   0x00000000   Code   RO         6992    .ARM.Collect$$libinit$$00000004  c_w.l(libinit2.o)
    0x080102d2   0x080102d2   0x00000000   Code   RO         6995    .ARM.Collect$$libinit$$0000000A  c_w.l(libinit2.o)
    0x080102d2   0x080102d2   0x00000000   Code   RO         6997    .ARM.Collect$$libinit$$0000000C  c_w.l(libinit2.o)
    0x080102d2   0x080102d2   0x00000000   Code   RO         6999    .ARM.Collect$$libinit$$0000000E  c_w.l(libinit2.o)
    0x080102d2   0x080102d2   0x00000006   Code   RO         7000    .ARM.Collect$$libinit$$0000000F  c_w.l(libinit2.o)
    0x080102d8   0x080102d8   0x00000000   Code   RO         7002    .ARM.Collect$$libinit$$00000011  c_w.l(libinit2.o)
    0x080102d8   0x080102d8   0x0000000c   Code   RO         7003    .ARM.Collect$$libinit$$00000012  c_w.l(libinit2.o)
    0x080102e4   0x080102e4   0x00000000   Code   RO         7004    .ARM.Collect$$libinit$$00000013  c_w.l(libinit2.o)
    0x080102e4   0x080102e4   0x00000000   Code   RO         7006    .ARM.Collect$$libinit$$00000015  c_w.l(libinit2.o)
    0x080102e4   0x080102e4   0x0000000a   Code   RO         7007    .ARM.Collect$$libinit$$00000016  c_w.l(libinit2.o)
    0x080102ee   0x080102ee   0x00000000   Code   RO         7008    .ARM.Collect$$libinit$$00000017  c_w.l(libinit2.o)
    0x080102ee   0x080102ee   0x00000000   Code   RO         7010    .ARM.Collect$$libinit$$00000019  c_w.l(libinit2.o)
    0x080102ee   0x080102ee   0x00000000   Code   RO         7012    .ARM.Collect$$libinit$$0000001B  c_w.l(libinit2.o)
    0x080102ee   0x080102ee   0x00000000   Code   RO         7014    .ARM.Collect$$libinit$$0000001D  c_w.l(libinit2.o)
    0x080102ee   0x080102ee   0x00000000   Code   RO         7016    .ARM.Collect$$libinit$$0000001F  c_w.l(libinit2.o)
    0x080102ee   0x080102ee   0x00000000   Code   RO         7018    .ARM.Collect$$libinit$$00000021  c_w.l(libinit2.o)
    0x080102ee   0x080102ee   0x00000000   Code   RO         7020    .ARM.Collect$$libinit$$00000023  c_w.l(libinit2.o)
    0x080102ee   0x080102ee   0x00000000   Code   RO         7022    .ARM.Collect$$libinit$$00000025  c_w.l(libinit2.o)
    0x080102ee   0x080102ee   0x00000000   Code   RO         7026    .ARM.Collect$$libinit$$0000002C  c_w.l(libinit2.o)
    0x080102ee   0x080102ee   0x00000000   Code   RO         7028    .ARM.Collect$$libinit$$0000002E  c_w.l(libinit2.o)
    0x080102ee   0x080102ee   0x00000000   Code   RO         7030    .ARM.Collect$$libinit$$00000030  c_w.l(libinit2.o)
    0x080102ee   0x080102ee   0x00000000   Code   RO         7032    .ARM.Collect$$libinit$$00000032  c_w.l(libinit2.o)
    0x080102ee   0x080102ee   0x00000002   Code   RO         7033    .ARM.Collect$$libinit$$00000033  c_w.l(libinit2.o)
    0x080102f0   0x080102f0   0x00000002   Code   RO         7034    .ARM.Collect$$libshutdown$$00000000  c_w.l(libshutdown.o)
    0x080102f2   0x080102f2   0x00000000   Code   RO         7048    .ARM.Collect$$libshutdown$$00000002  c_w.l(libshutdown2.o)
    0x080102f2   0x080102f2   0x00000000   Code   RO         7050    .ARM.Collect$$libshutdown$$00000004  c_w.l(libshutdown2.o)
    0x080102f2   0x080102f2   0x00000000   Code   RO         7053    .ARM.Collect$$libshutdown$$00000007  c_w.l(libshutdown2.o)
    0x080102f2   0x080102f2   0x00000000   Code   RO         7056    .ARM.Collect$$libshutdown$$0000000A  c_w.l(libshutdown2.o)
    0x080102f2   0x080102f2   0x00000000   Code   RO         7058    .ARM.Collect$$libshutdown$$0000000C  c_w.l(libshutdown2.o)
    0x080102f2   0x080102f2   0x00000000   Code   RO         7061    .ARM.Collect$$libshutdown$$0000000F  c_w.l(libshutdown2.o)
    0x080102f2   0x080102f2   0x00000002   Code   RO         7062    .ARM.Collect$$libshutdown$$00000010  c_w.l(libshutdown2.o)
    0x080102f4   0x080102f4   0x00000000   Code   RO         6785    .ARM.Collect$$rtentry$$00000000  c_w.l(__rtentry.o)
    0x080102f4   0x080102f4   0x00000000   Code   RO         6869    .ARM.Collect$$rtentry$$00000002  c_w.l(__rtentry2.o)
    0x080102f4   0x080102f4   0x00000006   Code   RO         6881    .ARM.Collect$$rtentry$$00000004  c_w.l(__rtentry4.o)
    0x080102fa   0x080102fa   0x00000000   Code   RO         6871    .ARM.Collect$$rtentry$$00000009  c_w.l(__rtentry2.o)
    0x080102fa   0x080102fa   0x00000004   Code   RO         6872    .ARM.Collect$$rtentry$$0000000A  c_w.l(__rtentry2.o)
    0x080102fe   0x080102fe   0x00000000   Code   RO         6874    .ARM.Collect$$rtentry$$0000000C  c_w.l(__rtentry2.o)
    0x080102fe   0x080102fe   0x00000008   Code   RO         6875    .ARM.Collect$$rtentry$$0000000D  c_w.l(__rtentry2.o)
    0x08010306   0x08010306   0x00000002   Code   RO         6786    .ARM.Collect$$rtexit$$00000000  c_w.l(rtexit.o)
    0x08010308   0x08010308   0x00000000   Code   RO         6884    .ARM.Collect$$rtexit$$00000002  c_w.l(rtexit2.o)
    0x08010308   0x08010308   0x00000004   Code   RO         6885    .ARM.Collect$$rtexit$$00000003  c_w.l(rtexit2.o)
    0x0801030c   0x0801030c   0x00000006   Code   RO         6886    .ARM.Collect$$rtexit$$00000004  c_w.l(rtexit2.o)
    0x08010312   0x08010312   0x00000002   PAD
    0x08010314   0x08010314   0x000000be   Code   RO         5972    .emb_text           port.o
    0x080103d2   0x080103d2   0x00000002   PAD
    0x080103d4   0x080103d4   0x00000040   Code   RO         4992    .text               startup_stm32f40_41xxx.o
    0x08010414   0x08010414   0x00000002   Code   RO         6646    .text               c_w.l(use_no_semi_2.o)
    0x08010416   0x08010416   0x0000001a   Code   RO         6648    .text               c_w.l(tolower.o)
    0x08010430   0x08010430   0x00000024   Code   RO         6650    .text               c_w.l(vsprintf.o)
    0x08010454   0x08010454   0x00000034   Code   RO         6652    .text               c_w.l(vsnprintf.o)
    0x08010488   0x08010488   0x00000018   Code   RO         6654    .text               c_w.l(__2printf.o)
    0x080104a0   0x080104a0   0x0000002c   Code   RO         6656    .text               c_w.l(__2sprintf.o)
    0x080104cc   0x080104cc   0x0000004e   Code   RO         6664    .text               c_w.l(_printf_pad.o)
    0x0801051a   0x0801051a   0x00000052   Code   RO         6666    .text               c_w.l(_printf_str.o)
    0x0801056c   0x0801056c   0x00000078   Code   RO         6668    .text               c_w.l(_printf_dec.o)
    0x080105e4   0x080105e4   0x00000094   Code   RO         6688    .text               c_w.l(_printf_hex_int_ll_ptr.o)
    0x08010678   0x08010678   0x00000188   Code   RO         6708    .text               c_w.l(__printf_flags_ss_wp.o)
    0x08010800   0x08010800   0x0000003c   Code   RO         6719    .text               c_w.l(__0sscanf.o)
    0x0801083c   0x0801083c   0x0000001a   Code   RO         6721    .text               c_w.l(atol.o)
    0x08010856   0x08010856   0x00000012   Code   RO         6723    .text               c_w.l(exit.o)
    0x08010868   0x08010868   0x00000048   Code   RO         6727    .text               c_w.l(strcpy.o)
    0x080108b0   0x080108b0   0x0000003e   Code   RO         6729    .text               c_w.l(strlen.o)
    0x080108ee   0x080108ee   0x00000096   Code   RO         6731    .text               c_w.l(strncmp.o)
    0x08010984   0x08010984   0x00000018   Code   RO         6733    .text               c_w.l(strcat.o)
    0x0801099c   0x0801099c   0x0000008a   Code   RO         6735    .text               c_w.l(rt_memcpy_v6.o)
    0x08010a26   0x08010a26   0x00000064   Code   RO         6737    .text               c_w.l(rt_memcpy_w.o)
    0x08010a8a   0x08010a8a   0x00000010   Code   RO         6741    .text               c_w.l(aeabi_memset.o)
    0x08010a9a   0x08010a9a   0x00000044   Code   RO         6743    .text               c_w.l(rt_memclr.o)
    0x08010ade   0x08010ade   0x0000004e   Code   RO         6745    .text               c_w.l(rt_memclr_w.o)
    0x08010b2c   0x08010b2c   0x00000056   Code   RO         6747    .text               c_w.l(strncpy.o)
    0x08010b82   0x08010b82   0x00000002   PAD
    0x08010b84   0x08010b84   0x00000080   Code   RO         6749    .text               c_w.l(strcmpv7m.o)
    0x08010c04   0x08010c04   0x00000006   Code   RO         6751    .text               c_w.l(heapauxi.o)
    0x08010c0a   0x08010c0a   0x00000002   Code   RO         6783    .text               c_w.l(use_no_semi.o)
    0x08010c0c   0x08010c0c   0x00000010   Code   RO         6788    .text               c_w.l(rt_ctype_table.o)
    0x08010c1c   0x08010c1c   0x00000008   Code   RO         6793    .text               c_w.l(rt_errno_addr_intlibspace.o)
    0x08010c24   0x08010c24   0x00000024   Code   RO         6795    .text               c_w.l(_printf_truncate.o)
    0x08010c48   0x08010c48   0x000000b2   Code   RO         6797    .text               c_w.l(_printf_intcommon.o)
    0x08010cfa   0x08010cfa   0x00000028   Code   RO         6799    .text               c_w.l(_printf_charcount.o)
    0x08010d22   0x08010d22   0x0000041e   Code   RO         6801    .text               c_w.l(_printf_fp_dec.o)
    0x08011140   0x08011140   0x00000030   Code   RO         6803    .text               c_w.l(_printf_char_common.o)
    0x08011170   0x08011170   0x0000000a   Code   RO         6805    .text               c_w.l(_sputc.o)
    0x0801117a   0x0801117a   0x00000010   Code   RO         6807    .text               c_w.l(_snputc.o)
    0x0801118a   0x0801118a   0x0000002c   Code   RO         6809    .text               c_w.l(_printf_char.o)
    0x080111b6   0x080111b6   0x00000002   PAD
    0x080111b8   0x080111b8   0x00000024   Code   RO         6811    .text               c_w.l(_printf_char_file.o)
    0x080111dc   0x080111dc   0x000000bc   Code   RO         6813    .text               c_w.l(_printf_wctomb.o)
    0x08011298   0x08011298   0x0000007c   Code   RO         6816    .text               c_w.l(_printf_longlong_dec.o)
    0x08011314   0x08011314   0x00000070   Code   RO         6822    .text               c_w.l(_printf_oct_int_ll.o)
    0x08011384   0x08011384   0x000004f8   Code   RO         6840    .text               c_w.l(scanf_fp.o)
    0x0801187c   0x0801187c   0x0000002c   Code   RO         6842    .text               c_w.l(scanf_char.o)
    0x080118a8   0x080118a8   0x00000040   Code   RO         6844    .text               c_w.l(_sgetc.o)
    0x080118e8   0x080118e8   0x000000a4   Code   RO         6846    .text               c_w.l(strtod.o)
    0x0801198c   0x0801198c   0x00000070   Code   RO         6848    .text               c_w.l(strtol.o)
    0x080119fc   0x080119fc   0x00000008   Code   RO         6865    .text               c_w.l(libspace.o)
    0x08011a04   0x08011a04   0x00000008   Code   RO         6893    .text               c_w.l(rt_locale_intlibspace.o)
    0x08011a0c   0x08011a0c   0x0000008a   Code   RO         6895    .text               c_w.l(lludiv10.o)
    0x08011a96   0x08011a96   0x00000012   Code   RO         6897    .text               c_w.l(isspace.o)
    0x08011aa8   0x08011aa8   0x000002fc   Code   RO         6899    .text               c_w.l(_printf_fp_hex.o)
    0x08011da4   0x08011da4   0x00000080   Code   RO         6902    .text               c_w.l(_printf_fp_infnan.o)
    0x08011e24   0x08011e24   0x0000002c   Code   RO         6906    .text               c_w.l(_printf_wchar.o)
    0x08011e50   0x08011e50   0x00000374   Code   RO         6908    .text               c_w.l(_scanf.o)
    0x080121c4   0x080121c4   0x0000009e   Code   RO         6910    .text               c_w.l(_strtoul.o)
    0x08012262   0x08012262   0x00000002   PAD
    0x08012264   0x08012264   0x000000e4   Code   RO         6912    .text               c_w.l(bigflt0.o)
    0x08012348   0x08012348   0x00000008   Code   RO         6937    .text               c_w.l(ferror.o)
    0x08012350   0x08012350   0x00000040   Code   RO         6941    .text               c_w.l(_wcrtomb.o)
    0x08012390   0x08012390   0x0000004a   Code   RO         6971    .text               c_w.l(sys_stackheap_outer.o)
    0x080123da   0x080123da   0x00000016   Code   RO         6973    .text               c_w.l(_rserrno.o)
    0x080123f0   0x080123f0   0x0000001c   Code   RO         6975    .text               c_w.l(_chval.o)
    0x0801240c   0x0801240c   0x00000320   Code   RO         6977    .text               c_w.l(scanf_hexfp.o)
    0x0801272c   0x0801272c   0x00000134   Code   RO         6979    .text               c_w.l(scanf_infnan.o)
    0x08012860   0x08012860   0x00000026   Code   RO         7043    .text               c_w.l(llshl.o)
    0x08012886   0x08012886   0x0000003e   Code   RO         6915    CL$$btod_d2e        c_w.l(btod.o)
    0x080128c4   0x080128c4   0x00000046   Code   RO         6917    CL$$btod_d2e_denorm_low  c_w.l(btod.o)
    0x0801290a   0x0801290a   0x00000060   Code   RO         6916    CL$$btod_d2e_norm_op1  c_w.l(btod.o)
    0x0801296a   0x0801296a   0x00000338   Code   RO         6925    CL$$btod_div_common  c_w.l(btod.o)
    0x08012ca2   0x08012ca2   0x00000002   PAD
    0x08012ca4   0x08012ca4   0x00000084   Code   RO         6923    CL$$btod_e2d        c_w.l(btod.o)
    0x08012d28   0x08012d28   0x000000dc   Code   RO         6922    CL$$btod_e2e        c_w.l(btod.o)
    0x08012e04   0x08012e04   0x0000002a   Code   RO         6919    CL$$btod_ediv       c_w.l(btod.o)
    0x08012e2e   0x08012e2e   0x0000002a   Code   RO         6921    CL$$btod_edivd      c_w.l(btod.o)
    0x08012e58   0x08012e58   0x0000002a   Code   RO         6918    CL$$btod_emul       c_w.l(btod.o)
    0x08012e82   0x08012e82   0x0000002a   Code   RO         6920    CL$$btod_emuld      c_w.l(btod.o)
    0x08012eac   0x08012eac   0x00000244   Code   RO         6924    CL$$btod_mult_common  c_w.l(btod.o)
    0x080130f0   0x080130f0   0x000000c8   Code   RO            3    i.AppObjCreate      main.o
    0x080131b8   0x080131b8   0x00000048   Code   RO            4    i.AppPrintf         main.o
    0x08013200   0x08013200   0x000001f4   Code   RO         2616    i.BSP_UartOpen      bsp_uart.o
    0x080133f4   0x080133f4   0x00000010   Code   RO         2617    i.BSP_UartRead      bsp_uart.o
    0x08013404   0x08013404   0x00000020   Code   RO         2618    i.BSP_UartSend      bsp_uart.o
    0x08013424   0x08013424   0x00000030   Code   RO         2619    i.BSP_UartTxIdleState  bsp_uart.o
    0x08013454   0x08013454   0x00000074   Code   RO         2620    i.BSP_UartWrite     bsp_uart.o
    0x080134c8   0x080134c8   0x00000002   Code   RO          367    i.BusFault_Handler  stm32f4xx_it.o
    0x080134ca   0x080134ca   0x00000002   PAD
    0x080134cc   0x080134cc   0x0000002c   Code   RO          718    i.CRC16_Modbus      tool.o
    0x080134f8   0x080134f8   0x00000038   Code   RO         2395    i.ComToUart         bsp_uart_fifo.o
    0x08013530   0x08013530   0x0000006c   Code   RO         2396    i.ConfigUartNVIC    bsp_uart_fifo.o
    0x0801359c   0x0801359c   0x00000024   Code   RO          795    i.CreateBarCodeTask  barcode_task.o
    0x080135c0   0x080135c0   0x00000024   Code   RO          854    i.CreateHandShakeTask  handshake_task.o
    0x080135e4   0x080135e4   0x00000024   Code   RO         1119    i.CreateKeyTask     key_task.o
    0x08013608   0x08013608   0x00000024   Code   RO          892    i.CreateLedTask     led_task.o
    0x0801362c   0x0801362c   0x00000024   Code   RO          929    i.CreateMotorCtrlSecDoorTask  motorctrl_secdoor_task.o
    0x08013650   0x08013650   0x00000024   Code   RO          958    i.CreateMotorCtrlTask  motorctrl_task.o
    0x08013674   0x08013674   0x00000024   Code   RO          990    i.CreateMsgParseTask  msgparse_task.o
    0x08013698   0x08013698   0x00000024   Code   RO         1022    i.CreateReaderTask  reader_task.o
    0x080136bc   0x080136bc   0x00000024   Code   RO         1055    i.CreateSensorTask  sensor_task.o
    0x080136e0   0x080136e0   0x00000024   Code   RO         1087    i.CreateWatchDogTask  watchdog_task.o
    0x08013704   0x08013704   0x0000002c   Code   RO         4497    i.DMA_ClearFlag     stm32f4xx_dma.o
    0x08013730   0x08013730   0x00000014   Code   RO         4499    i.DMA_Cmd           stm32f4xx_dma.o
    0x08013744   0x08013744   0x00000124   Code   RO         4500    i.DMA_DeInit        stm32f4xx_dma.o
    0x08013868   0x08013868   0x00000014   Code   RO         4503    i.DMA_FlowControllerConfig  stm32f4xx_dma.o
    0x0801387c   0x0801387c   0x00000006   Code   RO         4505    i.DMA_GetCurrDataCounter  stm32f4xx_dma.o
    0x08013882   0x08013882   0x00000008   Code   RO         4507    i.DMA_GetFIFOStatus  stm32f4xx_dma.o
    0x0801388a   0x0801388a   0x00000002   PAD
    0x0801388c   0x0801388c   0x00000054   Code   RO         4511    i.DMA_Init          stm32f4xx_dma.o
    0x080138e0   0x080138e0   0x00000004   Code   RO         4514    i.DMA_SetCurrDataCounter  stm32f4xx_dma.o
    0x080138e4   0x080138e4   0x00000022   Code   RO         4515    i.DMA_StructInit    stm32f4xx_dma.o
    0x08013906   0x08013906   0x00000002   Code   RO          368    i.DebugMon_Handler  stm32f4xx_it.o
    0x08013908   0x08013908   0x0000005c   Code   RO         2338    i.EXTI15_10_IRQHandler  bsp_wiegand.o
    0x08013964   0x08013964   0x0000000c   Code   RO         4930    i.EXTI_ClearITPendingBit  stm32f4xx_exti.o
    0x08013970   0x08013970   0x00000014   Code   RO         4934    i.EXTI_GetITStatus  stm32f4xx_exti.o
    0x08013984   0x08013984   0x00000070   Code   RO         4935    i.EXTI_Init         stm32f4xx_exti.o
    0x080139f4   0x080139f4   0x0000000c   Code   RO         4625    i.FLASH_ClearFlag   stm32f4xx_flash.o
    0x08013a00   0x08013a00   0x00000024   Code   RO         4663    i.FLASH_Unlock      stm32f4xx_flash.o
    0x08013a24   0x08013a24   0x00000078   Code   RO         2825    i.GPIO_Init         stm32f4xx_gpio.o
    0x08013a9c   0x08013a9c   0x00000020   Code   RO         2826    i.GPIO_PinAFConfig  stm32f4xx_gpio.o
    0x08013abc   0x08013abc   0x0000000e   Code   RO         2829    i.GPIO_ReadInputDataBit  stm32f4xx_gpio.o
    0x08013aca   0x08013aca   0x00000004   Code   RO         2832    i.GPIO_ResetBits    stm32f4xx_gpio.o
    0x08013ace   0x08013ace   0x00000004   Code   RO         2833    i.GPIO_SetBits      stm32f4xx_gpio.o
    0x08013ad2   0x08013ad2   0x00000002   PAD
    0x08013ad4   0x08013ad4   0x00000068   Code   RO          578    i.GetDevSn          devinfo.o
    0x08013b3c   0x08013b3c   0x0000004c   Code   RO          369    i.HardFault_Handler  stm32f4xx_it.o
    0x08013b88   0x08013b88   0x00000010   Code   RO         4879    i.IWDG_Enable       stm32f4xx_iwdg.o
    0x08013b98   0x08013b98   0x00000004   Code   RO         2312    i.IWDG_Feed         bsp_iwdg.o
    0x08013b9c   0x08013b9c   0x00000010   Code   RO         4881    i.IWDG_ReloadCounter  stm32f4xx_iwdg.o
    0x08013bac   0x08013bac   0x0000000c   Code   RO         4882    i.IWDG_SetPrescaler  stm32f4xx_iwdg.o
    0x08013bb8   0x08013bb8   0x0000000c   Code   RO         4883    i.IWDG_SetReload    stm32f4xx_iwdg.o
    0x08013bc4   0x08013bc4   0x0000000c   Code   RO         4884    i.IWDG_WriteAccessCmd  stm32f4xx_iwdg.o
    0x08013bd0   0x08013bd0   0x00000284   Code   RO         2397    i.InitHardUart      bsp_uart_fifo.o
    0x08013e54   0x08013e54   0x00000002   Code   RO          370    i.MemManage_Handler  stm32f4xx_it.o
    0x08013e56   0x08013e56   0x00000002   Code   RO          371    i.NMI_Handler       stm32f4xx_it.o
    0x08013e58   0x08013e58   0x00000064   Code   RO         2780    i.NVIC_Init         misc.o
    0x08013ebc   0x08013ebc   0x00000014   Code   RO         2781    i.NVIC_PriorityGroupConfig  misc.o
    0x08013ed0   0x08013ed0   0x00000018   Code   RO          719    i.Nonzero           tool.o
    0x08013ee8   0x08013ee8   0x00000184   Code   RO         1226    i.ParseDevParam     ini.o
    0x0801406c   0x0801406c   0x00000024   Code   RO         2688    i.QUEUE_PacketCreate  uartqueue.o
    0x08014090   0x08014090   0x00000062   Code   RO         2691    i.QUEUE_PacketIn    uartqueue.o
    0x080140f2   0x080140f2   0x00000058   Code   RO         2692    i.QUEUE_PacketOut   uartqueue.o
    0x0801414a   0x0801414a   0x00000002   PAD
    0x0801414c   0x0801414c   0x00000018   Code   RO         3146    i.RCC_AHB1PeriphClockCmd  stm32f4xx_rcc.o
    0x08014164   0x08014164   0x00000018   Code   RO         3155    i.RCC_APB1PeriphClockCmd  stm32f4xx_rcc.o
    0x0801417c   0x0801417c   0x00000018   Code   RO         3157    i.RCC_APB1PeriphResetCmd  stm32f4xx_rcc.o
    0x08014194   0x08014194   0x00000018   Code   RO         3158    i.RCC_APB2PeriphClockCmd  stm32f4xx_rcc.o
    0x080141ac   0x080141ac   0x00000018   Code   RO         3160    i.RCC_APB2PeriphResetCmd  stm32f4xx_rcc.o
    0x080141c4   0x080141c4   0x00000010   Code   RO         3163    i.RCC_ClearFlag     stm32f4xx_rcc.o
    0x080141d4   0x080141d4   0x00000090   Code   RO         3167    i.RCC_GetClocksFreq  stm32f4xx_rcc.o
    0x08014264   0x08014264   0x00000034   Code   RO         3168    i.RCC_GetFlagStatus  stm32f4xx_rcc.o
    0x08014298   0x08014298   0x0000000c   Code   RO         3178    i.RCC_LSICmd        stm32f4xx_rcc.o
    0x080142a4   0x080142a4   0x00000058   Code   RO         2398    i.RS485_InitTXE     bsp_uart_fifo.o
    0x080142fc   0x080142fc   0x00000002   Code   RO         2399    i.RS485_ReciveNew   bsp_uart_fifo.o
    0x080142fe   0x080142fe   0x00000034   Code   RO         2400    i.RS485_Recv        bsp_uart_fifo.o
    0x08014332   0x08014332   0x00000002   PAD
    0x08014334   0x08014334   0x00000018   Code   RO         2401    i.RS485_SendBefor   bsp_uart_fifo.o
    0x0801434c   0x0801434c   0x00000004   Code   RO         2402    i.RS485_SendBuf     bsp_uart_fifo.o
    0x08014350   0x08014350   0x00000018   Code   RO         2403    i.RS485_SendOver    bsp_uart_fifo.o
    0x08014368   0x08014368   0x00000014   Code   RO         3791    i.SPI_CalculateCRC  stm32f4xx_spi.o
    0x0801437c   0x0801437c   0x00000014   Code   RO         3792    i.SPI_Cmd           stm32f4xx_spi.o
    0x08014390   0x08014390   0x00000084   Code   RO         3799    i.SPI_I2S_DeInit    stm32f4xx_spi.o
    0x08014414   0x08014414   0x0000000e   Code   RO         3800    i.SPI_I2S_GetFlagStatus  stm32f4xx_spi.o
    0x08014422   0x08014422   0x00000004   Code   RO         3803    i.SPI_I2S_ReceiveData  stm32f4xx_spi.o
    0x08014426   0x08014426   0x00000004   Code   RO         3804    i.SPI_I2S_SendData  stm32f4xx_spi.o
    0x0801442a   0x0801442a   0x00000038   Code   RO         3805    i.SPI_Init          stm32f4xx_spi.o
    0x08014462   0x08014462   0x00000010   Code   RO         1292    i.STM_FLASH_Init    stmflash.o
    0x08014472   0x08014472   0x00000002   PAD
    0x08014474   0x08014474   0x00000030   Code   RO         3483    i.SYSCFG_EXTILineConfig  stm32f4xx_syscfg.o
    0x080144a4   0x080144a4   0x00000078   Code   RO         1230    i.SaveICParam       ini.o
    0x0801451c   0x0801451c   0x00000224   Code   RO         1231    i.SaveQRParam       ini.o
    0x08014740   0x08014740   0x000000d8   Code   RO          457    i.SendAsciiCodeToHost  comm.o
    0x08014818   0x08014818   0x000000b4   Code   RO          420    i.SetSysClock       system_stm32f4xx.o
    0x080148cc   0x080148cc   0x00000018   Code   RO         2784    i.SysTick_CLKSourceConfig  misc.o
    0x080148e4   0x080148e4   0x00000014   Code   RO         1156    i.SysTick_Handler   delay.o
    0x080148f8   0x080148f8   0x0000005c   Code   RO          422    i.SystemInit        system_stm32f4xx.o
    0x08014954   0x08014954   0x00000094   Code   RO         1232    i.SystemUpdate      ini.o
    0x080149e8   0x080149e8   0x00000048   Code   RO         2241    i.TIM6_DAC_IRQHandler  bsp_time.o
    0x08014a30   0x08014a30   0x00000014   Code   RO         3952    i.TIM_ARRPreloadConfig  stm32f4xx_tim.o
    0x08014a44   0x08014a44   0x00000006   Code   RO         3959    i.TIM_ClearITPendingBit  stm32f4xx_tim.o
    0x08014a4a   0x08014a4a   0x00000014   Code   RO         3964    i.TIM_Cmd           stm32f4xx_tim.o
    0x08014a5e   0x08014a5e   0x00000018   Code   RO         3985    i.TIM_GetITStatus   stm32f4xx_tim.o
    0x08014a76   0x08014a76   0x00000010   Code   RO         3989    i.TIM_ITConfig      stm32f4xx_tim.o
    0x08014a86   0x08014a86   0x00000002   PAD
    0x08014a88   0x08014a88   0x0000007c   Code   RO         4036    i.TIM_TimeBaseInit  stm32f4xx_tim.o
    0x08014b04   0x08014b04   0x00000014   Code   RO         2406    i.UART4_IRQHandler  bsp_uart_fifo.o
    0x08014b18   0x08014b18   0x00000014   Code   RO         2407    i.UART5_IRQHandler  bsp_uart_fifo.o
    0x08014b2c   0x08014b2c   0x00000006   Code   RO         2621    i.USART1_IRQHandler  bsp_uart.o
    0x08014b32   0x08014b32   0x00000002   PAD
    0x08014b34   0x08014b34   0x0000000c   Code   RO         2408    i.USART2_IRQHandler  bsp_uart_fifo.o
    0x08014b40   0x08014b40   0x0000000c   Code   RO         2409    i.USART3_IRQHandler  bsp_uart_fifo.o
    0x08014b4c   0x08014b4c   0x00000006   Code   RO         3536    i.USART_ClearFlag   stm32f4xx_usart.o
    0x08014b52   0x08014b52   0x00000014   Code   RO         3540    i.USART_Cmd         stm32f4xx_usart.o
    0x08014b66   0x08014b66   0x00000010   Code   RO         3541    i.USART_DMACmd      stm32f4xx_usart.o
    0x08014b76   0x08014b76   0x00000002   PAD
    0x08014b78   0x08014b78   0x000000ac   Code   RO         3542    i.USART_DeInit      stm32f4xx_usart.o
    0x08014c24   0x08014c24   0x0000000e   Code   RO         3543    i.USART_GetFlagStatus  stm32f4xx_usart.o
    0x08014c32   0x08014c32   0x0000003e   Code   RO         3544    i.USART_GetITStatus  stm32f4xx_usart.o
    0x08014c70   0x08014c70   0x00000030   Code   RO         3546    i.USART_ITConfig    stm32f4xx_usart.o
    0x08014ca0   0x08014ca0   0x000000ac   Code   RO         3547    i.USART_Init        stm32f4xx_usart.o
    0x08014d4c   0x08014d4c   0x00000008   Code   RO         3554    i.USART_ReceiveData  stm32f4xx_usart.o
    0x08014d54   0x08014d54   0x00000008   Code   RO         3557    i.USART_SendData    stm32f4xx_usart.o
    0x08014d5c   0x08014d5c   0x00000016   Code   RO         3563    i.USART_StructInit  stm32f4xx_usart.o
    0x08014d72   0x08014d72   0x00000042   Code   RO         2411    i.UartGetChar       bsp_uart_fifo.o
    0x08014db4   0x08014db4   0x000000c0   Code   RO         2412    i.UartIRQ           bsp_uart_fifo.o
    0x08014e74   0x08014e74   0x0000007e   Code   RO         2413    i.UartSend          bsp_uart_fifo.o
    0x08014ef2   0x08014ef2   0x00000002   PAD
    0x08014ef4   0x08014ef4   0x000000d8   Code   RO         2414    i.UartVarInit       bsp_uart_fifo.o
    0x08014fcc   0x08014fcc   0x00000002   Code   RO          372    i.UsageFault_Handler  stm32f4xx_it.o
    0x08014fce   0x08014fce   0x00000002   PAD
    0x08014fd0   0x08014fd0   0x000000c0   Code   RO         2339    i.WG_Rx_Pro         bsp_wiegand.o
    0x08015090   0x08015090   0x00000070   Code   RO         2340    i.WeigenInD0        bsp_wiegand.o
    0x08015100   0x08015100   0x00000070   Code   RO         2341    i.WeigenInD1        bsp_wiegand.o
    0x08015170   0x08015170   0x00000038   Code   RO         2622    i._IRQHandler       bsp_uart.o
    0x080151a8   0x080151a8   0x00000030   Code   RO         6961    i.__ARM_fpclassify  m_wm.l(fpclassify.o)
    0x080151d8   0x080151d8   0x000000f8   Code   RO         6963    i.__hardfp___mathlib_tofloat  m_wm.l(narrow.o)
    0x080152d0   0x080152d0   0x000000d0   Code   RO         7069    i.__hardfp_ldexp    m_wm.l(ldexp.o)
    0x080153a0   0x080153a0   0x00000028   Code   RO         6777    i.__hardfp_strtod   m_wm.l(strtod.o)
    0x080153c8   0x080153c8   0x00000020   Code   RO         7095    i.__mathlib_dbl_overflow  m_wm.l(dunder.o)
    0x080153e8   0x080153e8   0x00000020   Code   RO         7097    i.__mathlib_dbl_underflow  m_wm.l(dunder.o)
    0x08015408   0x08015408   0x00000012   Code   RO         6964    i.__mathlib_narrow  m_wm.l(narrow.o)
    0x0801541a   0x0801541a   0x00000014   Code   RO         7071    i.__support_ldexp   m_wm.l(ldexp.o)
    0x0801542e   0x0801542e   0x0000000e   Code   RO         6701    i._is_digit         c_w.l(__printf_wp.o)
    0x0801543c   0x0801543c   0x00000002   Code   RO         2415    i._sys_exit         bsp_uart_fifo.o
    0x0801543e   0x0801543e   0x00000002   PAD
    0x08015440   0x08015440   0x00000164   Code   RO         6100    i.aai_write         sfud.o
    0x080155a4   0x080155a4   0x00000022   Code   RO         1337    i.add_item_to_array  cjson.o
    0x080155c6   0x080155c6   0x00000056   Code   RO         1338    i.add_item_to_object  cjson.o
    0x0801561c   0x0801561c   0x0000001e   Code   RO         6406    i.align_write       ef_env.o
    0x0801563a   0x0801563a   0x00000002   PAD
    0x0801563c   0x0801563c   0x00000074   Code   RO         6407    i.alloc_env         ef_env.o
    0x080156b0   0x080156b0   0x0000002c   Code   RO         6408    i.alloc_env_cb      ef_env.o
    0x080156dc   0x080156dc   0x00000054   Code   RO          720    i.asc2bcd           tool.o
    0x08015730   0x08015730   0x0000003c   Code   RO          721    i.bcd2asc           tool.o
    0x0801576c   0x0801576c   0x00000054   Code   RO         2203    i.bsp_Ex_LED_Init   bsp_led.o
    0x080157c0   0x080157c0   0x000000d8   Code   RO         2204    i.bsp_Ex_SetLed     bsp_led.o
    0x08015898   0x08015898   0x00000060   Code   RO         2742    i.bsp_GetSensorValue  bsp_sensor.o
    0x080158f8   0x080158f8   0x00000050   Code   RO         2279    i.bsp_Init          bsp.o
    0x08015948   0x08015948   0x00000040   Code   RO         2313    i.bsp_InitIwdg      bsp_iwdg.o
    0x08015988   0x08015988   0x00000016   Code   RO         2416    i.bsp_InitUart      bsp_uart_fifo.o
    0x0801599e   0x0801599e   0x00000002   PAD
    0x080159a0   0x080159a0   0x00000098   Code   RO         2205    i.bsp_LED_Init      bsp_led.o
    0x08015a38   0x08015a38   0x00000078   Code   RO         2242    i.bsp_TIM6_Init     bsp_time.o
    0x08015ab0   0x08015ab0   0x00000048   Code   RO         2243    i.bsp_TimeSysTickHandler  bsp_time.o
    0x08015af8   0x08015af8   0x0000008c   Code   RO         2342    i.bsp_WeiGenScanf   bsp_wiegand.o
    0x08015b84   0x08015b84   0x0000007c   Code   RO         2343    i.bsp_WiegandInit   bsp_wiegand.o
    0x08015c00   0x08015c00   0x0000003c   Code   RO         2030    i.bsp_beep_init     bsp_beep.o
    0x08015c3c   0x08015c3c   0x0000004c   Code   RO         2176    i.bsp_key_Init      bsp_key.o
    0x08015c88   0x08015c88   0x00000094   Code   RO         2177    i.bsp_key_Scan      bsp_key.o
    0x08015d1c   0x08015d1c   0x0000008c   Code   RO         2743    i.bsp_sensor_init   bsp_sensor.o
    0x08015da8   0x08015da8   0x0000017c   Code   RO         2744    i.bsp_sensor_scan   bsp_sensor.o
    0x08015f24   0x08015f24   0x0000003c   Code   RO         2206    i.bsp_speaker_init  bsp_led.o
    0x08015f60   0x08015f60   0x0000002c   Code   RO         1339    i.buffer_skip_whitespace  cjson.o
    0x08015f8c   0x08015f8c   0x00000014   Code   RO         1346    i.cJSON_AddItemToObject  cjson.o
    0x08015fa0   0x08015fa0   0x00000030   Code   RO         1349    i.cJSON_AddNumberToObject  cjson.o
    0x08015fd0   0x08015fd0   0x00000030   Code   RO         1352    i.cJSON_AddStringToObject  cjson.o
    0x08016000   0x08016000   0x00000078   Code   RO         1363    i.cJSON_CreateNumber  cjson.o
    0x08016078   0x08016078   0x00000018   Code   RO         1364    i.cJSON_CreateObject  cjson.o
    0x08016090   0x08016090   0x00000030   Code   RO         1367    i.cJSON_CreateString  cjson.o
    0x080160c0   0x080160c0   0x00000048   Code   RO         1371    i.cJSON_Delete      cjson.o
    0x08016108   0x08016108   0x00000010   Code   RO         1382    i.cJSON_GetErrorPtr  cjson.o
    0x08016118   0x08016118   0x00000006   Code   RO         1383    i.cJSON_GetObjectItem  cjson.o
    0x0801611e   0x0801611e   0x00000016   Code   RO         1400    i.cJSON_New_Item    cjson.o
    0x08016134   0x08016134   0x00000008   Code   RO         1401    i.cJSON_Parse       cjson.o
    0x0801613c   0x0801613c   0x000000e4   Code   RO         1402    i.cJSON_ParseWithOpts  cjson.o
    0x08016220   0x08016220   0x0000000c   Code   RO         1406    i.cJSON_PrintUnformatted  cjson.o
    0x0801622c   0x0801622c   0x00000028   Code   RO         1415    i.cJSON_strdup      cjson.o
    0x08016254   0x08016254   0x00000044   Code   RO         6409    i.check_and_recovery_env_cb  ef_env.o
    0x08016298   0x08016298   0x00000074   Code   RO         6410    i.check_sec_hdr_cb  ef_env.o
    0x0801630c   0x0801630c   0x00000014   Code   RO         2417    i.comClearRxFifo    bsp_uart_fifo.o
    0x08016320   0x08016320   0x00000032   Code   RO         2421    i.comRecvBuff       bsp_uart_fifo.o
    0x08016352   0x08016352   0x00000024   Code   RO         2422    i.comSendBuf        bsp_uart_fifo.o
    0x08016376   0x08016376   0x00000002   PAD
    0x08016378   0x08016378   0x00000190   Code   RO         6411    i.create_env_blob   ef_env.o
    0x08016508   0x08016508   0x00000054   Code   RO          722    i.dbg               tool.o
    0x0801655c   0x0801655c   0x0000004c   Code   RO          723    i.dbh               tool.o
    0x080165a8   0x080165a8   0x0000014c   Code   RO          458    i.deal_Serial_Parse  comm.o
    0x080166f4   0x080166f4   0x00000164   Code   RO          459    i.deal_rx_data      comm.o
    0x08016858   0x08016858   0x00000060   Code   RO         6412    i.del_env           ef_env.o
    0x080168b8   0x080168b8   0x00000038   Code   RO         1157    i.delay_init        delay.o
    0x080168f0   0x080168f0   0x00000038   Code   RO         1158    i.delay_ms          delay.o
    0x08016928   0x08016928   0x00000034   Code   RO         1159    i.delay_us          delay.o
    0x0801695c   0x0801695c   0x00000064   Code   RO         6413    i.do_gc             ef_env.o
    0x080169c0   0x080169c0   0x00000074   Code   RO         5477    i.eTaskGetState     tasks.o
    0x08016a34   0x08016a34   0x00000090   Code   RO         6300    i.easyflash_init    easyflash.o
    0x08016ac4   0x08016ac4   0x00000024   Code   RO         6313    i.ef_calc_crc32     ef_utils.o
    0x08016ae8   0x08016ae8   0x0000002c   Code   RO         6416    i.ef_env_init       ef_env.o
    0x08016b14   0x08016b14   0x00000088   Code   RO         6417    i.ef_env_set_default  ef_env.o
    0x08016b9c   0x08016b9c   0x00000074   Code   RO         6418    i.ef_get_env        ef_env.o
    0x08016c10   0x08016c10   0x00000074   Code   RO         6419    i.ef_get_env_blob   ef_env.o
    0x08016c84   0x08016c84   0x0000001a   Code   RO         6420    i.ef_is_str         ef_env.o
    0x08016c9e   0x08016c9e   0x00000002   PAD
    0x08016ca0   0x08016ca0   0x0000004c   Code   RO         6421    i.ef_load_env       ef_env.o
    0x08016cec   0x08016cec   0x00000040   Code   RO         6330    i.ef_log_info       ef_port.o
    0x08016d2c   0x08016d2c   0x00000004   Code   RO         6331    i.ef_port_env_lock  ef_port.o
    0x08016d30   0x08016d30   0x00000004   Code   RO         6332    i.ef_port_env_unlock  ef_port.o
    0x08016d34   0x08016d34   0x00000022   Code   RO         6333    i.ef_port_erase     ef_port.o
    0x08016d56   0x08016d56   0x00000002   PAD
    0x08016d58   0x08016d58   0x00000018   Code   RO         6334    i.ef_port_init      ef_port.o
    0x08016d70   0x08016d70   0x00000020   Code   RO         6335    i.ef_port_read      ef_port.o
    0x08016d90   0x08016d90   0x00000024   Code   RO         6336    i.ef_port_write     ef_port.o
    0x08016db4   0x08016db4   0x00000024   Code   RO         6337    i.ef_print          ef_port.o
    0x08016dd8   0x08016dd8   0x0000001a   Code   RO         6425    i.ef_set_env        ef_env.o
    0x08016df2   0x08016df2   0x00000002   PAD
    0x08016df4   0x08016df4   0x00000050   Code   RO         6426    i.ef_set_env_blob   ef_env.o
    0x08016e44   0x08016e44   0x0000008a   Code   RO         1417    i.ensure            cjson.o
    0x08016ece   0x08016ece   0x00000062   Code   RO         6427    i.env_iterator      ef_env.o
    0x08016f30   0x08016f30   0x00000020   Code   RO         6428    i.find_env          ef_env.o
    0x08016f50   0x08016f50   0x00000038   Code   RO         6429    i.find_env_cb       ef_env.o
    0x08016f88   0x08016f88   0x00000058   Code   RO         6430    i.format_sector     ef_env.o
    0x08016fe0   0x08016fe0   0x00000024   Code   RO         2426    i.fputc             bsp_uart_fifo.o
    0x08017004   0x08017004   0x00000004   PAD
    0x08017008   0x08017008   0x0000008c   Code   RO         7039    i.frexp             m_wm.l(frexp.o)
    0x08017094   0x08017094   0x0000000e   Code   RO         6431    i.gc_check_cb       ef_env.o
    0x080170a2   0x080170a2   0x00000002   PAD
    0x080170a4   0x080170a4   0x00000048   Code   RO         6432    i.gc_collect        ef_env.o
    0x080170ec   0x080170ec   0x00000040   Code   RO         6433    i.get_next_env_addr  ef_env.o
    0x0801712c   0x0801712c   0x00000034   Code   RO         6434    i.get_next_sector_addr  ef_env.o
    0x08017160   0x08017160   0x0000007a   Code   RO         1419    i.get_object_item   cjson.o
    0x080171da   0x080171da   0x00000028   Code   RO         6435    i.get_status        ef_env.o
    0x08017202   0x08017202   0x00000002   PAD
    0x08017204   0x08017204   0x0000008c   Code   RO         6244    i.gpio_configuration  sfud_port.o
    0x08017290   0x08017290   0x00000228   Code   RO         6101    i.hardware_init     sfud.o
    0x080174b8   0x080174b8   0x00000018   Code   RO          460    i.init_serial_boot  comm.o
    0x080174d0   0x080174d0   0x00000040   Code   RO          724    i.int2Str           tool.o
    0x08017510   0x08017510   0x0000003a   Code   RO            5    i.main              main.o
    0x0801754a   0x0801754a   0x0000002a   Code   RO         6102    i.make_adress_byte_array  sfud.o
    0x08017574   0x08017574   0x00000038   Code   RO         1932    i.mem_perused       malloc.o
    0x080175ac   0x080175ac   0x000000bc   Code   RO         6436    i.move_env          ef_env.o
    0x08017668   0x08017668   0x00000008   Code   RO         1933    i.my_free           malloc.o
    0x08017670   0x08017670   0x00000008   Code   RO         1934    i.my_malloc         malloc.o
    0x08017678   0x08017678   0x0000000a   Code   RO         1935    i.my_realloc        malloc.o
    0x08017682   0x08017682   0x00000002   PAD
    0x08017684   0x08017684   0x00000018   Code   RO         1936    i.myfree            malloc.o
    0x0801769c   0x0801769c   0x00000020   Code   RO         1937    i.mymalloc          malloc.o
    0x080176bc   0x080176bc   0x00000058   Code   RO         1938    i.mymem_free        malloc.o
    0x08017714   0x08017714   0x0000003c   Code   RO         1939    i.mymem_init        malloc.o
    0x08017750   0x08017750   0x00000090   Code   RO         1940    i.mymem_malloc      malloc.o
    0x080177e0   0x080177e0   0x00000010   Code   RO         1941    i.mymemcpy          malloc.o
    0x080177f0   0x080177f0   0x0000000c   Code   RO         1942    i.mymemset          malloc.o
    0x080177fc   0x080177fc   0x0000003c   Code   RO         1943    i.myrealloc         malloc.o
    0x08017838   0x08017838   0x00000034   Code   RO         6437    i.new_env           ef_env.o
    0x0801786c   0x0801786c   0x000000c0   Code   RO         1120    i.optDoor           key_task.o
    0x0801792c   0x0801792c   0x00000158   Code   RO          461    i.packetDeviceInfo  comm.o
    0x08017a84   0x08017a84   0x000000b8   Code   RO          462    i.packetJSON        comm.o
    0x08017b3c   0x08017b3c   0x00000148   Code   RO         6103    i.page256_or_1_byte_write  sfud.o
    0x08017c84   0x08017c84   0x00000194   Code   RO          463    i.parseJSON         comm.o
    0x08017e18   0x08017e18   0x000000cc   Code   RO         1421    i.parse_array       cjson.o
    0x08017ee4   0x08017ee4   0x00000040   Code   RO         1422    i.parse_hex4        cjson.o
    0x08017f24   0x08017f24   0x00000100   Code   RO         1423    i.parse_number      cjson.o
    0x08018024   0x08018024   0x00000106   Code   RO         1424    i.parse_object      cjson.o
    0x0801812a   0x0801812a   0x00000126   Code   RO         1425    i.parse_string      cjson.o
    0x08018250   0x08018250   0x000000fc   Code   RO         1426    i.parse_value       cjson.o
    0x0801834c   0x0801834c   0x00000098   Code   RO         1427    i.print             cjson.o
    0x080183e4   0x080183e4   0x00000096   Code   RO         1428    i.print_array       cjson.o
    0x0801847a   0x0801847a   0x00000002   PAD
    0x0801847c   0x0801847c   0x000000a8   Code   RO         1429    i.print_number      cjson.o
    0x08018524   0x08018524   0x00000136   Code   RO         1430    i.print_object      cjson.o
    0x0801865a   0x0801865a   0x00000002   PAD
    0x0801865c   0x0801865c   0x00000110   Code   RO         1431    i.print_string_ptr  cjson.o
    0x0801876c   0x0801876c   0x000000d0   Code   RO         1432    i.print_value       cjson.o
    0x0801883c   0x0801883c   0x00000070   Code   RO         5479    i.prvAddCurrentTaskToDelayedList  tasks.o
    0x080188ac   0x080188ac   0x000000d4   Code   RO         5480    i.prvAddNewTaskToReadyList  tasks.o
    0x08018980   0x08018980   0x00000050   Code   RO         5836    i.prvCheckForValidListAndQueue  timers.o
    0x080189d0   0x080189d0   0x00000026   Code   RO         5131    i.prvCopyDataFromQueue  queue.o
    0x080189f6   0x080189f6   0x0000006c   Code   RO         5132    i.prvCopyDataToQueue  queue.o
    0x08018a62   0x08018a62   0x00000014   Code   RO         5481    i.prvDeleteTCB      tasks.o
    0x08018a76   0x08018a76   0x00000002   PAD
    0x08018a78   0x08018a78   0x0000004c   Code   RO         6049    i.prvHeapInit       heap_4.o
    0x08018ac4   0x08018ac4   0x0000005c   Code   RO         5482    i.prvIdleTask       tasks.o
    0x08018b20   0x08018b20   0x000000ae   Code   RO         5483    i.prvInitialiseNewTask  tasks.o
    0x08018bce   0x08018bce   0x00000002   PAD
    0x08018bd0   0x08018bd0   0x0000004c   Code   RO         6050    i.prvInsertBlockIntoFreeList  heap_4.o
    0x08018c1c   0x08018c1c   0x00000038   Code   RO         5837    i.prvInsertTimerInActiveList  timers.o
    0x08018c54   0x08018c54   0x0000001a   Code   RO         5133    i.prvIsQueueEmpty   queue.o
    0x08018c6e   0x08018c6e   0x00000056   Code   RO         5484    i.prvListTasksWithinSingleList  tasks.o
    0x08018cc4   0x08018cc4   0x000000f0   Code   RO         5838    i.prvProcessReceivedCommands  timers.o
    0x08018db4   0x08018db4   0x000000c0   Code   RO         5839    i.prvProcessTimerOrBlockTask  timers.o
    0x08018e74   0x08018e74   0x00000020   Code   RO         5485    i.prvResetNextTaskUnblockTime  tasks.o
    0x08018e94   0x08018e94   0x00000028   Code   RO         5840    i.prvSampleTimeNow  timers.o
    0x08018ebc   0x08018ebc   0x0000006c   Code   RO         5841    i.prvSwitchTimerLists  timers.o
    0x08018f28   0x08018f28   0x00000028   Code   RO         5973    i.prvTaskExitError  port.o
    0x08018f50   0x08018f50   0x00000014   Code   RO         5002    i.prvTestWaitCondition  event_groups.o
    0x08018f64   0x08018f64   0x00000028   Code   RO         5842    i.prvTimerTask      timers.o
    0x08018f8c   0x08018f8c   0x0000006a   Code   RO         5134    i.prvUnlockQueue    queue.o
    0x08018ff6   0x08018ff6   0x00000022   Code   RO         5487    i.prvWriteNameToBuffer  tasks.o
    0x08019018   0x08019018   0x000000d8   Code   RO         6051    i.pvPortMalloc      heap_4.o
    0x080190f0   0x080190f0   0x00000018   Code   RO         5488    i.pvTaskIncrementMutexHeldCount  tasks.o
    0x08019108   0x08019108   0x0000002c   Code   RO         5974    i.pxPortInitialiseStack  port.o
    0x08019134   0x08019134   0x000000d8   Code   RO         6439    i.read_env          ef_env.o
    0x0801920c   0x0801920c   0x000000f8   Code   RO         6440    i.read_sector_meta_data  ef_env.o
    0x08019304   0x08019304   0x00000020   Code   RO         6441    i.read_status       ef_env.o
    0x08019324   0x08019324   0x00000088   Code   RO         6104    i.reset             sfud.o
    0x080193ac   0x080193ac   0x00000006   Code   RO         1161    i.retry_delay_100us  delay.o
    0x080193b2   0x080193b2   0x00000056   Code   RO         6442    i.sector_iterator   ef_env.o
    0x08019408   0x08019408   0x00000022   Code   RO         6443    i.sector_statistics_cb  ef_env.o
    0x0801942a   0x0801942a   0x00000002   PAD
    0x0801942c   0x0801942c   0x00000298   Code   RO          464    i.send_to_device    comm.o
    0x080196c4   0x080196c4   0x000000d4   Code   RO          465    i.send_to_host      comm.o
    0x08019798   0x08019798   0x00000088   Code   RO         6105    i.set_4_byte_address_mode  sfud.o
    0x08019820   0x08019820   0x00000088   Code   RO         6444    i.set_env           ef_env.o
    0x080198a8   0x080198a8   0x0000002c   Code   RO         6445    i.set_status        ef_env.o
    0x080198d4   0x080198d4   0x00000070   Code   RO         6106    i.set_write_enabled  sfud.o
    0x08019944   0x08019944   0x000000b0   Code   RO         6107    i.sfud_chip_erase   sfud.o
    0x080199f4   0x080199f4   0x00000088   Code   RO         6108    i.sfud_device_init  sfud.o
    0x08019a7c   0x08019a7c   0x00000140   Code   RO         6109    i.sfud_erase        sfud.o
    0x08019bbc   0x08019bbc   0x00000008   Code   RO         6113    i.sfud_get_device_table  sfud.o
    0x08019bc4   0x08019bc4   0x00000028   Code   RO         6114    i.sfud_init         sfud.o
    0x08019bec   0x08019bec   0x00000038   Code   RO         6246    i.sfud_log_info     sfud_port.o
    0x08019c24   0x08019c24   0x00000098   Code   RO         6115    i.sfud_read         sfud.o
    0x08019cbc   0x08019cbc   0x00000018   Code   RO         6116    i.sfud_read_status  sfud.o
    0x08019cd4   0x08019cd4   0x000000bc   Code   RO         6247    i.sfud_spi_port_init  sfud_port.o
    0x08019d90   0x08019d90   0x0000002a   Code   RO         6117    i.sfud_write        sfud.o
    0x08019dba   0x08019dba   0x00000002   PAD
    0x08019dbc   0x08019dbc   0x00000080   Code   RO         6118    i.sfud_write_status  sfud.o
    0x08019e3c   0x08019e3c   0x00000108   Code   RO          893    i.showTask          led_task.o
    0x08019f44   0x08019f44   0x00000004   Code   RO         6248    i.spi_lock          sfud_port.o
    0x08019f48   0x08019f48   0x00000004   Code   RO         6249    i.spi_unlock        sfud_port.o
    0x08019f4c   0x08019f4c   0x00000094   Code   RO         6250    i.spi_write_read    sfud_port.o
    0x08019fe0   0x08019fe0   0x0000001c   Code   RO         1434    i.update_offset     cjson.o
    0x08019ffc   0x08019ffc   0x0000004c   Code   RO         6446    i.update_sec_status  ef_env.o
    0x0801a048   0x0801a048   0x000000d0   Code   RO         1435    i.utf16_literal_to_utf8  cjson.o
    0x0801a118   0x0801a118   0x00000026   Code   RO         5094    i.uxListRemove      list.o
    0x0801a13e   0x0801a13e   0x00000002   PAD
    0x0801a140   0x0801a140   0x000000b0   Code   RO         5491    i.uxTaskGetSystemState  tasks.o
    0x0801a1f0   0x0801a1f0   0x00000018   Code   RO         5495    i.uxTaskResetEventItemValue  tasks.o
    0x0801a208   0x0801a208   0x00000016   Code   RO         5095    i.vListInitialise   list.o
    0x0801a21e   0x0801a21e   0x00000006   Code   RO         5096    i.vListInitialiseItem  list.o
    0x0801a224   0x0801a224   0x00000030   Code   RO         5097    i.vListInsert       list.o
    0x0801a254   0x0801a254   0x00000018   Code   RO         5098    i.vListInsertEnd    list.o
    0x0801a26c   0x0801a26c   0x00000040   Code   RO         5976    i.vPortEnterCritical  port.o
    0x0801a2ac   0x0801a2ac   0x00000028   Code   RO         5977    i.vPortExitCritical  port.o
    0x0801a2d4   0x0801a2d4   0x0000005c   Code   RO         6052    i.vPortFree         heap_4.o
    0x0801a330   0x0801a330   0x00000024   Code   RO         5978    i.vPortSetupTimerInterrupt  port.o
    0x0801a354   0x0801a354   0x00000054   Code   RO         5979    i.vPortValidateInterruptPriority  port.o
    0x0801a3a8   0x0801a3a8   0x00000024   Code   RO         5140    i.vQueueAddToRegistry  queue.o
    0x0801a3cc   0x0801a3cc   0x00000044   Code   RO         5144    i.vQueueWaitForMessageRestricted  queue.o
    0x0801a410   0x0801a410   0x00000064   Code   RO          796    i.vTaskBarCode      barcode_task.o
    0x0801a474   0x0801a474   0x0000004c   Code   RO         5496    i.vTaskDelay        tasks.o
    0x0801a4c0   0x0801a4c0   0x000000ac   Code   RO         5498    i.vTaskDelete       tasks.o
    0x0801a56c   0x0801a56c   0x00000080   Code   RO         5500    i.vTaskGetInfo      tasks.o
    0x0801a5ec   0x0801a5ec   0x000000a4   Code   RO         5501    i.vTaskGetRunTimeStats  tasks.o
    0x0801a690   0x0801a690   0x0000007c   Code   RO          855    i.vTaskHandShake    handshake_task.o
    0x0801a70c   0x0801a70c   0x00000010   Code   RO         5502    i.vTaskInternalSetTimeOutState  tasks.o
    0x0801a71c   0x0801a71c   0x000001b0   Code   RO         1121    i.vTaskKey          key_task.o
    0x0801a8cc   0x0801a8cc   0x00000118   Code   RO          894    i.vTaskLed          led_task.o
    0x0801a9e4   0x0801a9e4   0x000000a8   Code   RO         5503    i.vTaskList         tasks.o
    0x0801aa8c   0x0801aa8c   0x0000000c   Code   RO         5504    i.vTaskMissedYield  tasks.o
    0x0801aa98   0x0801aa98   0x000000fc   Code   RO          959    i.vTaskMotorCtrl    motorctrl_task.o
    0x0801ab94   0x0801ab94   0x00000148   Code   RO          930    i.vTaskMotorCtrlSecDoor  motorctrl_secdoor_task.o
    0x0801acdc   0x0801acdc   0x00000020   Code   RO          991    i.vTaskMsgParse     msgparse_task.o
    0x0801acfc   0x0801acfc   0x00000030   Code   RO         5506    i.vTaskPlaceOnEventList  tasks.o
    0x0801ad2c   0x0801ad2c   0x00000038   Code   RO         5507    i.vTaskPlaceOnEventListRestricted  tasks.o
    0x0801ad64   0x0801ad64   0x0000004c   Code   RO         5508    i.vTaskPlaceOnUnorderedEventList  tasks.o
    0x0801adb0   0x0801adb0   0x000000ac   Code   RO         5509    i.vTaskPriorityDisinheritAfterTimeout  tasks.o
    0x0801ae5c   0x0801ae5c   0x00000044   Code   RO         1023    i.vTaskReader       reader_task.o
    0x0801aea0   0x0801aea0   0x00000070   Code   RO         5511    i.vTaskRemoveFromUnorderedEventList  tasks.o
    0x0801af10   0x0801af10   0x00000058   Code   RO         1056    i.vTaskSensor       sensor_task.o
    0x0801af68   0x0801af68   0x00000078   Code   RO         5515    i.vTaskStartScheduler  tasks.o
    0x0801afe0   0x0801afe0   0x00000010   Code   RO         5517    i.vTaskSuspendAll   tasks.o
    0x0801aff0   0x0801aff0   0x00000078   Code   RO         5518    i.vTaskSwitchContext  tasks.o
    0x0801b068   0x0801b068   0x000000b8   Code   RO         1088    i.vTaskWatchDog     watchdog_task.o
    0x0801b120   0x0801b120   0x00000068   Code   RO         6119    i.wait_busy         sfud.o
    0x0801b188   0x0801b188   0x00000032   Code   RO         6447    i.write_status      ef_env.o
    0x0801b1ba   0x0801b1ba   0x0000001a   Code   RO         5009    i.xEventGroupCreate  event_groups.o
    0x0801b1d4   0x0801b1d4   0x0000008c   Code   RO         5011    i.xEventGroupSetBits  event_groups.o
    0x0801b260   0x0801b260   0x00000108   Code   RO         5013    i.xEventGroupWaitBits  event_groups.o
    0x0801b368   0x0801b368   0x0000000c   Code   RO         6054    i.xPortGetFreeHeapSize  heap_4.o
    0x0801b374   0x0801b374   0x000000f4   Code   RO         5980    i.xPortStartScheduler  port.o
    0x0801b468   0x0801b468   0x0000002c   Code   RO         5981    i.xPortSysTickHandler  port.o
    0x0801b494   0x0801b494   0x00000024   Code   RO         5146    i.xQueueCreateMutex  queue.o
    0x0801b4b8   0x0801b4b8   0x00000052   Code   RO         5147    i.xQueueGenericCreate  queue.o
    0x0801b50a   0x0801b50a   0x00000002   PAD
    0x0801b50c   0x0801b50c   0x00000088   Code   RO         5148    i.xQueueGenericReset  queue.o
    0x0801b594   0x0801b594   0x00000164   Code   RO         5149    i.xQueueGenericSend  queue.o
    0x0801b6f8   0x0801b6f8   0x000000bc   Code   RO         5150    i.xQueueGenericSendFromISR  queue.o
    0x0801b7b4   0x0801b7b4   0x00000138   Code   RO         5157    i.xQueueReceive     queue.o
    0x0801b8ec   0x0801b8ec   0x00000178   Code   RO         5159    i.xQueueSemaphoreTake  queue.o
    0x0801ba64   0x0801ba64   0x00000074   Code   RO         5519    i.xTaskCheckForTimeOut  tasks.o
    0x0801bad8   0x0801bad8   0x00000056   Code   RO         5520    i.xTaskCreate       tasks.o
    0x0801bb2e   0x0801bb2e   0x00000002   PAD
    0x0801bb30   0x0801bb30   0x000000e0   Code   RO         5521    i.xTaskGenericNotify  tasks.o
    0x0801bc10   0x0801bc10   0x0000001c   Code   RO         5524    i.xTaskGetSchedulerState  tasks.o
    0x0801bc2c   0x0801bc2c   0x0000000c   Code   RO         5525    i.xTaskGetTickCount  tasks.o
    0x0801bc38   0x0801bc38   0x000000c8   Code   RO         5527    i.xTaskIncrementTick  tasks.o
    0x0801bd00   0x0801bd00   0x0000008c   Code   RO         5529    i.xTaskNotifyWait   tasks.o
    0x0801bd8c   0x0801bd8c   0x00000098   Code   RO         5530    i.xTaskPriorityDisinherit  tasks.o
    0x0801be24   0x0801be24   0x00000094   Code   RO         5531    i.xTaskPriorityInherit  tasks.o
    0x0801beb8   0x0801beb8   0x00000074   Code   RO         5532    i.xTaskRemoveFromEventList  tasks.o
    0x0801bf2c   0x0801bf2c   0x000000c4   Code   RO         5533    i.xTaskResumeAll    tasks.o
    0x0801bff0   0x0801bff0   0x00000048   Code   RO         5849    i.xTimerCreateTimerTask  timers.o
    0x0801c038   0x0801c038   0x0000005c   Code   RO         5850    i.xTimerGenericCommand  timers.o
    0x0801c094   0x0801c094   0x0000002c   Code   RO         6944    locale$$code        c_w.l(lc_ctype_c.o)
    0x0801c0c0   0x0801c0c0   0x0000002c   Code   RO         6947    locale$$code        c_w.l(lc_numeric_c.o)
    0x0801c0ec   0x0801c0ec   0x00000062   Code   RO         7035    x$fpl$d2f           fz_wm.l(d2f.o)
    0x0801c14e   0x0801c14e   0x00000002   PAD
    0x0801c150   0x0801c150   0x00000010   Code   RO         7120    x$fpl$dcheck1       fz_wm.l(dcheck1.o)
    0x0801c160   0x0801c160   0x00000018   Code   RO         6850    x$fpl$dcmpinf       fz_wm.l(dcmpi.o)
    0x0801c178   0x0801c178   0x00000078   Code   RO         6755    x$fpl$deqf          fz_wm.l(deqf.o)
    0x0801c1f0   0x0801c1f0   0x0000005e   Code   RO         6757    x$fpl$dfix          fz_wm.l(dfix.o)
    0x0801c24e   0x0801c24e   0x00000026   Code   RO         6761    x$fpl$dfltu         fz_wm.l(dflt_clz.o)
    0x0801c274   0x0801c274   0x00000078   Code   RO         6767    x$fpl$dleqf         fz_wm.l(dleqf.o)
    0x0801c2ec   0x0801c2ec   0x00000154   Code   RO         7063    x$fpl$dmul          fz_wm.l(dmul.o)
    0x0801c440   0x0801c440   0x0000009c   Code   RO         6852    x$fpl$dnaninf       fz_wm.l(dnaninf.o)
    0x0801c4dc   0x0801c4dc   0x0000000c   Code   RO         6854    x$fpl$dretinf       fz_wm.l(dretinf.o)
    0x0801c4e8   0x0801c4e8   0x0000006c   Code   RO         6769    x$fpl$drleqf        fz_wm.l(drleqf.o)
    0x0801c554   0x0801c554   0x0000000a   Code   RO         7065    x$fpl$fpinit        fz_wm.l(fpinit.o)
    0x0801c55e   0x0801c55e   0x0000000a   Code   RO         7067    x$fpl$fretinf       fz_wm.l(fretinf.o)
    0x0801c568   0x0801c568   0x00000006   Code   RO         6953    x$fpl$ieeestatus    fz_wm.l(istatus.o)
    0x0801c56e   0x0801c56e   0x00000004   Code   RO         6773    x$fpl$printf1       fz_wm.l(printf1.o)
    0x0801c572   0x0801c572   0x00000004   Code   RO         6858    x$fpl$printf2       fz_wm.l(printf2.o)
    0x0801c576   0x0801c576   0x00000064   Code   RO         7133    x$fpl$retnan        fz_wm.l(retnan.o)
    0x0801c5da   0x0801c5da   0x0000005c   Code   RO         7089    x$fpl$scalbn        fz_wm.l(scalbn.o)
    0x0801c636   0x0801c636   0x00000004   Code   RO         6775    x$fpl$scanf1        fz_wm.l(scanf1.o)
    0x0801c63a   0x0801c63a   0x00000008   Code   RO         6955    x$fpl$scanf2        fz_wm.l(scanf2.o)
    0x0801c642   0x0801c642   0x00000030   Code   RO         7139    x$fpl$trapveneer    fz_wm.l(trapv.o)
    0x0801c672   0x0801c672   0x00000000   Code   RO         6864    x$fpl$usenofp       fz_wm.l(usenofp.o)
    0x0801c672   0x0801c672   0x00000006   Data   RO          580    .constdata          devinfo.o
    0x0801c678   0x0801c678   0x00000006   Data   RO          581    .constdata          devinfo.o
    0x0801c67e   0x0801c67e   0x00000015   Data   RO          582    .constdata          devinfo.o
    0x0801c693   0x0801c693   0x0000000a   Data   RO          583    .constdata          devinfo.o
    0x0801c69d   0x0801c69d   0x0000000c   Data   RO          584    .constdata          devinfo.o
    0x0801c6a9   0x0801c6a9   0x00000003   PAD
    0x0801c6ac   0x0801c6ac   0x00000018   Data   RO          585    .constdata          devinfo.o
    0x0801c6c4   0x0801c6c4   0x00000200   Data   RO          728    .constdata          tool.o
    0x0801c8c4   0x0801c8c4   0x00000024   Data   RO         1950    .constdata          malloc.o
    0x0801c8e8   0x0801c8e8   0x00000052   Data   RO         2626    .constdata          bsp_uart.o
    0x0801c93a   0x0801c93a   0x00000002   PAD
    0x0801c93c   0x0801c93c   0x00000218   Data   RO         6121    .constdata          sfud.o
    0x0801cb54   0x0801cb54   0x00000400   Data   RO         6314    .constdata          ef_utils.o
    0x0801cf54   0x0801cf54   0x00000060   Data   RO         6339    .constdata          ef_port.o
    0x0801cfb4   0x0801cfb4   0x00000028   Data   RO         6689    .constdata          c_w.l(_printf_hex_int_ll_ptr.o)
    0x0801cfdc   0x0801cfdc   0x00000011   Data   RO         6709    .constdata          c_w.l(__printf_flags_ss_wp.o)
    0x0801cfed   0x0801cfed   0x00000003   PAD
    0x0801cff0   0x0801cff0   0x00000008   Data   RO         6814    .constdata          c_w.l(_printf_wctomb.o)
    0x0801cff8   0x0801cff8   0x00000026   Data   RO         6900    .constdata          c_w.l(_printf_fp_hex.o)
    0x0801d01e   0x0801d01e   0x00000002   PAD
    0x0801d020   0x0801d020   0x00000094   Data   RO         6913    .constdata          c_w.l(bigflt0.o)
    0x0801d0b4   0x0801d0b4   0x0000000d   Data   RO          797    .conststring        barcode_task.o
    0x0801d0c1   0x0801d0c1   0x00000003   PAD
    0x0801d0c4   0x0801d0c4   0x0000000f   Data   RO          856    .conststring        handshake_task.o
    0x0801d0d3   0x0801d0d3   0x00000001   PAD
    0x0801d0d4   0x0801d0d4   0x00000009   Data   RO          895    .conststring        led_task.o
    0x0801d0dd   0x0801d0dd   0x00000003   PAD
    0x0801d0e0   0x0801d0e0   0x0000000e   Data   RO          931    .conststring        motorctrl_secdoor_task.o
    0x0801d0ee   0x0801d0ee   0x00000002   PAD
    0x0801d0f0   0x0801d0f0   0x0000000f   Data   RO          960    .conststring        motorctrl_task.o
    0x0801d0ff   0x0801d0ff   0x00000001   PAD
    0x0801d100   0x0801d100   0x0000000e   Data   RO          992    .conststring        msgparse_task.o
    0x0801d10e   0x0801d10e   0x00000002   PAD
    0x0801d110   0x0801d110   0x0000000c   Data   RO         1024    .conststring        reader_task.o
    0x0801d11c   0x0801d11c   0x0000000c   Data   RO         1057    .conststring        sensor_task.o
    0x0801d128   0x0801d128   0x0000000e   Data   RO         1089    .conststring        watchdog_task.o
    0x0801d136   0x0801d136   0x00000002   PAD
    0x0801d138   0x0801d138   0x00000009   Data   RO         1122    .conststring        key_task.o
    0x0801d141   0x0801d141   0x00000003   PAD
    0x0801d144   0x0801d144   0x00000149   Data   RO         6122    .conststring        sfud.o
    0x0801d28d   0x0801d28d   0x00000003   PAD
    0x0801d290   0x0801d290   0x0000004a   Data   RO         6301    .conststring        easyflash.o
    0x0801d2da   0x0801d2da   0x00000002   PAD
    0x0801d2dc   0x0801d2dc   0x0000007b   Data   RO         6340    .conststring        ef_port.o
    0x0801d357   0x0801d357   0x00000001   PAD
    0x0801d358   0x0801d358   0x0000004c   Data   RO         6449    .conststring        ef_env.o
    0x0801d3a4   0x0801d3a4   0x00000020   Data   RO         7161    Region$$Table       anon$$obj.o
    0x0801d3c4   0x0801d3c4   0x00000008   Data   RO         6949    c$$dinf             fz_wm.l(fpconst.o)
    0x0801d3cc   0x0801d3cc   0x00000008   Data   RO         6952    c$$dmax             fz_wm.l(fpconst.o)
    0x0801d3d4   0x0801d3d4   0x00000110   Data   RO         6943    locale$$data        c_w.l(lc_ctype_c.o)
    0x0801d4e4   0x0801d4e4   0x0000001c   Data   RO         6946    locale$$data        c_w.l(lc_numeric_c.o)


    Execution Region RW_IRAM1 (Exec base: 0x20000000, Load base: 0x0801d500, Size: 0x0001c928, Max: 0x00020000, ABSOLUTE, COMPRESSED[0x00000084])

    Exec Addr    Load Addr    Size         Type   Attr      Idx    E Section Name        Object

    0x20000000   COMPRESSED   0x00000010   Data   RW            6    .data               main.o
    0x20000010   COMPRESSED   0x00000014   Data   RW          423    .data               system_stm32f4xx.o
    0x20000024   COMPRESSED   0x00000002   Data   RW          467    .data               comm.o
    0x20000026   COMPRESSED   0x00000002   PAD
    0x20000028   COMPRESSED   0x00000008   Data   RW          798    .data               barcode_task.o
    0x20000030   COMPRESSED   0x00000008   Data   RW          857    .data               handshake_task.o
    0x20000038   COMPRESSED   0x00000008   Data   RW          896    .data               led_task.o
    0x20000040   COMPRESSED   0x00000008   Data   RW          932    .data               motorctrl_secdoor_task.o
    0x20000048   COMPRESSED   0x00000008   Data   RW          961    .data               motorctrl_task.o
    0x20000050   COMPRESSED   0x00000008   Data   RW          993    .data               msgparse_task.o
    0x20000058   COMPRESSED   0x00000008   Data   RW         1025    .data               reader_task.o
    0x20000060   COMPRESSED   0x00000008   Data   RW         1058    .data               sensor_task.o
    0x20000068   COMPRESSED   0x00000008   Data   RW         1090    .data               watchdog_task.o
    0x20000070   COMPRESSED   0x0000000c   Data   RW         1123    .data               key_task.o
    0x2000007c   COMPRESSED   0x00000004   Data   RW         1162    .data               delay.o
    0x20000080   COMPRESSED   0x00000010   Data   RW         1235    .data               ini.o
    0x20000090   COMPRESSED   0x00000014   Data   RW         1437    .data               cjson.o
    0x200000a4   COMPRESSED   0x00000024   Data   RW         1951    .data               malloc.o
    0x200000c8   COMPRESSED   0x00000001   Data   RW         2178    .data               bsp_key.o
    0x200000c9   COMPRESSED   0x00000003   PAD
    0x200000cc   COMPRESSED   0x0000001c   Data   RW         2244    .data               bsp_time.o
    0x200000e8   COMPRESSED   0x00000005   Data   RW         2345    .data               bsp_wiegand.o
    0x200000ed   COMPRESSED   0x00000002   Data   RW         2428    .data               bsp_uart_fifo.o
    0x200000ef   COMPRESSED   0x00000001   PAD
    0x200000f0   COMPRESSED   0x00000004   Data   RW         2429    .data               bsp_uart_fifo.o
    0x200000f4   COMPRESSED   0x00000010   Data   RW         3199    .data               stm32f4xx_rcc.o
    0x20000104   COMPRESSED   0x00000044   Data   RW         5536    .data               tasks.o
    0x20000148   COMPRESSED   0x00000014   Data   RW         5856    .data               timers.o
    0x2000015c   COMPRESSED   0x0000000c   Data   RW         5982    .data               port.o
    0x20000168   COMPRESSED   0x00000018   Data   RW         6057    .data               heap_4.o
    0x20000180   COMPRESSED   0x00000044   Data   RW         6123    .data               sfud.o
    0x200001c4   COMPRESSED   0x0000000c   Data   RW         6252    .data               sfud_port.o
    0x200001d0   COMPRESSED   0x00000010   Data   RW         6450    .data               ef_env.o
    0x200001e0        -       0x0000021a   Zero   RW          466    .bss                comm.o
    0x200003fa   COMPRESSED   0x00000002   PAD
    0x200003fc        -       0x00000048   Zero   RW          579    .bss                devinfo.o
    0x20000444   COMPRESSED   0x0000001c   PAD
    0x20000460        -       0x0000c800   Zero   RW         1948    .bss                malloc.o
    0x2000cc60        -       0x00000c80   Zero   RW         1949    .bss                malloc.o
    0x2000d8e0        -       0x00000010   Zero   RW         2344    .bss                bsp_wiegand.o
    0x2000d8f0        -       0x000010a0   Zero   RW         2427    .bss                bsp_uart_fifo.o
    0x2000e990        -       0x00000600   Zero   RW         2623    .bss                bsp_uart.o
    0x2000ef90        -       0x00000600   Zero   RW         2624    .bss                bsp_uart.o
    0x2000f590        -       0x00000010   Zero   RW         2625    .bss                bsp_uart.o
    0x2000f5a0        -       0x00000038   Zero   RW         2745    .bss                bsp_sensor.o
    0x2000f5d8        -       0x00000040   Zero   RW         5161    .bss                queue.o
    0x2000f618        -       0x0000012c   Zero   RW         5535    .bss                tasks.o
    0x2000f744        -       0x00000028   Zero   RW         5855    .bss                timers.o
    0x2000f76c        -       0x0000c800   Zero   RW         6056    .bss                heap_4.o
    0x2001bf6c        -       0x00000105   Zero   RW         6120    .bss                sfud.o
    0x2001c071        -       0x00000100   Zero   RW         6251    .bss                sfud_port.o
    0x2001c171        -       0x00000080   Zero   RW         6338    .bss                ef_port.o
    0x2001c1f1   COMPRESSED   0x00000003   PAD
    0x2001c1f4        -       0x000000d0   Zero   RW         6448    .bss                ef_env.o
    0x2001c2c4        -       0x00000060   Zero   RW         6866    .bss                c_w.l(libspace.o)
    0x2001c324   COMPRESSED   0x00000004   PAD
    0x2001c328        -       0x00000200   Zero   RW         4990    HEAP                startup_stm32f40_41xxx.o
    0x2001c528        -       0x00000400   Zero   RW         4989    STACK               startup_stm32f40_41xxx.o



  Load Region LR$$.ARM.__AT_0x10000000 (Base: 0x10000000, Size: 0x00000000, Max: 0x0000c800, ABSOLUTE)

    Execution Region ER$$.ARM.__AT_0x10000000 (Exec base: 0x10000000, Load base: 0x10000000, Size: 0x0000c800, Max: 0x0000c800, ABSOLUTE, UNINIT)

    Exec Addr    Load Addr    Size         Type   Attr      Idx    E Section Name        Object

    0x10000000        -       0x0000c800   Zero   RW         1944    .ARM.__AT_0x10000000  malloc.o



  Load Region LR$$.ARM.__AT_0x1000C800 (Base: 0x1000c800, Size: 0x00000000, Max: 0x00000c80, ABSOLUTE)

    Execution Region ER$$.ARM.__AT_0x1000C800 (Exec base: 0x1000c800, Load base: 0x1000c800, Size: 0x00000c80, Max: 0x00000c80, ABSOLUTE, UNINIT)

    Exec Addr    Load Addr    Size         Type   Attr      Idx    E Section Name        Object

    0x1000c800        -       0x00000c80   Zero   RW         1945    .ARM.__AT_0x1000C800  malloc.o



  Load Region LR$$.ARM.__AT_0x68000000 (Base: 0x68000000, Size: 0x00000000, Max: 0x00000400, ABSOLUTE)

    Execution Region ER$$.ARM.__AT_0x68000000 (Exec base: 0x68000000, Load base: 0x68000000, Size: 0x00000400, Max: 0x00000400, ABSOLUTE, UNINIT)

    Exec Addr    Load Addr    Size         Type   Attr      Idx    E Section Name        Object

    0x68000000        -       0x00000400   Zero   RW         1946    .ARM.__AT_0x68000000  malloc.o



  Load Region LR$$.ARM.__AT_0x68000400 (Base: 0x68000400, Size: 0x00000000, Max: 0x00000040, ABSOLUTE)

    Execution Region ER$$.ARM.__AT_0x68000400 (Exec base: 0x68000400, Load base: 0x68000400, Size: 0x00000040, Max: 0x00000040, ABSOLUTE, UNINIT)

    Exec Addr    Load Addr    Size         Type   Attr      Idx    E Section Name        Object

    0x68000400        -       0x00000040   Zero   RW         1947    .ARM.__AT_0x68000400  malloc.o


==============================================================================

Image component sizes


      Code (inc. data)   RO Data    RW Data    ZI Data      Debug   Object Name

       136         12         13          8          0       3230   barcode_task.o
        80          0          0          0          0       1547   bsp.o
        60          4          0          0          0        560   bsp_beep.o
        68          0          0          0          0       1079   bsp_iwdg.o
       224         20          0          1          0       1362   bsp_key.o
       512        124          0          0          0       2892   bsp_led.o
       616         76          0          0         56       6120   bsp_sensor.o
       264         32          0         28          0       2710   bsp_time.o
       774         32         82          0       3088       7197   bsp_uart.o
      1832        138          0          6       4256      18661   bsp_uart_fifo.o
       772         44          0          5         16       6381   bsp_wiegand.o
      3964        184          0         20          0      33674   cjson.o
      2736        734          0          2        538      47024   comm.o
       190         14          0          4          0       3133   delay.o
       104         10         79          0         72       2087   devinfo.o
       144         90         74          0          0       1025   easyflash.o
      3268        432         76         16        208      33387   ef_env.o
       234         34        219          0        128       8279   ef_port.o
        36          4       1024          0          0       1260   ef_utils.o
       450          6          0          0          0      13659   event_groups.o
       160         48         15          8          0       2571   handshake_task.o
       472         30          0         24      51200       5042   heap_4.o
      1204        640          0         16          0       4505   ini.o
       660        316          9         12          0       2957   key_task.o
       580        236          9          8          0       2797   led_task.o
       138          0          0          0          0       3222   list.o
       330        126          0         16          0     325229   main.o
       518         44         36         36     109888       9900   malloc.o
       144         14          0          0          0       2397   misc.o
       364        128         14          8          0       2408   motorctrl_secdoor_task.o
       288         62         15          8          0       2279   motorctrl_task.o
        68         16         14          8          0       1376   msgparse_task.o
       786         80          0         12          0      11397   port.o
      1868         22          0          0         64      18144   queue.o
       104         14         12          8          0       1462   reader_task.o
       124         24         12          8          0       1466   sensor_task.o
      2792        918        865         68        261      15370   sfud.o
       540         64          0         12        256       7817   sfud_port.o
        64         26        392          0       1536        868   startup_stm32f40_41xxx.o
       512         36          0          0          0       7480   stm32f4xx_dma.o
       144         14          0          0          0       2484   stm32f4xx_exti.o
        48         20          0          0          0       1149   stm32f4xx_flash.o
       174          0          0          0          0       3943   stm32f4xx_gpio.o
        86         50          0          0          0       3009   stm32f4xx_it.o
        68         30          0          0          0       2890   stm32f4xx_iwdg.o
       344         58          0         16          0       8366   stm32f4xx_rcc.o
       250         24          0          0          0       5342   stm32f4xx_spi.o
        48          6          0          0          0        740   stm32f4xx_syscfg.o
       210         28          0          0          0       5820   stm32f4xx_tim.o
       548         42          0          0          0       8952   stm32f4xx_usart.o
        16          0          0          0          0        537   stmflash.o
       272         38          0         20          0       1897   system_stm32f4xx.o
      3976        336          0         68        300      37892   tasks.o
         0          0          0          0          0       1472   test.o
       920         82          0         20         40      19807   timers.o
       436         68        512          0          0       5933   tool.o
       222          0          0          0          0       3364   uartqueue.o
       220        120         14          8          0       1956   watchdog_task.o

    ----------------------------------------------------------------------
     36228       5754       3546        480     171940     739507   Object Totals
         0          0         32          0          0          0   (incl. Generated)
        66          4         28          6         33          0   (incl. Padding)

    ----------------------------------------------------------------------

      Code (inc. data)   RO Data    RW Data    ZI Data      Debug   Library Member Name

        60          8          0          0          0         84   __0sscanf.o
        24          4          0          0          0         84   __2printf.o
        44          6          0          0          0         84   __2sprintf.o
        90          0          0          0          0          0   __dczerorl2.o
         8          0          0          0          0         68   __main.o
       392          4         17          0          0         92   __printf_flags_ss_wp.o
        14          0          0          0          0         68   __printf_wp.o
         0          0          0          0          0          0   __rtentry.o
        12          0          0          0          0          0   __rtentry2.o
         6          0          0          0          0          0   __rtentry4.o
        52          8          0          0          0          0   __scatter.o
        28          0          0          0          0          0   __scatter_zi.o
        28          0          0          0          0         68   _chval.o
         6          0          0          0          0          0   _printf_a.o
         6          0          0          0          0          0   _printf_c.o
        44          0          0          0          0        108   _printf_char.o
        48          6          0          0          0         96   _printf_char_common.o
        36          4          0          0          0         80   _printf_char_file.o
        40          0          0          0          0         68   _printf_charcount.o
         6          0          0          0          0          0   _printf_d.o
       120         16          0          0          0         92   _printf_dec.o
         6          0          0          0          0          0   _printf_e.o
         6          0          0          0          0          0   _printf_f.o
      1054          0          0          0          0        216   _printf_fp_dec.o
       764          8         38          0          0        100   _printf_fp_hex.o
       128         16          0          0          0         84   _printf_fp_infnan.o
         6          0          0          0          0          0   _printf_g.o
       148          4         40          0          0        160   _printf_hex_int_ll_ptr.o
         6          0          0          0          0          0   _printf_i.o
       178          0          0          0          0         88   _printf_intcommon.o
        10          0          0          0          0          0   _printf_l.o
         6          0          0          0          0          0   _printf_lc.o
        10          0          0          0          0          0   _printf_ll.o
         6          0          0          0          0          0   _printf_lld.o
         6          0          0          0          0          0   _printf_lli.o
         6          0          0          0          0          0   _printf_llo.o
         6          0          0          0          0          0   _printf_llu.o
         6          0          0          0          0          0   _printf_llx.o
       124         16          0          0          0         92   _printf_longlong_dec.o
         6          0          0          0          0          0   _printf_ls.o
         6          0          0          0          0          0   _printf_n.o
         6          0          0          0          0          0   _printf_o.o
       112         10          0          0          0        124   _printf_oct_int_ll.o
         6          0          0          0          0          0   _printf_p.o
        78          0          0          0          0        108   _printf_pad.o
         0          0          0          0          0          0   _printf_percent.o
         4          0          0          0          0          0   _printf_percent_end.o
         6          0          0          0          0          0   _printf_s.o
        82          0          0          0          0         80   _printf_str.o
        36          0          0          0          0         84   _printf_truncate.o
         6          0          0          0          0          0   _printf_u.o
        44          0          0          0          0        108   _printf_wchar.o
       188          6          8          0          0         92   _printf_wctomb.o
         6          0          0          0          0          0   _printf_x.o
        22          0          0          0          0        100   _rserrno.o
       884          6          0          0          0        100   _scanf.o
        64          0          0          0          0         84   _sgetc.o
        16          0          0          0          0         68   _snputc.o
        10          0          0          0          0         68   _sputc.o
       158          0          0          0          0         92   _strtoul.o
        64          0          0          0          0         92   _wcrtomb.o
        16          0          0          0          0         68   aeabi_memset.o
        26          0          0          0          0         80   atol.o
       228          4        148          0          0         96   bigflt0.o
      2152        136          0          0          0        960   btod.o
        18          0          0          0          0         80   exit.o
         8          0          0          0          0         68   ferror.o
         6          0          0          0          0        152   heapauxi.o
        18          0          0          0          0         76   isspace.o
        44         10        272          0          0         76   lc_ctype_c.o
        44         10         28          0          0         76   lc_numeric_c.o
         2          0          0          0          0          0   libinit.o
        34          0          0          0          0          0   libinit2.o
         2          0          0          0          0          0   libshutdown.o
         2          0          0          0          0          0   libshutdown2.o
         8          4          0          0         96         68   libspace.o
        38          0          0          0          0         68   llshl.o
       138          0          0          0          0         80   lludiv10.o
        16          4          0          0          0         76   rt_ctype_table.o
         8          4          0          0          0         68   rt_errno_addr_intlibspace.o
         8          4          0          0          0         68   rt_locale_intlibspace.o
        68          0          0          0          0         68   rt_memclr.o
        78          0          0          0          0         80   rt_memclr_w.o
       138          0          0          0          0         68   rt_memcpy_v6.o
       100          0          0          0          0         80   rt_memcpy_w.o
         2          0          0          0          0          0   rtexit.o
        10          0          0          0          0          0   rtexit2.o
        44          8          0          0          0         84   scanf_char.o
      1272         16          0          0          0        168   scanf_fp.o
       800         14          0          0          0        100   scanf_hexfp.o
       308         16          0          0          0        100   scanf_infnan.o
        24          0          0          0          0         68   strcat.o
       128          0          0          0          0         68   strcmpv7m.o
        72          0          0          0          0         80   strcpy.o
        62          0          0          0          0         76   strlen.o
       150          0          0          0          0         80   strncmp.o
        86          0          0          0          0         76   strncpy.o
       164         14          0          0          0        120   strtod.o
       112          0          0          0          0         88   strtol.o
        74          0          0          0          0         80   sys_stackheap_outer.o
        26          0          0          0          0         76   tolower.o
         2          0          0          0          0         68   use_no_semi.o
         2          0          0          0          0         68   use_no_semi_2.o
        52          4          0          0          0         80   vsnprintf.o
        36          4          0          0          0         76   vsprintf.o
        98          4          0          0          0        140   d2f.o
        16          4          0          0          0        116   dcheck1.o
        24          0          0          0          0        116   dcmpi.o
       120          4          0          0          0        140   deqf.o
        94          4          0          0          0        140   dfix.o
        38          0          0          0          0        116   dflt_clz.o
       120          4          0          0          0        140   dleqf.o
       340         12          0          0          0        152   dmul.o
       156          4          0          0          0        140   dnaninf.o
        12          0          0          0          0        116   dretinf.o
       108          0          0          0          0        128   drleqf.o
         0          0         16          0          0          0   fpconst.o
        10          0          0          0          0        116   fpinit.o
        10          0          0          0          0        116   fretinf.o
         6          0          0          0          0        116   istatus.o
         4          0          0          0          0        116   printf1.o
         4          0          0          0          0        116   printf2.o
       100          0          0          0          0        116   retnan.o
        92          0          0          0          0        116   scalbn.o
         4          0          0          0          0        116   scanf1.o
         8          0          0          0          0        132   scanf2.o
        48          0          0          0          0        116   trapv.o
         0          0          0          0          0          0   usenofp.o
        64         16          0          0          0        248   dunder.o
        48          0          0          0          0        124   fpclassify.o
       140         22          0          0          0        132   frexp.o
       228          8          0          0          0        308   ldexp.o
       266         16          0          0          0        308   narrow.o
        40         10          0          0          0        128   strtod.o

    ----------------------------------------------------------------------
     14182        484        572          0        100      10812   Library Totals
        14          2          5          0          4          0   (incl. Padding)

    ----------------------------------------------------------------------

      Code (inc. data)   RO Data    RW Data    ZI Data      Debug   Library Name

     11970        374        551          0         96       6944   c_w.l
      1412         36         16          0          0       2620   fz_wm.l
       786         72          0          0          0       1248   m_wm.l

    ----------------------------------------------------------------------
     14182        484        572          0        100      10812   Library Totals

    ----------------------------------------------------------------------

==============================================================================


      Code (inc. data)   RO Data    RW Data    ZI Data      Debug   

     50410       6238       4118        480     172040     706967   Grand Totals
     50410       6238       4118        132     172040     706967   ELF Image Totals (compressed)
     50410       6238       4118        132          0          0   ROM Totals

==============================================================================

    Total RO  Size (Code + RO Data)                54528 (  53.25kB)
    Total RW  Size (RW Data + ZI Data)            172520 ( 168.48kB)
    Total ROM Size (Code + RO Data + RW Data)      54660 (  53.38kB)

==============================================================================

