Component: ARM Compiler 5.06 update 6 (build 750) Tool: armlink [4d35ed]

==============================================================================

Section Cross References

    main.o(i.main) refers to _printf_percent.o(.ARM.Collect$$_printf_percent$$00000000) for _printf_percent
    main.o(i.main) refers to _printf_s.o(.ARM.Collect$$_printf_percent$$00000014) for _printf_s
    main.o(i.main) refers to _printf_str.o(.text) for _printf_str
    main.o(i.main) refers to bsp.o(i.bsp_Init) for bsp_Init
    main.o(i.main) refers to __2printf.o(.text) for __2printf
    main.o(i.main) refers to tasks.o(i.xTaskCreate) for xTaskCreate
    main.o(i.main) refers to tasks.o(i.vTaskStartScheduler) for vTaskStartScheduler
    main.o(i.main) refers to main.o(.constdata) for .constdata
    main.o(i.main) refers to main.o(.data) for .data
    main.o(i.main) refers to main.o(i.vTaskUpdate) for vTaskUpdate
    main.o(i.vTaskUpdate) refers to ef_env.o(i.ef_get_env_blob) for ef_get_env_blob
    main.o(i.vTaskUpdate) refers to memcmp.o(.text) for memcmp
    main.o(i.vTaskUpdate) refers to tool.o(i.dbg) for dbg
    main.o(i.vTaskUpdate) refers to iap.o(i.IAP_JumpToApplication) for IAP_JumpToApplication
    main.o(i.vTaskUpdate) refers to ef_env.o(i.ef_set_env_blob) for ef_set_env_blob
    main.o(i.vTaskUpdate) refers to iap.o(i.IAP_DownLoadToFlash) for IAP_DownLoadToFlash
    main.o(i.vTaskUpdate) refers to iap.o(i.IAP_DownLoadToSTMFlash) for IAP_DownLoadToSTMFlash
    main.o(i.vTaskUpdate) refers to tool.o(i.str2int) for str2int
    main.o(i.vTaskUpdate) refers to tasks.o(i.vTaskDelay) for vTaskDelay
    system_stm32f4xx.o(i.SystemCoreClockUpdate) refers to system_stm32f4xx.o(.data) for .data
    system_stm32f4xx.o(i.SystemInit) refers to system_stm32f4xx.o(i.SetSysClock) for SetSysClock
    iap.o(i.IAP_DownLoadToFlash) refers to rt_memclr_w.o(.text) for __aeabi_memclr4
    iap.o(i.IAP_DownLoadToFlash) refers to ymodem.o(i.Ymodem_Receive) for Ymodem_Receive
    iap.o(i.IAP_DownLoadToFlash) refers to ef_env.o(i.ef_get_env_blob) for ef_get_env_blob
    iap.o(i.IAP_DownLoadToFlash) refers to tool.o(i.str2int) for str2int
    iap.o(i.IAP_DownLoadToFlash) refers to ef_env.o(i.ef_set_env_blob) for ef_set_env_blob
    iap.o(i.IAP_DownLoadToSTMFlash) refers to tool.o(i.dbg) for dbg
    iap.o(i.IAP_DownLoadToSTMFlash) refers to stmflash.o(i.STM_FLASH_Erase) for STM_FLASH_Erase
    iap.o(i.IAP_DownLoadToSTMFlash) refers to rt_memclr_w.o(.text) for __aeabi_memclr4
    iap.o(i.IAP_DownLoadToSTMFlash) refers to bsp_spi_flash.o(i.bsp_sf_ReadBuffer) for bsp_sf_ReadBuffer
    iap.o(i.IAP_DownLoadToSTMFlash) refers to stmflash.o(i.STM_FLASH_Write) for STM_FLASH_Write
    iap.o(i.IAP_DownLoadToSTMFlash) refers to __2printf.o(.text) for __2printf
    iap.o(i.IAP_JumpToApplication) refers to iap.o(.data) for .data
    tool.o(i.CRC16_Modbus) refers to tool.o(.constdata) for .constdata
    tool.o(i.dbg) refers to _printf_percent.o(.ARM.Collect$$_printf_percent$$00000000) for _printf_percent
    tool.o(i.dbg) refers to _printf_d.o(.ARM.Collect$$_printf_percent$$00000009) for _printf_d
    tool.o(i.dbg) refers to _printf_s.o(.ARM.Collect$$_printf_percent$$00000014) for _printf_s
    tool.o(i.dbg) refers to _printf_dec.o(.text) for _printf_int_dec
    tool.o(i.dbg) refers to _printf_str.o(.text) for _printf_str
    tool.o(i.dbg) refers to rt_memclr_w.o(.text) for __aeabi_memclr4
    tool.o(i.dbg) refers to __2printf.o(.text) for __2printf
    tool.o(i.dbg) refers to vsnprintf.o(.text) for vsnprintf
    tool.o(i.dbh) refers to _printf_percent.o(.ARM.Collect$$_printf_percent$$00000000) for _printf_percent
    tool.o(i.dbh) refers to _printf_d.o(.ARM.Collect$$_printf_percent$$00000009) for _printf_d
    tool.o(i.dbh) refers to _printf_s.o(.ARM.Collect$$_printf_percent$$00000014) for _printf_s
    tool.o(i.dbh) refers to _printf_dec.o(.text) for _printf_int_dec
    tool.o(i.dbh) refers to _printf_str.o(.text) for _printf_str
    tool.o(i.dbh) refers to _printf_pad.o(.text) for _printf_pre_padding
    tool.o(i.dbh) refers to _printf_x.o(.ARM.Collect$$_printf_percent$$0000000C) for _printf_x
    tool.o(i.dbh) refers to _printf_hex_int_ll_ptr.o(.text) for _printf_longlong_hex
    tool.o(i.dbh) refers to __2printf.o(.text) for __2printf
    delay.o(i.SysTick_Handler) refers to tasks.o(i.xTaskGetSchedulerState) for xTaskGetSchedulerState
    delay.o(i.SysTick_Handler) refers to port.o(i.xPortSysTickHandler) for xPortSysTickHandler
    delay.o(i.delay_init) refers to misc.o(i.SysTick_CLKSourceConfig) for SysTick_CLKSourceConfig
    delay.o(i.delay_init) refers to delay.o(.data) for .data
    delay.o(i.delay_ms) refers to tasks.o(i.xTaskGetSchedulerState) for xTaskGetSchedulerState
    delay.o(i.delay_ms) refers to tasks.o(i.vTaskDelay) for vTaskDelay
    delay.o(i.delay_ms) refers to delay.o(i.delay_us) for delay_us
    delay.o(i.delay_ms) refers to delay.o(.data) for .data
    delay.o(i.delay_us) refers to delay.o(.data) for .data
[...]
    __rt_lib_init_exceptions_1               0x080002af   Thumb Code     0  libinit2.o(.ARM.Collect$$libinit$$00000030)
    __rt_lib_init_fp_trap_1                  0x080002af   Thumb Code     0  libinit2.o(.ARM.Collect$$libinit$$0000001F)
    __rt_lib_init_getenv_1                   0x080002af   Thumb Code     0  libinit2.o(.ARM.Collect$$libinit$$00000023)
    __rt_lib_init_lc_numeric_1               0x080002af   Thumb Code     0  libinit2.o(.ARM.Collect$$libinit$$00000017)
    __rt_lib_init_lc_time_1                  0x080002af   Thumb Code     0  libinit2.o(.ARM.Collect$$libinit$$00000019)
    __rt_lib_init_return                     0x080002af   Thumb Code     0  libinit2.o(.ARM.Collect$$libinit$$00000033)
    __rt_lib_init_signal_1                   0x080002af   Thumb Code     0  libinit2.o(.ARM.Collect$$libinit$$0000001D)
    __rt_lib_init_stdio_1                    0x080002af   Thumb Code     0  libinit2.o(.ARM.Collect$$libinit$$00000025)
    __rt_lib_shutdown                        0x080002b1   Thumb Code     0  libshutdown.o(.ARM.Collect$$libshutdown$$00000000)
    __rt_lib_shutdown_cpp_1                  0x080002b3   Thumb Code     0  libshutdown2.o(.ARM.Collect$$libshutdown$$00000002)
    __rt_lib_shutdown_fp_trap_1              0x080002b3   Thumb Code     0  libshutdown2.o(.ARM.Collect$$libshutdown$$00000007)
    __rt_lib_shutdown_heap_1                 0x080002b3   Thumb Code     0  libshutdown2.o(.ARM.Collect$$libshutdown$$0000000F)
    __rt_lib_shutdown_return                 0x080002b3   Thumb Code     0  libshutdown2.o(.ARM.Collect$$libshutdown$$00000010)
    __rt_lib_shutdown_signal_1               0x080002b3   Thumb Code     0  libshutdown2.o(.ARM.Collect$$libshutdown$$0000000A)
    __rt_lib_shutdown_stdio_1                0x080002b3   Thumb Code     0  libshutdown2.o(.ARM.Collect$$libshutdown$$00000004)
    __rt_lib_shutdown_user_alloc_1           0x080002b3   Thumb Code     0  libshutdown2.o(.ARM.Collect$$libshutdown$$0000000C)
    __rt_entry                               0x080002b5   Thumb Code     0  __rtentry.o(.ARM.Collect$$rtentry$$00000000)
    __rt_entry_presh_1                       0x080002b5   Thumb Code     0  __rtentry2.o(.ARM.Collect$$rtentry$$00000002)
    __rt_entry_sh                            0x080002b5   Thumb Code     0  __rtentry4.o(.ARM.Collect$$rtentry$$00000004)
    __rt_entry_li                            0x080002bb   Thumb Code     0  __rtentry2.o(.ARM.Collect$$rtentry$$0000000A)
    __rt_entry_postsh_1                      0x080002bb   Thumb Code     0  __rtentry2.o(.ARM.Collect$$rtentry$$00000009)
    __rt_entry_main                          0x080002bf   Thumb Code     0  __rtentry2.o(.ARM.Collect$$rtentry$$0000000D)
    __rt_entry_postli_1                      0x080002bf   Thumb Code     0  __rtentry2.o(.ARM.Collect$$rtentry$$0000000C)
    __rt_exit                                0x080002c7   Thumb Code     0  rtexit.o(.ARM.Collect$$rtexit$$00000000)
    __rt_exit_ls                             0x080002c9   Thumb Code     0  rtexit2.o(.ARM.Collect$$rtexit$$00000003)
    __rt_exit_prels_1                        0x080002c9   Thumb Code     0  rtexit2.o(.ARM.Collect$$rtexit$$00000002)
    __rt_exit_exit                           0x080002cd   Thumb Code     0  rtexit2.o(.ARM.Collect$$rtexit$$00000004)
    SVC_Handler                              0x080002d5   Thumb Code    28  port.o(.emb_text)
    __asm___6_port_c_39a90d8d__prvStartFirstTask 0x080002f5   Thumb Code    36  port.o(.emb_text)
    __asm___6_port_c_39a90d8d__prvEnableVFP  0x0800031d   Thumb Code    16  port.o(.emb_text)
    PendSV_Handler                           0x08000331   Thumb Code    88  port.o(.emb_text)
    vPortGetIPSR                             0x0800038d   Thumb Code     6  port.o(.emb_text)
    Reset_Handler                            0x08000395   Thumb Code     8  startup_stm32f40_41xxx.o(.text)
    ADC_IRQHandler                           0x080003af   Thumb Code     0  startup_stm32f40_41xxx.o(.text)
    CAN1_RX0_IRQHandler                      0x080003af   Thumb Code     0  startup_stm32f40_41xxx.o(.text)
    CAN1_RX1_IRQHandler                      0x080003af   Thumb Code     0  startup_stm32f40_41xxx.o(.text)
    CAN1_SCE_IRQHandler                      0x080003af   Thumb Code     0  startup_stm32f40_41xxx.o(.text)
    CAN1_TX_IRQHandler                       0x080003af   Thumb Code     0  startup_stm32f40_41xxx.o(.text)
    CAN2_RX0_IRQHandler                      0x080003af   Thumb Code     0  startup_stm32f40_41xxx.o(.text)
    CAN2_RX1_IRQHandler                      0x080003af   Thumb Code     0  startup_stm32f40_41xxx.o(.text)
    CAN2_SCE_IRQHandler                      0x080003af   Thumb Code     0  startup_stm32f40_41xxx.o(.text)
    CAN2_TX_IRQHandler                       0x080003af   Thumb Code     0  startup_stm32f40_41xxx.o(.text)
    CRYP_IRQHandler                          0x080003af   Thumb Code     0  startup_stm32f40_41xxx.o(.text)
    DCMI_IRQHandler                          0x080003af   Thumb Code     0  startup_stm32f40_41xxx.o(.text)
    DMA1_Stream0_IRQHandler                  0x080003af   Thumb Code     0  startup_stm32f40_41xxx.o(.text)
    DMA1_Stream1_IRQHandler                  0x080003af   Thumb Code     0  startup_stm32f40_41xxx.o(.text)
    DMA1_Stream2_IRQHandler                  0x080003af   Thumb Code     0  startup_stm32f40_41xxx.o(.text)
    DMA1_Stream3_IRQHandler                  0x080003af   Thumb Code     0  startup_stm32f40_41xxx.o(.text)
    DMA1_Stream4_IRQHandler                  0x080003af   Thumb Code     0  startup_stm32f40_41xxx.o(.text)
    DMA1_Stream5_IRQHandler                  0x080003af   Thumb Code     0  startup_stm32f40_41xxx.o(.text)
    DMA1_Stream6_IRQHandler                  0x080003af   Thumb Code     0  startup_stm32f40_41xxx.o(.text)
    DMA1_Stream7_IRQHandler                  0x080003af   Thumb Code     0  startup_stm32f40_41xxx.o(.text)
    DMA2_Stream0_IRQHandler                  0x080003af   Thumb Code     0  startup_stm32f40_41xxx.o(.text)
    DMA2_Stream1_IRQHandler                  0x080003af   Thumb Code     0  startup_stm32f40_41xxx.o(.text)
    DMA2_Stream2_IRQHandler                  0x080003af   Thumb Code     0  startup_stm32f40_41xxx.o(.text)
    DMA2_Stream3_IRQHandler                  0x080003af   Thumb Code     0  startup_stm32f40_41xxx.o(.text)
    DMA2_Stream4_IRQHandler                  0x080003af   Thumb Code     0  startup_stm32f40_41xxx.o(.text)
    DMA2_Stream5_IRQHandler                  0x080003af   Thumb Code     0  startup_stm32f40_41xxx.o(.text)
    DMA2_Stream6_IRQHandler                  0x080003af   Thumb Code     0  startup_stm32f40_41xxx.o(.text)
    DMA2_Stream7_IRQHandler                  0x080003af   Thumb Code     0  startup_stm32f40_41xxx.o(.text)
    ETH_IRQHandler                           0x080003af   Thumb Code     0  startup_stm32f40_41xxx.o(.text)
    ETH_WKUP_IRQHandler                      0x080003af   Thumb Code     0  startup_stm32f40_41xxx.o(.text)
    EXTI0_IRQHandler                         0x080003af   Thumb Code     0  startup_stm32f40_41xxx.o(.text)
    EXTI15_10_IRQHandler                     0x080003af   Thumb Code     0  startup_stm32f40_41xxx.o(.text)
    EXTI1_IRQHandler                         0x080003af   Thumb Code     0  startup_stm32f40_41xxx.o(.text)
    EXTI2_IRQHandler                         0x080003af   Thumb Code     0  startup_stm32f40_41xxx.o(.text)
    EXTI3_IRQHandler                         0x080003af   Thumb Code     0  startup_stm32f40_41xxx.o(.text)
    EXTI4_IRQHandler                         0x080003af   Thumb Code     0  startup_stm32f40_41xxx.o(.text)
    EXTI9_5_IRQHandler                       0x080003af   Thumb Code     0  startup_stm32f40_41xxx.o(.text)
    FLASH_IRQHandler                         0x080003af   Thumb Code     0  startup_stm32f40_41xxx.o(.text)
    FPU_IRQHandler                           0x080003af   Thumb Code     0  startup_stm32f40_41xxx.o(.text)
    FSMC_IRQHandler                          0x080003af   Thumb Code     0  startup_stm32f40_41xxx.o(.text)
    HASH_RNG_IRQHandler                      0x080003af   Thumb Code     0  startup_stm32f40_41xxx.o(.text)
    I2C1_ER_IRQHandler                       0x080003af   Thumb Code     0  startup_stm32f40_41xxx.o(.text)
    I2C1_EV_IRQHandler                       0x080003af   Thumb Code     0  startup_stm32f40_41xxx.o(.text)
    I2C2_ER_IRQHandler                       0x080003af   Thumb Code     0  startup_stm32f40_41xxx.o(.text)
    I2C2_EV_IRQHandler                       0x080003af   Thumb Code     0  startup_stm32f40_41xxx.o(.text)
    I2C3_ER_IRQHandler                       0x080003af   Thumb Code     0  startup_stm32f40_41xxx.o(.text)
    I2C3_EV_IRQHandler                       0x080003af   Thumb Code     0  startup_stm32f40_41xxx.o(.text)
    OTG_FS_IRQHandler                        0x080003af   Thumb Code     0  startup_stm32f40_41xxx.o(.text)
    OTG_FS_WKUP_IRQHandler                   0x080003af   Thumb Code     0  startup_stm32f40_41xxx.o(.text)
    OTG_HS_EP1_IN_IRQHandler                 0x080003af   Thumb Code     0  startup_stm32f40_41xxx.o(.text)
    OTG_HS_EP1_OUT_IRQHandler                0x080003af   Thumb Code     0  startup_stm32f40_41xxx.o(.text)
    OTG_HS_IRQHandler                        0x080003af   Thumb Code     0  startup_stm32f40_41xxx.o(.text)
    OTG_HS_WKUP_IRQHandler                   0x080003af   Thumb Code     0  startup_stm32f40_41xxx.o(.text)
    PVD_IRQHandler                           0x080003af   Thumb Code     0  startup_stm32f40_41xxx.o(.text)
    RCC_IRQHandler                           0x080003af   Thumb Code     0  startup_stm32f40_41xxx.o(.text)
    RTC_Alarm_IRQHandler                     0x080003af   Thumb Code     0  startup_stm32f40_41xxx.o(.text)
    RTC_WKUP_IRQHandler                      0x080003af   Thumb Code     0  startup_stm32f40_41xxx.o(.text)
    SDIO_IRQHandler                          0x080003af   Thumb Code     0  startup_stm32f40_41xxx.o(.text)
    SPI1_IRQHandler                          0x080003af   Thumb Code     0  startup_stm32f40_41xxx.o(.text)
    SPI2_IRQHandler                          0x080003af   Thumb Code     0  startup_stm32f40_41xxx.o(.text)
    SPI3_IRQHandler                          0x080003af   Thumb Code     0  startup_stm32f40_41xxx.o(.text)
    TAMP_STAMP_IRQHandler                    0x080003af   Thumb Code     0  startup_stm32f40_41xxx.o(.text)
    TIM1_BRK_TIM9_IRQHandler                 0x080003af   Thumb Code     0  startup_stm32f40_41xxx.o(.text)
    TIM1_CC_IRQHandler                       0x080003af   Thumb Code     0  startup_stm32f40_41xxx.o(.text)
    TIM1_TRG_COM_TIM11_IRQHandler            0x080003af   Thumb Code     0  startup_stm32f40_41xxx.o(.text)
    TIM1_UP_TIM10_IRQHandler                 0x080003af   Thumb Code     0  startup_stm32f40_41xxx.o(.text)
    TIM2_IRQHandler                          0x080003af   Thumb Code     0  startup_stm32f40_41xxx.o(.text)
    TIM3_IRQHandler                          0x080003af   Thumb Code     0  startup_stm32f40_41xxx.o(.text)
    TIM4_IRQHandler                          0x080003af   Thumb Code     0  startup_stm32f40_41xxx.o(.text)
    TIM5_IRQHandler                          0x080003af   Thumb Code     0  startup_stm32f40_41xxx.o(.text)
    TIM7_IRQHandler                          0x080003af   Thumb Code     0  startup_stm32f40_41xxx.o(.text)
    TIM8_BRK_TIM12_IRQHandler                0x080003af   Thumb Code     0  startup_stm32f40_41xxx.o(.text)
    TIM8_CC_IRQHandler                       0x080003af   Thumb Code     0  startup_stm32f40_41xxx.o(.text)
    TIM8_TRG_COM_TIM14_IRQHandler            0x080003af   Thumb Code     0  startup_stm32f40_41xxx.o(.text)
    TIM8_UP_TIM13_IRQHandler                 0x080003af   Thumb Code     0  startup_stm32f40_41xxx.o(.text)
    UART4_IRQHandler                         0x080003af   Thumb Code     0  startup_stm32f40_41xxx.o(.text)
    UART5_IRQHandler                         0x080003af   Thumb Code     0  startup_stm32f40_41xxx.o(.text)
    USART1_IRQHandler                        0x080003af   Thumb Code     0  startup_stm32f40_41xxx.o(.text)
    USART3_IRQHandler                        0x080003af   Thumb Code     0  startup_stm32f40_41xxx.o(.text)
    USART6_IRQHandler                        0x080003af   Thumb Code     0  startup_stm32f40_41xxx.o(.text)
    WWDG_IRQHandler                          0x080003af   Thumb Code     0  startup_stm32f40_41xxx.o(.text)
    __user_initial_stackheap                 0x080003b1   Thumb Code     0  startup_stm32f40_41xxx.o(.text)
    __use_no_semihosting                     0x080003d5   Thumb Code     2  use_no_semi_2.o(.text)
    vsprintf                                 0x080003d9   Thumb Code    32  vsprintf.o(.text)
    vsnprintf                                0x080003fd   Thumb Code    48  vsnprintf.o(.text)
    __2printf                                0x08000431   Thumb Code    20  __2printf.o(.text)
    _printf_pre_padding                      0x08000449   Thumb Code    44  _printf_pad.o(.text)
    _printf_post_padding                     0x08000475   Thumb Code    34  _printf_pad.o(.text)
    _printf_str                              0x08000497   Thumb Code    82  _printf_str.o(.text)
    _printf_int_dec                          0x080004e9   Thumb Code   104  _printf_dec.o(.text)
    _printf_longlong_hex                     0x08000561   Thumb Code    86  _printf_hex_int_ll_ptr.o(.text)
    _printf_int_hex                          0x080005b7   Thumb Code    28  _printf_hex_int_ll_ptr.o(.text)
    _printf_ll_hex                           0x080005d3   Thumb Code    12  _printf_hex_int_ll_ptr.o(.text)
    _printf_hex_ptr                          0x080005df   Thumb Code    18  _printf_hex_int_ll_ptr.o(.text)
    __printf                                 0x080005f5   Thumb Code   388  __printf_flags_ss_wp.o(.text)
    atoi                                     0x0800077d   Thumb Code    26  atoi.o(.text)
    memcmp                                   0x08000797   Thumb Code    88  memcmp.o(.text)
    strcpy                                   0x080007ef   Thumb Code    72  strcpy.o(.text)
    strlen                                   0x08000837   Thumb Code    62  strlen.o(.text)
    strncmp                                  0x08000875   Thumb Code   150  strncmp.o(.text)
    __aeabi_memcpy                           0x0800090b   Thumb Code     0  rt_memcpy_v6.o(.text)
    __rt_memcpy                              0x0800090b   Thumb Code   138  rt_memcpy_v6.o(.text)
    _memcpy_lastbytes                        0x08000971   Thumb Code     0  rt_memcpy_v6.o(.text)
    __aeabi_memset                           0x08000995   Thumb Code    16  aeabi_memset.o(.text)
    __aeabi_memclr                           0x080009a5   Thumb Code     0  rt_memclr.o(.text)
    __rt_memclr                              0x080009a5   Thumb Code    68  rt_memclr.o(.text)
    _memset                                  0x080009a9   Thumb Code     0  rt_memclr.o(.text)
    __aeabi_memclr4                          0x080009e9   Thumb Code     0  rt_memclr_w.o(.text)
    __aeabi_memclr8                          0x080009e9   Thumb Code     0  rt_memclr_w.o(.text)
    __rt_memclr_w                            0x080009e9   Thumb Code    78  rt_memclr_w.o(.text)
    _memset_w                                0x080009ed   Thumb Code     0  rt_memclr_w.o(.text)
    strncpy                                  0x08000a37   Thumb Code    86  strncpy.o(.text)
    __use_two_region_memory                  0x08000a8d   Thumb Code     2  heapauxi.o(.text)
    __rt_heap_escrow$2region                 0x08000a8f   Thumb Code     2  heapauxi.o(.text)
    __rt_heap_expand$2region                 0x08000a91   Thumb Code     2  heapauxi.o(.text)
    __I$use$semihosting                      0x08000a93   Thumb Code     0  use_no_semi.o(.text)
    __use_no_semihosting_swi                 0x08000a93   Thumb Code     2  use_no_semi.o(.text)
    __aeabi_errno_addr                       0x08000a95   Thumb Code     8  rt_errno_addr_intlibspace.o(.text)
    __errno$intlibspace                      0x08000a95   Thumb Code     0  rt_errno_addr_intlibspace.o(.text)
    __rt_errno_addr$intlibspace              0x08000a95   Thumb Code     0  rt_errno_addr_intlibspace.o(.text)
    _printf_truncate_signed                  0x08000a9d   Thumb Code    18  _printf_truncate.o(.text)
    _printf_truncate_unsigned                0x08000aaf   Thumb Code    18  _printf_truncate.o(.text)
    _printf_int_common                       0x08000ac1   Thumb Code   178  _printf_intcommon.o(.text)
    _printf_charcount                        0x08000b73   Thumb Code    40  _printf_charcount.o(.text)
    _printf_char_common                      0x08000ba7   Thumb Code    32  _printf_char_common.o(.text)
    _sputc                                   0x08000bcd   Thumb Code    10  _sputc.o(.text)
    _snputc                                  0x08000bd7   Thumb Code    16  _snputc.o(.text)
    _printf_cs_common                        0x08000be7   Thumb Code    20  _printf_char.o(.text)
    _printf_char                             0x08000bfb   Thumb Code    16  _printf_char.o(.text)
    _printf_string                           0x08000c0b   Thumb Code     8  _printf_char.o(.text)
    _printf_char_file                        0x08000c15   Thumb Code    32  _printf_char_file.o(.text)
    _printf_wctomb                           0x08000c39   Thumb Code   182  _printf_wctomb.o(.text)
    _printf_longlong_dec                     0x08000cf5   Thumb Code   108  _printf_longlong_dec.o(.text)
    _printf_longlong_oct                     0x08000d71   Thumb Code    66  _printf_oct_int_ll.o(.text)
    _printf_int_oct                          0x08000db3   Thumb Code    24  _printf_oct_int_ll.o(.text)
    _printf_ll_oct                           0x08000dcb   Thumb Code    12  _printf_oct_int_ll.o(.text)
    strtol                                   0x08000de1   Thumb Code   112  strtol.o(.text)
    __aeabi_memcpy4                          0x08000e51   Thumb Code     0  rt_memcpy_w.o(.text)
    __aeabi_memcpy8                          0x08000e51   Thumb Code     0  rt_memcpy_w.o(.text)
    __rt_memcpy_w                            0x08000e51   Thumb Code   100  rt_memcpy_w.o(.text)
    _memcpy_lastbytes_aligned                0x08000e99   Thumb Code     0  rt_memcpy_w.o(.text)
    __user_libspace                          0x08000eb5   Thumb Code     8  libspace.o(.text)
    __user_perproc_libspace                  0x08000eb5   Thumb Code     0  libspace.o(.text)
    __user_perthread_libspace                0x08000eb5   Thumb Code     0  libspace.o(.text)
    __rt_ctype_table                         0x08000ebd   Thumb Code    16  rt_ctype_table.o(.text)
    _ll_udiv10                               0x08000ecd   Thumb Code   138  lludiv10.o(.text)
    __lib_sel_fp_printf                      0x08000f57   Thumb Code     2  _printf_fp_dec.o(.text)
    _printf_fp_dec_real                      0x08001109   Thumb Code   620  _printf_fp_dec.o(.text)
    _printf_fp_hex_real                      0x08001375   Thumb Code   756  _printf_fp_hex.o(.text)
    _printf_lcs_common                       0x08001671   Thumb Code    20  _printf_wchar.o(.text)
    _printf_wchar                            0x08001685   Thumb Code    16  _printf_wchar.o(.text)
    _printf_wstring                          0x08001695   Thumb Code     8  _printf_wchar.o(.text)
    _strtoul                                 0x0800169d   Thumb Code   158  _strtoul.o(.text)
    ferror                                   0x0800173b   Thumb Code     8  ferror.o(.text)
    _wcrtomb                                 0x08001743   Thumb Code    64  _wcrtomb.o(.text)
    __user_setup_stackheap                   0x08001783   Thumb Code    74  sys_stackheap_outer.o(.text)
    __rt_locale                              0x080017cd   Thumb Code     8  rt_locale_intlibspace.o(.text)
    _printf_fp_infnan                        0x080017d5   Thumb Code   112  _printf_fp_infnan.o(.text)
    _chval                                   0x08001855   Thumb Code    28  _chval.o(.text)
    _btod_etento                             0x08001871   Thumb Code   224  bigflt0.o(.text)
    exit                                     0x08001955   Thumb Code    18  exit.o(.text)
    strcmp                                   0x08001969   Thumb Code   128  strcmpv7m.o(.text)
    _btod_d2e                                0x080019e9   Thumb Code    62  btod.o(CL$$btod_d2e)
    _d2e_denorm_low                          0x08001a27   Thumb Code    70  btod.o(CL$$btod_d2e_denorm_low)
    _d2e_norm_op1                            0x08001a6d   Thumb Code    96  btod.o(CL$$btod_d2e_norm_op1)
    __btod_div_common                        0x08001acd   Thumb Code   696  btod.o(CL$$btod_div_common)
    _e2e                                     0x08001e05   Thumb Code   220  btod.o(CL$$btod_e2e)
    _btod_ediv                               0x08001ee1   Thumb Code    42  btod.o(CL$$btod_ediv)
    _btod_emul                               0x08001f0b   Thumb Code    42  btod.o(CL$$btod_emul)
    __btod_mult_common                       0x08001f35   Thumb Code   580  btod.o(CL$$btod_mult_common)
    BusFault_Handler                         0x08002179   Thumb Code     2  stm32f4xx_it.o(i.BusFault_Handler)
    DMA_Cmd                                  0x0800217b   Thumb Code    20  stm32f4xx_dma.o(i.DMA_Cmd)
    DMA_DeInit                               0x08002191   Thumb Code   272  stm32f4xx_dma.o(i.DMA_DeInit)
    DMA_Init                                 0x080022b5   Thumb Code    80  stm32f4xx_dma.o(i.DMA_Init)
    DebugMon_Handler                         0x08002309   Thumb Code     2  stm32f4xx_it.o(i.DebugMon_Handler)
    FLASH_ClearFlag                          0x0800230d   Thumb Code     6  stm32f4xx_flash.o(i.FLASH_ClearFlag)
    FLASH_EraseSector                        0x08002319   Thumb Code   104  stm32f4xx_flash.o(i.FLASH_EraseSector)
    FLASH_GetStatus                          0x08002385   Thumb Code    56  stm32f4xx_flash.o(i.FLASH_GetStatus)
    FLASH_ProgramWord                        0x080023c1   Thumb Code    56  stm32f4xx_flash.o(i.FLASH_ProgramWord)
    FLASH_Unlock                             0x080023fd   Thumb Code    22  stm32f4xx_flash.o(i.FLASH_Unlock)
    FLASH_WaitForLastOperation               0x08002421   Thumb Code    30  stm32f4xx_flash.o(i.FLASH_WaitForLastOperation)
    GPIO_Init                                0x0800243f   Thumb Code   120  stm32f4xx_gpio.o(i.GPIO_Init)
    GPIO_PinAFConfig                         0x080024b7   Thumb Code    32  stm32f4xx_gpio.o(i.GPIO_PinAFConfig)
    GPIO_SetBits                             0x080024d7   Thumb Code     4  stm32f4xx_gpio.o(i.GPIO_SetBits)
    HardFault_Handler                        0x08002599   Thumb Code    26  stm32f4xx_it.o(i.HardFault_Handler)
    IAP_DownLoadToFlash                      0x080025e5   Thumb Code   130  iap.o(i.IAP_DownLoadToFlash)
    IAP_DownLoadToSTMFlash                   0x08002695   Thumb Code   110  iap.o(i.IAP_DownLoadToSTMFlash)
    IAP_JumpToApplication                    0x0800274d   Thumb Code    36  iap.o(i.IAP_JumpToApplication)
    MemManage_Handler                        0x0800277d   Thumb Code     2  stm32f4xx_it.o(i.MemManage_Handler)
    NMI_Handler                              0x0800277f   Thumb Code     2  stm32f4xx_it.o(i.NMI_Handler)
    NVIC_Init                                0x08002781   Thumb Code    96  misc.o(i.NVIC_Init)
    NVIC_PriorityGroupConfig                 0x080027e5   Thumb Code    10  misc.o(i.NVIC_PriorityGroupConfig)
    RCC_AHB1PeriphClockCmd                   0x08002819   Thumb Code    18  stm32f4xx_rcc.o(i.RCC_AHB1PeriphClockCmd)
    RCC_APB1PeriphClockCmd                   0x08002831   Thumb Code    18  stm32f4xx_rcc.o(i.RCC_APB1PeriphClockCmd)
    RCC_APB2PeriphClockCmd                   0x08002849   Thumb Code    18  stm32f4xx_rcc.o(i.RCC_APB2PeriphClockCmd)
    RCC_GetClocksFreq                        0x08002861   Thumb Code   132  stm32f4xx_rcc.o(i.RCC_GetClocksFreq)
    SPI_Cmd                                  0x080029a9   Thumb Code    20  stm32f4xx_spi.o(i.SPI_Cmd)
    SPI_I2S_GetFlagStatus                    0x080029bd   Thumb Code    14  stm32f4xx_spi.o(i.SPI_I2S_GetFlagStatus)
    SPI_I2S_ReceiveData                      0x080029cb   Thumb Code     4  stm32f4xx_spi.o(i.SPI_I2S_ReceiveData)
    SPI_I2S_SendData                         0x080029cf   Thumb Code     4  stm32f4xx_spi.o(i.SPI_I2S_SendData)
    SPI_Init                                 0x080029d3   Thumb Code    56  stm32f4xx_spi.o(i.SPI_Init)
    STM_FLASH_Erase                          0x08002a0b   Thumb Code    36  stmflash.o(i.STM_FLASH_Erase)
    STM_FLASH_Init                           0x08002a2f   Thumb Code    16  stmflash.o(i.STM_FLASH_Init)
    STM_FLASH_Write                          0x08002a41   Thumb Code    76  stmflash.o(i.STM_FLASH_Write)
    SysTick_CLKSourceConfig                  0x08002b65   Thumb Code    24  misc.o(i.SysTick_CLKSourceConfig)
    SysTick_Handler                          0x08002b7d   Thumb Code    20  delay.o(i.SysTick_Handler)
    SystemInit                               0x08002b91   Thumb Code    74  system_stm32f4xx.o(i.SystemInit)
    TIM6_DAC_IRQHandler                      0x08002bed   Thumb Code    42  bsp_time.o(i.TIM6_DAC_IRQHandler)
    TIM_ARRPreloadConfig                     0x08002c21   Thumb Code    20  stm32f4xx_tim.o(i.TIM_ARRPreloadConfig)
    TIM_ClearITPendingBit                    0x08002c35   Thumb Code     6  stm32f4xx_tim.o(i.TIM_ClearITPendingBit)
    TIM_Cmd                                  0x08002c3b   Thumb Code    20  stm32f4xx_tim.o(i.TIM_Cmd)
    TIM_GetITStatus                          0x08002c4f   Thumb Code    24  stm32f4xx_tim.o(i.TIM_GetITStatus)
    TIM_ITConfig                             0x08002c67   Thumb Code    16  stm32f4xx_tim.o(i.TIM_ITConfig)
    TIM_TimeBaseInit                         0x08002c79   Thumb Code    96  stm32f4xx_tim.o(i.TIM_TimeBaseInit)
    USART2_IRQHandler                        0x08002cf5   Thumb Code   128  bsp_usart2.o(i.USART2_IRQHandler)
    USART_ClearITPendingBit                  0x08002d81   Thumb Code    12  stm32f4xx_usart.o(i.USART_ClearITPendingBit)
    USART_Cmd                                0x08002d8d   Thumb Code    20  stm32f4xx_usart.o(i.USART_Cmd)
    USART_DMACmd                             0x08002da1   Thumb Code    16  stm32f4xx_usart.o(i.USART_DMACmd)
    USART_GetFlagStatus                      0x08002db1   Thumb Code    14  stm32f4xx_usart.o(i.USART_GetFlagStatus)
    USART_GetITStatus                        0x08002dbf   Thumb Code    62  stm32f4xx_usart.o(i.USART_GetITStatus)
    USART_ITConfig                           0x08002dfd   Thumb Code    48  stm32f4xx_usart.o(i.USART_ITConfig)
    USART_Init                               0x08002e2d   Thumb Code   164  stm32f4xx_usart.o(i.USART_Init)
    USART_ReceiveData                        0x08002ed9   Thumb Code     8  stm32f4xx_usart.o(i.USART_ReceiveData)
    USART_SendData                           0x08002ee1   Thumb Code     8  stm32f4xx_usart.o(i.USART_SendData)
    UsageFault_Handler                       0x08002ee9   Thumb Code     2  stm32f4xx_it.o(i.UsageFault_Handler)
    Ymodem_Receive                           0x08002f61   Thumb Code   444  ymodem.o(i.Ymodem_Receive)
    __ARM_fpclassify                         0x0800316d   Thumb Code    48  fpclassify.o(i.__ARM_fpclassify)
    _is_digit                                0x0800319d   Thumb Code    14  __printf_wp.o(i._is_digit)
    _sys_exit                                0x080031ab   Thumb Code     2  bsp_usart2.o(i._sys_exit)
    bsp_Init                                 0x0800326d   Thumb Code    52  bsp.o(i.bsp_Init)
    bsp_LED_Init                             0x080032a1   Thumb Code   150  bsp_led.o(i.bsp_LED_Init)
    bsp_TIM6_Init                            0x08003345   Thumb Code   108  bsp_time.o(i.bsp_TIM6_Init)
    bsp_TimeSysTickHandler                   0x080033bd   Thumb Code    56  bsp_time.o(i.bsp_TimeSysTickHandler)
    bsp_Usart1_Init                          0x080033f9   Thumb Code   128  bsp_usart1.o(i.bsp_Usart1_Init)
    bsp_Usart2_Init                          0x08003481   Thumb Code   168  bsp_usart2.o(i.bsp_Usart2_Init)
    bsp_sf_EraseSector                       0x08003531   Thumb Code    58  bsp_spi_flash.o(i.bsp_sf_EraseSector)
    bsp_sf_PageWrite                         0x08003571   Thumb Code   284  bsp_spi_flash.o(i.bsp_sf_PageWrite)
    bsp_sf_ReadBuffer                        0x08003699   Thumb Code    84  bsp_spi_flash.o(i.bsp_sf_ReadBuffer)
    bsp_sf_ReadID                            0x080036f5   Thumb Code    56  bsp_spi_flash.o(i.bsp_sf_ReadID)
    bsp_sf_WriteBuffer                       0x08003731   Thumb Code   216  bsp_spi_flash.o(i.bsp_sf_WriteBuffer)
    bsp_spi_flash_init                       0x0800380d   Thumb Code   268  bsp_spi_flash.o(i.bsp_spi_flash_init)
    dbg                                      0x08003b71   Thumb Code    60  tool.o(i.dbg)
    delay_init                               0x08003c25   Thumb Code    50  delay.o(i.delay_init)
    easyflash_init                           0x08003cc1   Thumb Code    62  easyflash.o(i.easyflash_init)
    ef_calc_crc32                            0x08003d59   Thumb Code    32  ef_utils.o(i.ef_calc_crc32)
    ef_env_init                              0x08003d7d   Thumb Code    38  ef_env.o(i.ef_env_init)
    ef_env_set_default                       0x08003da9   Thumb Code   130  ef_env.o(i.ef_env_set_default)
    ef_erase_bak_app                         0x08003e31   Thumb Code    36  ef_iap.o(i.ef_erase_bak_app)
    ef_get_env_blob                          0x08003eb1   Thumb Code    82  ef_env.o(i.ef_get_env_blob)
    ef_iap_init                              0x08003f25   Thumb Code    12  ef_iap.o(i.ef_iap_init)
    ef_load_env                              0x08003f35   Thumb Code    62  ef_env.o(i.ef_load_env)
    ef_log_info                              0x08003f81   Thumb Code    42  ef_port.o(i.ef_log_info)
    ef_port_env_lock                         0x08003fc1   Thumb Code     4  ef_port.o(i.ef_port_env_lock)
    ef_port_env_unlock                       0x08003fc5   Thumb Code     4  ef_port.o(i.ef_port_env_unlock)
    ef_port_erase                            0x08003fc9   Thumb Code    18  ef_port.o(i.ef_port_erase)
    ef_port_init                             0x08003fdd   Thumb Code    20  ef_port.o(i.ef_port_init)
    ef_port_read                             0x08003ff5   Thumb Code    18  ef_port.o(i.ef_port_read)
    ef_port_write                            0x08004007   Thumb Code    24  ef_port.o(i.ef_port_write)
    ef_print                                 0x08004021   Thumb Code    28  ef_port.o(i.ef_print)
    ef_set_env                               0x08004045   Thumb Code    26  ef_env.o(i.ef_set_env)
    ef_set_env_blob                          0x08004061   Thumb Code    48  ef_env.o(i.ef_set_env_blob)
    ef_write_data_to_bak                     0x080040b1   Thumb Code    58  ef_iap.o(i.ef_write_data_to_bak)
    fputc                                    0x08004231   Thumb Code    18  bsp_usart2.o(i.fputc)
    main                                     0x0800433d   Thumb Code    64  main.o(i.main)
    pvPortMalloc                             0x08004c09   Thumb Code   210  heap_4.o(i.pvPortMalloc)
    pxPortInitialiseStack                    0x08004ce1   Thumb Code    40  port.o(i.pxPortInitialiseStack)
    sf_ReadInfo                              0x0800519d   Thumb Code    92  bsp_spi_flash.o(i.sf_ReadInfo)
    str2int                                  0x080052c1   Thumb Code    60  tool.o(i.str2int)
    uxListRemove                             0x08005349   Thumb Code    38  list.o(i.uxListRemove)
    vListInitialise                          0x0800536f   Thumb Code    22  list.o(i.vListInitialise)
    vListInitialiseItem                      0x08005385   Thumb Code     6  list.o(i.vListInitialiseItem)
    vListInsert                              0x0800538b   Thumb Code    48  list.o(i.vListInsert)
    vListInsertEnd                           0x080053bb   Thumb Code    24  list.o(i.vListInsertEnd)
    vPortEnterCritical                       0x080053d5   Thumb Code    54  port.o(i.vPortEnterCritical)
    vPortExitCritical                        0x08005415   Thumb Code    34  port.o(i.vPortExitCritical)
    vPortFree                                0x0800543d   Thumb Code    88  heap_4.o(i.vPortFree)
    vPortSetupTimerInterrupt                 0x08005499   Thumb Code    32  port.o(i.vPortSetupTimerInterrupt)
    vPortValidateInterruptPriority           0x080054bd   Thumb Code    74  port.o(i.vPortValidateInterruptPriority)
    vQueueAddToRegistry                      0x08005511   Thumb Code    32  queue.o(i.vQueueAddToRegistry)
    vQueueWaitForMessageRestricted           0x08005535   Thumb Code    68  queue.o(i.vQueueWaitForMessageRestricted)
    vTaskDelay                               0x08005579   Thumb Code    66  tasks.o(i.vTaskDelay)
    vTaskInternalSetTimeOutState             0x080055c5   Thumb Code    12  tasks.o(i.vTaskInternalSetTimeOutState)
    vTaskMissedYield                         0x080055d5   Thumb Code     8  tasks.o(i.vTaskMissedYield)
    vTaskPlaceOnEventList                    0x080055e1   Thumb Code    44  tasks.o(i.vTaskPlaceOnEventList)
    vTaskPlaceOnEventListRestricted          0x08005611   Thumb Code    52  tasks.o(i.vTaskPlaceOnEventListRestricted)
    vTaskStartScheduler                      0x08005649   Thumb Code    98  tasks.o(i.vTaskStartScheduler)
    vTaskSuspendAll                          0x080056c1   Thumb Code    10  tasks.o(i.vTaskSuspendAll)
    vTaskSwitchContext                       0x080056d1   Thumb Code   108  tasks.o(i.vTaskSwitchContext)
    xPortStartScheduler                      0x080059ad   Thumb Code   224  port.o(i.xPortStartScheduler)
    xPortSysTickHandler                      0x08005aa1   Thumb Code    38  port.o(i.xPortSysTickHandler)
    xQueueGenericCreate                      0x08005acd   Thumb Code    82  queue.o(i.xQueueGenericCreate)
    xQueueGenericReset                       0x08005b21   Thumb Code   132  queue.o(i.xQueueGenericReset)
    xQueueGenericSend                        0x08005ba9   Thumb Code   350  queue.o(i.xQueueGenericSend)
    xQueueGenericSendFromISR                 0x08005d0d   Thumb Code   188  queue.o(i.xQueueGenericSendFromISR)
    xQueueReceive                            0x08005dc9   Thumb Code   308  queue.o(i.xQueueReceive)
    xTaskCheckForTimeOut                     0x08005f01   Thumb Code   112  tasks.o(i.xTaskCheckForTimeOut)
    xTaskCreate                              0x08005f75   Thumb Code    86  tasks.o(i.xTaskCreate)
    xTaskGetSchedulerState                   0x08005fcd   Thumb Code    22  tasks.o(i.xTaskGetSchedulerState)
    xTaskGetTickCount                        0x08005fe9   Thumb Code     6  tasks.o(i.xTaskGetTickCount)
    xTaskIncrementTick                       0x08005ff5   Thumb Code   192  tasks.o(i.xTaskIncrementTick)
    xTaskPriorityDisinherit                  0x080060bd   Thumb Code   144  tasks.o(i.xTaskPriorityDisinherit)
    xTaskRemoveFromEventList                 0x08006155   Thumb Code   108  tasks.o(i.xTaskRemoveFromEventList)
    xTaskResumeAll                           0x080061c9   Thumb Code   182  tasks.o(i.xTaskResumeAll)
    xTimerCreateTimerTask                    0x0800628d   Thumb Code    58  timers.o(i.xTimerCreateTimerTask)
    xTimerGenericCommand                     0x080062d9   Thumb Code    88  timers.o(i.xTimerGenericCommand)
    _get_lc_ctype                            0x08006335   Thumb Code    44  lc_ctype_c.o(locale$$code)
    _get_lc_numeric                          0x08006361   Thumb Code    44  lc_numeric_c.o(locale$$code)
    _fp_init                                 0x0800638d   Thumb Code    10  fpinit.o(x$fpl$fpinit)
    __fplib_config_fpu_vfp                   0x08006395   Thumb Code     0  fpinit.o(x$fpl$fpinit)
    __fplib_config_pureend_doubles           0x08006395   Thumb Code     0  fpinit.o(x$fpl$fpinit)
    _printf_fp_dec                           0x08006397   Thumb Code     4  printf1.o(x$fpl$printf1)
    _printf_fp_hex                           0x0800639b   Thumb Code     4  printf2.o(x$fpl$printf2)
    Softversion                              0x0800639e   Data           6  main.o(.constdata)
    __I$use$fp                               0x0800639e   Number         0  usenofp.o(x$fpl$usenofp)
    SoftBulidDate                            0x080063a4   Data          21  main.o(.constdata)
    DevModel                                 0x080063b9   Data          16  main.o(.constdata)
    Region$$Table$$Base                      0x080069e0   Number         0  anon$$obj.o(Region$$Table)
    Region$$Table$$Limit                     0x08006a00   Number         0  anon$$obj.o(Region$$Table)
    __ctype                                  0x08006a0d   Data           0  lc_ctype_c.o(locale$$data)
    SystemCoreClock                          0x20000004   Data           4  system_stm32f4xx.o(.data)
    AHBPrescTable                            0x20000008   Data          16  system_stm32f4xx.o(.data)
    Jump_To_Application                      0x20000018   Data           4  iap.o(.data)
    ulHighFrequencyTimerTicks                0x20000024   Data           4  bsp_time.o(.data)
    g1msTimerUART1                           0x20000028   Data           4  bsp_time.o(.data)
    g1msTimerUART2                           0x2000002c   Data           4  bsp_time.o(.data)
    g1msTimerUART3                           0x20000030   Data           4  bsp_time.o(.data)
    g1msTimerUART4                           0x20000034   Data           4  bsp_time.o(.data)
    g500usTimerUpDate                        0x20000038   Data           4  bsp_time.o(.data)
    RecvTop2                                 0x2000003c   Data           2  bsp_usart2.o(.data)
    RecvEnd2                                 0x2000003e   Data           2  bsp_usart2.o(.data)
    __stdout                                 0x20000040   Data           4  bsp_usart2.o(.data)
    pxCurrentTCB                             0x20000054   Data           4  tasks.o(.data)
    FileName                                 0x200000e4   Data         256  ymodem.o(.bss)
    g_tSF                                    0x200001e4   Data          28  bsp_spi_flash.o(.bss)
    USART2RecvBuf                            0x20001200   Data        1024  bsp_usart2.o(.bss)
    xQueueRegistry                           0x20001600   Data          64  queue.o(.bss)
    __libspace_start                         0x200068e4   Data          96  libspace.o(.bss)
    __temporary_stack_top$libspace           0x20006944   Data           0  libspace.o(.bss)



==============================================================================

Memory Map of the image

  Image Entry point : 0x08000189

  Load Region LR_IROM1 (Base: 0x08000000, Size: 0x00006c10, Max: 0x0000ffff, ABSOLUTE)

    Execution Region ER_IROM1 (Exec base: 0x08000000, Load base: 0x08000000, Size: 0x00006b2c, Max: 0x0000ffff, ABSOLUTE)

    Exec Addr    Load Addr    Size         Type   Attr      Idx    E Section Name        Object

    0x08000000   0x08000000   0x00000188   Data   RO         3182    RESET               startup_stm32f40_41xxx.o
    0x08000188   0x08000188   0x00000008   Code   RO         4815  * !!!main             c_w.l(__main.o)
    0x08000190   0x08000190   0x00000034   Code   RO         5100    !!!scatter          c_w.l(__scatter.o)
    0x080001c4   0x080001c4   0x0000001a   Code   RO         5102    !!handler_copy      c_w.l(__scatter_copy.o)
    0x080001de   0x080001de   0x00000002   PAD
    0x080001e0   0x080001e0   0x0000001c   Code   RO         5104    !!handler_zi        c_w.l(__scatter_zi.o)
    0x080001fc   0x080001fc   0x00000000   Code   RO         4790    .ARM.Collect$$_printf_percent$$00000000  c_w.l(_printf_percent.o)
    0x080001fc   0x080001fc   0x00000006   Code   RO         4852    .ARM.Collect$$_printf_percent$$00000001  c_w.l(_printf_n.o)
    0x08000202   0x08000202   0x00000006   Code   RO         4853    .ARM.Collect$$_printf_percent$$00000002  c_w.l(_printf_p.o)
    0x08000208   0x08000208   0x00000006   Code   RO         4856    .ARM.Collect$$_printf_percent$$00000003  c_w.l(_printf_f.o)
    0x0800020e   0x0800020e   0x00000006   Code   RO         4857    .ARM.Collect$$_printf_percent$$00000004  c_w.l(_printf_e.o)
    0x08000214   0x08000214   0x00000006   Code   RO         4858    .ARM.Collect$$_printf_percent$$00000005  c_w.l(_printf_g.o)
    0x0800021a   0x0800021a   0x00000006   Code   RO         4859    .ARM.Collect$$_printf_percent$$00000006  c_w.l(_printf_a.o)
    0x08000220   0x08000220   0x0000000a   Code   RO         4864    .ARM.Collect$$_printf_percent$$00000007  c_w.l(_printf_ll.o)
    0x0800022a   0x0800022a   0x00000006   Code   RO         4855    .ARM.Collect$$_printf_percent$$00000008  c_w.l(_printf_i.o)
    0x08000230   0x08000230   0x00000006   Code   RO         4788    .ARM.Collect$$_printf_percent$$00000009  c_w.l(_printf_d.o)
    0x08000236   0x08000236   0x00000006   Code   RO         4789    .ARM.Collect$$_printf_percent$$0000000A  c_w.l(_printf_u.o)
    0x0800023c   0x0800023c   0x00000006   Code   RO         4854    .ARM.Collect$$_printf_percent$$0000000B  c_w.l(_printf_o.o)
    0x08000242   0x08000242   0x00000006   Code   RO         4787    .ARM.Collect$$_printf_percent$$0000000C  c_w.l(_printf_x.o)
    0x08000248   0x08000248   0x00000006   Code   RO         4861    .ARM.Collect$$_printf_percent$$0000000D  c_w.l(_printf_lli.o)
    0x0800024e   0x0800024e   0x00000006   Code   RO         4862    .ARM.Collect$$_printf_percent$$0000000E  c_w.l(_printf_lld.o)
    0x08000254   0x08000254   0x00000006   Code   RO         4863    .ARM.Collect$$_printf_percent$$0000000F  c_w.l(_printf_llu.o)
    0x0800025a   0x0800025a   0x00000006   Code   RO         4868    .ARM.Collect$$_printf_percent$$00000010  c_w.l(_printf_llo.o)
    0x08000260   0x08000260   0x00000006   Code   RO         4869    .ARM.Collect$$_printf_percent$$00000011  c_w.l(_printf_llx.o)
    0x08000266   0x08000266   0x0000000a   Code   RO         4865    .ARM.Collect$$_printf_percent$$00000012  c_w.l(_printf_l.o)
    0x08000270   0x08000270   0x00000006   Code   RO         4785    .ARM.Collect$$_printf_percent$$00000013  c_w.l(_printf_c.o)
    0x08000276   0x08000276   0x00000006   Code   RO         4786    .ARM.Collect$$_printf_percent$$00000014  c_w.l(_printf_s.o)
    0x0800027c   0x0800027c   0x00000006   Code   RO         4866    .ARM.Collect$$_printf_percent$$00000015  c_w.l(_printf_lc.o)
    0x08000282   0x08000282   0x00000006   Code   RO         4867    .ARM.Collect$$_printf_percent$$00000016  c_w.l(_printf_ls.o)
    0x08000288   0x08000288   0x00000004   Code   RO         4860    .ARM.Collect$$_printf_percent$$00000017  c_w.l(_printf_percent_end.o)
    0x0800028c   0x0800028c   0x00000002   Code   RO         4970    .ARM.Collect$$libinit$$00000000  c_w.l(libinit.o)
    0x0800028e   0x0800028e   0x00000004   Code   RO         4980    .ARM.Collect$$libinit$$00000001  c_w.l(libinit2.o)
    0x08000292   0x08000292   0x00000000   Code   RO         4983    .ARM.Collect$$libinit$$00000004  c_w.l(libinit2.o)
    0x08000292   0x08000292   0x00000000   Code   RO         4986    .ARM.Collect$$libinit$$0000000A  c_w.l(libinit2.o)
    0x08000292   0x08000292   0x00000000   Code   RO         4988    .ARM.Collect$$libinit$$0000000C  c_w.l(libinit2.o)
    0x08000292   0x08000292   0x00000000   Code   RO         4990    .ARM.Collect$$libinit$$0000000E  c_w.l(libinit2.o)
    0x08000292   0x08000292   0x00000006   Code   RO         4991    .ARM.Collect$$libinit$$0000000F  c_w.l(libinit2.o)
    0x08000298   0x08000298   0x00000000   Code   RO         4993    .ARM.Collect$$libinit$$00000011  c_w.l(libinit2.o)
    0x08000298   0x08000298   0x0000000c   Code   RO         4994    .ARM.Collect$$libinit$$00000012  c_w.l(libinit2.o)
    0x080002a4   0x080002a4   0x00000000   Code   RO         4995    .ARM.Collect$$libinit$$00000013  c_w.l(libinit2.o)
    0x080002a4   0x080002a4   0x00000000   Code   RO         4997    .ARM.Collect$$libinit$$00000015  c_w.l(libinit2.o)
    0x080002a4   0x080002a4   0x0000000a   Code   RO         4998    .ARM.Collect$$libinit$$00000016  c_w.l(libinit2.o)
    0x080002ae   0x080002ae   0x00000000   Code   RO         4999    .ARM.Collect$$libinit$$00000017  c_w.l(libinit2.o)
    0x080002ae   0x080002ae   0x00000000   Code   RO         5001    .ARM.Collect$$libinit$$00000019  c_w.l(libinit2.o)
    0x080002ae   0x080002ae   0x00000000   Code   RO         5003    .ARM.Collect$$libinit$$0000001B  c_w.l(libinit2.o)
    0x080002ae   0x080002ae   0x00000000   Code   RO         5005    .ARM.Collect$$libinit$$0000001D  c_w.l(libinit2.o)
    0x080002ae   0x080002ae   0x00000000   Code   RO         5007    .ARM.Collect$$libinit$$0000001F  c_w.l(libinit2.o)
    0x080002ae   0x080002ae   0x00000000   Code   RO         5009    .ARM.Collect$$libinit$$00000021  c_w.l(libinit2.o)
    0x080002ae   0x080002ae   0x00000000   Code   RO         5011    .ARM.Collect$$libinit$$00000023  c_w.l(libinit2.o)
    0x080002ae   0x080002ae   0x00000000   Code   RO         5013    .ARM.Collect$$libinit$$00000025  c_w.l(libinit2.o)
    0x080002ae   0x080002ae   0x00000000   Code   RO         5017    .ARM.Collect$$libinit$$0000002C  c_w.l(libinit2.o)
    0x080002ae   0x080002ae   0x00000000   Code   RO         5019    .ARM.Collect$$libinit$$0000002E  c_w.l(libinit2.o)
    0x080002ae   0x080002ae   0x00000000   Code   RO         5021    .ARM.Collect$$libinit$$00000030  c_w.l(libinit2.o)
    0x080002ae   0x080002ae   0x00000000   Code   RO         5023    .ARM.Collect$$libinit$$00000032  c_w.l(libinit2.o)
    0x080002ae   0x080002ae   0x00000002   Code   RO         5024    .ARM.Collect$$libinit$$00000033  c_w.l(libinit2.o)
    0x080002b0   0x080002b0   0x00000002   Code   RO         5042    .ARM.Collect$$libshutdown$$00000000  c_w.l(libshutdown.o)
    0x080002b2   0x080002b2   0x00000000   Code   RO         5052    .ARM.Collect$$libshutdown$$00000002  c_w.l(libshutdown2.o)
    0x080002b2   0x080002b2   0x00000000   Code   RO         5054    .ARM.Collect$$libshutdown$$00000004  c_w.l(libshutdown2.o)
    0x080002b2   0x080002b2   0x00000000   Code   RO         5057    .ARM.Collect$$libshutdown$$00000007  c_w.l(libshutdown2.o)
    0x080002b2   0x080002b2   0x00000000   Code   RO         5060    .ARM.Collect$$libshutdown$$0000000A  c_w.l(libshutdown2.o)
    0x080002b2   0x080002b2   0x00000000   Code   RO         5062    .ARM.Collect$$libshutdown$$0000000C  c_w.l(libshutdown2.o)
    0x080002b2   0x080002b2   0x00000000   Code   RO         5065    .ARM.Collect$$libshutdown$$0000000F  c_w.l(libshutdown2.o)
    0x080002b2   0x080002b2   0x00000002   Code   RO         5066    .ARM.Collect$$libshutdown$$00000010  c_w.l(libshutdown2.o)
    0x080002b4   0x080002b4   0x00000000   Code   RO         4819    .ARM.Collect$$rtentry$$00000000  c_w.l(__rtentry.o)
    0x080002b4   0x080002b4   0x00000000   Code   RO         4886    .ARM.Collect$$rtentry$$00000002  c_w.l(__rtentry2.o)
    0x080002b4   0x080002b4   0x00000006   Code   RO         4898    .ARM.Collect$$rtentry$$00000004  c_w.l(__rtentry4.o)
    0x080002ba   0x080002ba   0x00000000   Code   RO         4888    .ARM.Collect$$rtentry$$00000009  c_w.l(__rtentry2.o)
    0x080002ba   0x080002ba   0x00000004   Code   RO         4889    .ARM.Collect$$rtentry$$0000000A  c_w.l(__rtentry2.o)
    0x080002be   0x080002be   0x00000000   Code   RO         4891    .ARM.Collect$$rtentry$$0000000C  c_w.l(__rtentry2.o)
    0x080002be   0x080002be   0x00000008   Code   RO         4892    .ARM.Collect$$rtentry$$0000000D  c_w.l(__rtentry2.o)
    0x080002c6   0x080002c6   0x00000002   Code   RO         4976    .ARM.Collect$$rtexit$$00000000  c_w.l(rtexit.o)
    0x080002c8   0x080002c8   0x00000000   Code   RO         5026    .ARM.Collect$$rtexit$$00000002  c_w.l(rtexit2.o)
    0x080002c8   0x080002c8   0x00000004   Code   RO         5027    .ARM.Collect$$rtexit$$00000003  c_w.l(rtexit2.o)
    0x080002cc   0x080002cc   0x00000006   Code   RO         5028    .ARM.Collect$$rtexit$$00000004  c_w.l(rtexit2.o)
    0x080002d2   0x080002d2   0x00000002   PAD
    0x080002d4   0x080002d4   0x000000be   Code   RO         4185    .emb_text           port.o
    0x08000392   0x08000392   0x00000002   PAD
    0x08000394   0x08000394   0x00000040   Code   RO         3183    .text               startup_stm32f40_41xxx.o
    0x080003d4   0x080003d4   0x00000002   Code   RO         4722    .text               c_w.l(use_no_semi_2.o)
    0x080003d6   0x080003d6   0x00000002   PAD
    0x080003d8   0x080003d8   0x00000024   Code   RO         4724    .text               c_w.l(vsprintf.o)
    0x080003fc   0x080003fc   0x00000034   Code   RO         4726    .text               c_w.l(vsnprintf.o)
    0x08000430   0x08000430   0x00000018   Code   RO         4728    .text               c_w.l(__2printf.o)
    0x08000448   0x08000448   0x0000004e   Code   RO         4738    .text               c_w.l(_printf_pad.o)
    0x08000496   0x08000496   0x00000052   Code   RO         4740    .text               c_w.l(_printf_str.o)
    0x080004e8   0x080004e8   0x00000078   Code   RO         4742    .text               c_w.l(_printf_dec.o)
    0x08000560   0x08000560   0x00000094   Code   RO         4762    .text               c_w.l(_printf_hex_int_ll_ptr.o)
    0x080005f4   0x080005f4   0x00000188   Code   RO         4782    .text               c_w.l(__printf_flags_ss_wp.o)
    0x0800077c   0x0800077c   0x0000001a   Code   RO         4791    .text               c_w.l(atoi.o)
    0x08000796   0x08000796   0x00000058   Code   RO         4793    .text               c_w.l(memcmp.o)
    0x080007ee   0x080007ee   0x00000048   Code   RO         4795    .text               c_w.l(strcpy.o)
    0x08000836   0x08000836   0x0000003e   Code   RO         4797    .text               c_w.l(strlen.o)
    0x08000874   0x08000874   0x00000096   Code   RO         4799    .text               c_w.l(strncmp.o)
    0x0800090a   0x0800090a   0x0000008a   Code   RO         4801    .text               c_w.l(rt_memcpy_v6.o)
    0x08000994   0x08000994   0x00000010   Code   RO         4805    .text               c_w.l(aeabi_memset.o)
    0x080009a4   0x080009a4   0x00000044   Code   RO         4807    .text               c_w.l(rt_memclr.o)
    0x080009e8   0x080009e8   0x0000004e   Code   RO         4809    .text               c_w.l(rt_memclr_w.o)
    0x08000a36   0x08000a36   0x00000056   Code   RO         4811    .text               c_w.l(strncpy.o)
    0x08000a8c   0x08000a8c   0x00000006   Code   RO         4813    .text               c_w.l(heapauxi.o)
    0x08000a92   0x08000a92   0x00000002   Code   RO         4817    .text               c_w.l(use_no_semi.o)
    0x08000a94   0x08000a94   0x00000008   Code   RO         4823    .text               c_w.l(rt_errno_addr_intlibspace.o)
    0x08000a9c   0x08000a9c   0x00000024   Code   RO         4825    .text               c_w.l(_printf_truncate.o)
    0x08000ac0   0x08000ac0   0x000000b2   Code   RO         4827    .text               c_w.l(_printf_intcommon.o)
    0x08000b72   0x08000b72   0x00000028   Code   RO         4829    .text               c_w.l(_printf_charcount.o)
    0x08000b9a   0x08000b9a   0x00000002   PAD
    0x08000b9c   0x08000b9c   0x00000030   Code   RO         4831    .text               c_w.l(_printf_char_common.o)
    0x08000bcc   0x08000bcc   0x0000000a   Code   RO         4833    .text               c_w.l(_sputc.o)
    0x08000bd6   0x08000bd6   0x00000010   Code   RO         4835    .text               c_w.l(_snputc.o)
    0x08000be6   0x08000be6   0x0000002c   Code   RO         4837    .text               c_w.l(_printf_char.o)
    0x08000c12   0x08000c12   0x00000002   PAD
    0x08000c14   0x08000c14   0x00000024   Code   RO         4839    .text               c_w.l(_printf_char_file.o)
    0x08000c38   0x08000c38   0x000000bc   Code   RO         4841    .text               c_w.l(_printf_wctomb.o)
    0x08000cf4   0x08000cf4   0x0000007c   Code   RO         4844    .text               c_w.l(_printf_longlong_dec.o)
    0x08000d70   0x08000d70   0x00000070   Code   RO         4850    .text               c_w.l(_printf_oct_int_ll.o)
    0x08000de0   0x08000de0   0x00000070   Code   RO         4870    .text               c_w.l(strtol.o)
    0x08000e50   0x08000e50   0x00000064   Code   RO         4872    .text               c_w.l(rt_memcpy_w.o)
    0x08000eb4   0x08000eb4   0x00000008   Code   RO         4882    .text               c_w.l(libspace.o)
    0x08000ebc   0x08000ebc   0x00000010   Code   RO         4900    .text               c_w.l(rt_ctype_table.o)
    0x08000ecc   0x08000ecc   0x0000008a   Code   RO         4902    .text               c_w.l(lludiv10.o)
    0x08000f56   0x08000f56   0x0000041e   Code   RO         4904    .text               c_w.l(_printf_fp_dec.o)
    0x08001374   0x08001374   0x000002fc   Code   RO         4906    .text               c_w.l(_printf_fp_hex.o)
    0x08001670   0x08001670   0x0000002c   Code   RO         4911    .text               c_w.l(_printf_wchar.o)
    0x0800169c   0x0800169c   0x0000009e   Code   RO         4913    .text               c_w.l(_strtoul.o)
    0x0800173a   0x0800173a   0x00000008   Code   RO         4915    .text               c_w.l(ferror.o)
    0x08001742   0x08001742   0x00000040   Code   RO         4919    .text               c_w.l(_wcrtomb.o)
    0x08001782   0x08001782   0x0000004a   Code   RO         4921    .text               c_w.l(sys_stackheap_outer.o)
    0x080017cc   0x080017cc   0x00000008   Code   RO         4926    .text               c_w.l(rt_locale_intlibspace.o)
    0x080017d4   0x080017d4   0x00000080   Code   RO         4928    .text               c_w.l(_printf_fp_infnan.o)
    0x08001854   0x08001854   0x0000001c   Code   RO         4930    .text               c_w.l(_chval.o)
    0x08001870   0x08001870   0x000000e4   Code   RO         4932    .text               c_w.l(bigflt0.o)
    0x08001954   0x08001954   0x00000012   Code   RO         4963    .text               c_w.l(exit.o)
    0x08001966   0x08001966   0x00000002   PAD
    0x08001968   0x08001968   0x00000080   Code   RO         4978    .text               c_w.l(strcmpv7m.o)
    0x080019e8   0x080019e8   0x0000003e   Code   RO         4935    CL$$btod_d2e        c_w.l(btod.o)
    0x08001a26   0x08001a26   0x00000046   Code   RO         4937    CL$$btod_d2e_denorm_low  c_w.l(btod.o)
    0x08001a6c   0x08001a6c   0x00000060   Code   RO         4936    CL$$btod_d2e_norm_op1  c_w.l(btod.o)
    0x08001acc   0x08001acc   0x00000338   Code   RO         4945    CL$$btod_div_common  c_w.l(btod.o)
    0x08001e04   0x08001e04   0x000000dc   Code   RO         4942    CL$$btod_e2e        c_w.l(btod.o)
    0x08001ee0   0x08001ee0   0x0000002a   Code   RO         4939    CL$$btod_ediv       c_w.l(btod.o)
    0x08001f0a   0x08001f0a   0x0000002a   Code   RO         4938    CL$$btod_emul       c_w.l(btod.o)
    0x08001f34   0x08001f34   0x00000244   Code   RO         4944    CL$$btod_mult_common  c_w.l(btod.o)
    0x08002178   0x08002178   0x00000002   Code   RO          287    i.BusFault_Handler  stm32f4xx_it.o
    0x0800217a   0x0800217a   0x00000014   Code   RO         2802    i.DMA_Cmd           stm32f4xx_dma.o
    0x0800218e   0x0800218e   0x00000002   PAD
    0x08002190   0x08002190   0x00000124   Code   RO         2803    i.DMA_DeInit        stm32f4xx_dma.o
    0x080022b4   0x080022b4   0x00000054   Code   RO         2814    i.DMA_Init          stm32f4xx_dma.o
    0x08002308   0x08002308   0x00000002   Code   RO          288    i.DebugMon_Handler  stm32f4xx_it.o
    0x0800230a   0x0800230a   0x00000002   PAD
    0x0800230c   0x0800230c   0x0000000c   Code   RO         2928    i.FLASH_ClearFlag   stm32f4xx_flash.o
    0x08002318   0x08002318   0x0000006c   Code   RO         2934    i.FLASH_EraseSector  stm32f4xx_flash.o
    0x08002384   0x08002384   0x0000003c   Code   RO         2936    i.FLASH_GetStatus   stm32f4xx_flash.o
    0x080023c0   0x080023c0   0x0000003c   Code   RO         2964    i.FLASH_ProgramWord  stm32f4xx_flash.o
    0x080023fc   0x080023fc   0x00000024   Code   RO         2966    i.FLASH_Unlock      stm32f4xx_flash.o
    0x08002420   0x08002420   0x0000001e   Code   RO         2967    i.FLASH_WaitForLastOperation  stm32f4xx_flash.o
    0x0800243e   0x0800243e   0x00000078   Code   RO         1128    i.GPIO_Init         stm32f4xx_gpio.o
    0x080024b6   0x080024b6   0x00000020   Code   RO         1129    i.GPIO_PinAFConfig  stm32f4xx_gpio.o
    0x080024d6   0x080024d6   0x00000004   Code   RO         1136    i.GPIO_SetBits      stm32f4xx_gpio.o
    0x080024da   0x080024da   0x00000002   PAD
    0x080024dc   0x080024dc   0x000000bc   Code   RO          651    i.GetSector         stmflash.o
    0x08002598   0x08002598   0x0000004c   Code   RO          289    i.HardFault_Handler  stm32f4xx_it.o
    0x080025e4   0x080025e4   0x000000b0   Code   RO          381    i.IAP_DownLoadToFlash  iap.o
    0x08002694   0x08002694   0x000000b8   Code   RO          382    i.IAP_DownLoadToSTMFlash  iap.o
    0x0800274c   0x0800274c   0x00000030   Code   RO          383    i.IAP_JumpToApplication  iap.o
    0x0800277c   0x0800277c   0x00000002   Code   RO          290    i.MemManage_Handler  stm32f4xx_it.o
    0x0800277e   0x0800277e   0x00000002   Code   RO          291    i.NMI_Handler       stm32f4xx_it.o
    0x08002780   0x08002780   0x00000064   Code   RO         1083    i.NVIC_Init         misc.o
    0x080027e4   0x080027e4   0x00000014   Code   RO         1084    i.NVIC_PriorityGroupConfig  misc.o
    0x080027f8   0x080027f8   0x00000020   Code   RO          700    i.NVIC_SystemReset  ymodem.o
    0x08002818   0x08002818   0x00000018   Code   RO         1449    i.RCC_AHB1PeriphClockCmd  stm32f4xx_rcc.o
    0x08002830   0x08002830   0x00000018   Code   RO         1458    i.RCC_APB1PeriphClockCmd  stm32f4xx_rcc.o
    0x08002848   0x08002848   0x00000018   Code   RO         1461    i.RCC_APB2PeriphClockCmd  stm32f4xx_rcc.o
    0x08002860   0x08002860   0x00000090   Code   RO         1470    i.RCC_GetClocksFreq  stm32f4xx_rcc.o
    0x080028f0   0x080028f0   0x0000002c   Code   RO          701    i.Receive_Byte      ymodem.o
    0x0800291c   0x0800291c   0x0000008c   Code   RO          702    i.Receive_Packet    ymodem.o
    0x080029a8   0x080029a8   0x00000014   Code   RO         2095    i.SPI_Cmd           stm32f4xx_spi.o
    0x080029bc   0x080029bc   0x0000000e   Code   RO         2103    i.SPI_I2S_GetFlagStatus  stm32f4xx_spi.o
    0x080029ca   0x080029ca   0x00000004   Code   RO         2106    i.SPI_I2S_ReceiveData  stm32f4xx_spi.o
    0x080029ce   0x080029ce   0x00000004   Code   RO         2107    i.SPI_I2S_SendData  stm32f4xx_spi.o
    0x080029d2   0x080029d2   0x00000038   Code   RO         2108    i.SPI_Init          stm32f4xx_spi.o
    0x08002a0a   0x08002a0a   0x00000024   Code   RO          653    i.STM_FLASH_Erase   stmflash.o
    0x08002a2e   0x08002a2e   0x00000010   Code   RO          655    i.STM_FLASH_Init    stmflash.o
    0x08002a3e   0x08002a3e   0x00000002   PAD
    0x08002a40   0x08002a40   0x00000050   Code   RO          656    i.STM_FLASH_Write   stmflash.o
    0x08002a90   0x08002a90   0x00000020   Code   RO          703    i.Send_Byte         ymodem.o
    0x08002ab0   0x08002ab0   0x000000b4   Code   RO          344    i.SetSysClock       system_stm32f4xx.o
    0x08002b64   0x08002b64   0x00000018   Code   RO         1087    i.SysTick_CLKSourceConfig  misc.o
    0x08002b7c   0x08002b7c   0x00000014   Code   RO          519    i.SysTick_Handler   delay.o
    0x08002b90   0x08002b90   0x0000005c   Code   RO          346    i.SystemInit        system_stm32f4xx.o
    0x08002bec   0x08002bec   0x00000034   Code   RO          919    i.TIM6_DAC_IRQHandler  bsp_time.o
    0x08002c20   0x08002c20   0x00000014   Code   RO         2255    i.TIM_ARRPreloadConfig  stm32f4xx_tim.o
    0x08002c34   0x08002c34   0x00000006   Code   RO         2262    i.TIM_ClearITPendingBit  stm32f4xx_tim.o
    0x08002c3a   0x08002c3a   0x00000014   Code   RO         2267    i.TIM_Cmd           stm32f4xx_tim.o
    0x08002c4e   0x08002c4e   0x00000018   Code   RO         2288    i.TIM_GetITStatus   stm32f4xx_tim.o
    0x08002c66   0x08002c66   0x00000010   Code   RO         2292    i.TIM_ITConfig      stm32f4xx_tim.o
    0x08002c76   0x08002c76   0x00000002   PAD
    0x08002c78   0x08002c78   0x0000007c   Code   RO         2339    i.TIM_TimeBaseInit  stm32f4xx_tim.o
    0x08002cf4   0x08002cf4   0x0000008c   Code   RO          994    i.USART2_IRQHandler  bsp_usart2.o
    0x08002d80   0x08002d80   0x0000000c   Code   RO         1840    i.USART_ClearITPendingBit  stm32f4xx_usart.o
    0x08002d8c   0x08002d8c   0x00000014   Code   RO         1843    i.USART_Cmd         stm32f4xx_usart.o
    0x08002da0   0x08002da0   0x00000010   Code   RO         1844    i.USART_DMACmd      stm32f4xx_usart.o
    0x08002db0   0x08002db0   0x0000000e   Code   RO         1846    i.USART_GetFlagStatus  stm32f4xx_usart.o
    0x08002dbe   0x08002dbe   0x0000003e   Code   RO         1847    i.USART_GetITStatus  stm32f4xx_usart.o
    0x08002dfc   0x08002dfc   0x00000030   Code   RO         1849    i.USART_ITConfig    stm32f4xx_usart.o
    0x08002e2c   0x08002e2c   0x000000ac   Code   RO         1850    i.USART_Init        stm32f4xx_usart.o
    0x08002ed8   0x08002ed8   0x00000008   Code   RO         1857    i.USART_ReceiveData  stm32f4xx_usart.o
    0x08002ee0   0x08002ee0   0x00000008   Code   RO         1860    i.USART_SendData    stm32f4xx_usart.o
    0x08002ee8   0x08002ee8   0x00000002   Code   RO          292    i.UsageFault_Handler  stm32f4xx_it.o
    0x08002eea   0x08002eea   0x00000002   PAD
    0x08002eec   0x08002eec   0x00000074   Code   RO          957    i.Usart1_DMA2_Config  bsp_usart1.o
    0x08002f60   0x08002f60   0x0000020c   Code   RO          704    i.Ymodem_Receive    ymodem.o
    0x0800316c   0x0800316c   0x00000030   Code   RO         4974    i.__ARM_fpclassify  m_wm.l(fpclassify.o)
    0x0800319c   0x0800319c   0x0000000e   Code   RO         4775    i._is_digit         c_w.l(__printf_wp.o)
    0x080031aa   0x080031aa   0x00000002   Code   RO          995    i._sys_exit         bsp_usart2.o
    0x080031ac   0x080031ac   0x0000001e   Code   RO         4420    i.align_write       ef_env.o
    0x080031ca   0x080031ca   0x00000002   PAD
    0x080031cc   0x080031cc   0x00000074   Code   RO         4421    i.alloc_env         ef_env.o
    0x08003240   0x08003240   0x0000002c   Code   RO         4422    i.alloc_env_cb      ef_env.o
    0x0800326c   0x0800326c   0x00000034   Code   RO          747    i.bsp_Init          bsp.o
    0x080032a0   0x080032a0   0x000000a4   Code   RO          889    i.bsp_LED_Init      bsp_led.o
    0x08003344   0x08003344   0x00000078   Code   RO          920    i.bsp_TIM6_Init     bsp_time.o
    0x080033bc   0x080033bc   0x0000003c   Code   RO          921    i.bsp_TimeSysTickHandler  bsp_time.o
    0x080033f8   0x080033f8   0x00000088   Code   RO          960    i.bsp_Usart1_Init   bsp_usart1.o
    0x08003480   0x08003480   0x000000b0   Code   RO          996    i.bsp_Usart2_Init   bsp_usart2.o
    0x08003530   0x08003530   0x00000040   Code   RO          768    i.bsp_sf_EraseSector  bsp_spi_flash.o
    0x08003570   0x08003570   0x00000128   Code   RO          769    i.bsp_sf_PageWrite  bsp_spi_flash.o
    0x08003698   0x08003698   0x0000005c   Code   RO          770    i.bsp_sf_ReadBuffer  bsp_spi_flash.o
    0x080036f4   0x080036f4   0x0000003c   Code   RO          771    i.bsp_sf_ReadID     bsp_spi_flash.o
    0x08003730   0x08003730   0x000000dc   Code   RO          772    i.bsp_sf_WriteBuffer  bsp_spi_flash.o
    0x0800380c   0x0800380c   0x0000011c   Code   RO          773    i.bsp_spi_flash_init  bsp_spi_flash.o
    0x08003928   0x08003928   0x00000044   Code   RO         4423    i.check_and_recovery_env_cb  ef_env.o
    0x0800396c   0x0800396c   0x00000074   Code   RO         4424    i.check_sec_hdr_cb  ef_env.o
    0x080039e0   0x080039e0   0x00000190   Code   RO         4425    i.create_env_blob   ef_env.o
    0x08003b70   0x08003b70   0x00000054   Code   RO          440    i.dbg               tool.o
    0x08003bc4   0x08003bc4   0x00000060   Code   RO         4426    i.del_env           ef_env.o
    0x08003c24   0x08003c24   0x00000038   Code   RO          520    i.delay_init        delay.o
    0x08003c5c   0x08003c5c   0x00000064   Code   RO         4427    i.do_gc             ef_env.o
    0x08003cc0   0x08003cc0   0x00000098   Code   RO         4311    i.easyflash_init    easyflash.o
    0x08003d58   0x08003d58   0x00000024   Code   RO         4324    i.ef_calc_crc32     ef_utils.o
    0x08003d7c   0x08003d7c   0x0000002c   Code   RO         4430    i.ef_env_init       ef_env.o
    0x08003da8   0x08003da8   0x00000088   Code   RO         4431    i.ef_env_set_default  ef_env.o
    0x08003e30   0x08003e30   0x00000080   Code   RO         4655    i.ef_erase_bak_app  ef_iap.o
    0x08003eb0   0x08003eb0   0x00000074   Code   RO         4433    i.ef_get_env_blob   ef_env.o
    0x08003f24   0x08003f24   0x00000010   Code   RO         4660    i.ef_iap_init       ef_iap.o
    0x08003f34   0x08003f34   0x0000004c   Code   RO         4435    i.ef_load_env       ef_env.o
    0x08003f80   0x08003f80   0x00000040   Code   RO         4341    i.ef_log_info       ef_port.o
    0x08003fc0   0x08003fc0   0x00000004   Code   RO         4342    i.ef_port_env_lock  ef_port.o
    0x08003fc4   0x08003fc4   0x00000004   Code   RO         4343    i.ef_port_env_unlock  ef_port.o
    0x08003fc8   0x08003fc8   0x00000012   Code   RO         4344    i.ef_port_erase     ef_port.o
    0x08003fda   0x08003fda   0x00000002   PAD
    0x08003fdc   0x08003fdc   0x00000018   Code   RO         4345    i.ef_port_init      ef_port.o
    0x08003ff4   0x08003ff4   0x00000012   Code   RO         4346    i.ef_port_read      ef_port.o
    0x08004006   0x08004006   0x00000018   Code   RO         4347    i.ef_port_write     ef_port.o
    0x0800401e   0x0800401e   0x00000002   PAD
    0x08004020   0x08004020   0x00000024   Code   RO         4348    i.ef_print          ef_port.o
    0x08004044   0x08004044   0x0000001a   Code   RO         4439    i.ef_set_env        ef_env.o
    0x0800405e   0x0800405e   0x00000002   PAD
    0x08004060   0x08004060   0x00000050   Code   RO         4440    i.ef_set_env_blob   ef_env.o
    0x080040b0   0x080040b0   0x0000006c   Code   RO         4661    i.ef_write_data_to_bak  ef_iap.o
    0x0800411c   0x0800411c   0x00000062   Code   RO         4441    i.env_iterator      ef_env.o
    0x0800417e   0x0800417e   0x00000002   PAD
    0x08004180   0x08004180   0x00000020   Code   RO         4442    i.find_env          ef_env.o
    0x080041a0   0x080041a0   0x00000038   Code   RO         4443    i.find_env_cb       ef_env.o
    0x080041d8   0x080041d8   0x00000058   Code   RO         4444    i.format_sector     ef_env.o
    0x08004230   0x08004230   0x00000018   Code   RO         1004    i.fputc             bsp_usart2.o
    0x08004248   0x08004248   0x0000000e   Code   RO         4445    i.gc_check_cb       ef_env.o
    0x08004256   0x08004256   0x00000002   PAD
    0x08004258   0x08004258   0x00000048   Code   RO         4446    i.gc_collect        ef_env.o
    0x080042a0   0x080042a0   0x00000040   Code   RO         4447    i.get_next_env_addr  ef_env.o
    0x080042e0   0x080042e0   0x00000034   Code   RO         4448    i.get_next_sector_addr  ef_env.o
    0x08004314   0x08004314   0x00000028   Code   RO         4449    i.get_status        ef_env.o
    0x0800433c   0x0800433c   0x00000088   Code   RO            3    i.main              main.o
    0x080043c4   0x080043c4   0x000000bc   Code   RO         4450    i.move_env          ef_env.o
    0x08004480   0x08004480   0x00000034   Code   RO         4451    i.new_env           ef_env.o
    0x080044b4   0x080044b4   0x00000070   Code   RO         3692    i.prvAddCurrentTaskToDelayedList  tasks.o
    0x08004524   0x08004524   0x000000d4   Code   RO         3693    i.prvAddNewTaskToReadyList  tasks.o
    0x080045f8   0x080045f8   0x00000050   Code   RO         4049    i.prvCheckForValidListAndQueue  timers.o
    0x08004648   0x08004648   0x00000026   Code   RO         3338    i.prvCopyDataFromQueue  queue.o
    0x0800466e   0x0800466e   0x0000006c   Code   RO         3339    i.prvCopyDataToQueue  queue.o
    0x080046da   0x080046da   0x00000014   Code   RO         3694    i.prvDeleteTCB      tasks.o
    0x080046ee   0x080046ee   0x00000002   PAD
    0x080046f0   0x080046f0   0x0000004c   Code   RO         4262    i.prvHeapInit       heap_4.o
    0x0800473c   0x0800473c   0x0000005c   Code   RO         3695    i.prvIdleTask       tasks.o
    0x08004798   0x08004798   0x000000ae   Code   RO         3696    i.prvInitialiseNewTask  tasks.o
    0x08004846   0x08004846   0x00000002   PAD
    0x08004848   0x08004848   0x0000004c   Code   RO         4263    i.prvInsertBlockIntoFreeList  heap_4.o
    0x08004894   0x08004894   0x00000038   Code   RO         4050    i.prvInsertTimerInActiveList  timers.o
    0x080048cc   0x080048cc   0x0000001a   Code   RO         3340    i.prvIsQueueEmpty   queue.o
    0x080048e6   0x080048e6   0x00000002   PAD
    0x080048e8   0x080048e8   0x000000f0   Code   RO         4051    i.prvProcessReceivedCommands  timers.o
    0x080049d8   0x080049d8   0x000000c0   Code   RO         4052    i.prvProcessTimerOrBlockTask  timers.o
    0x08004a98   0x08004a98   0x00000020   Code   RO         3698    i.prvResetNextTaskUnblockTime  tasks.o
    0x08004ab8   0x08004ab8   0x00000028   Code   RO         4053    i.prvSampleTimeNow  timers.o
    0x08004ae0   0x08004ae0   0x0000006c   Code   RO         4054    i.prvSwitchTimerLists  timers.o
    0x08004b4c   0x08004b4c   0x00000028   Code   RO         4186    i.prvTaskExitError  port.o
    0x08004b74   0x08004b74   0x00000028   Code   RO         4055    i.prvTimerTask      timers.o
    0x08004b9c   0x08004b9c   0x0000006a   Code   RO         3341    i.prvUnlockQueue    queue.o
    0x08004c06   0x08004c06   0x00000002   PAD
    0x08004c08   0x08004c08   0x000000d8   Code   RO         4264    i.pvPortMalloc      heap_4.o
    0x08004ce0   0x08004ce0   0x0000002c   Code   RO         4187    i.pxPortInitialiseStack  port.o
    0x08004d0c   0x08004d0c   0x000000d8   Code   RO         4453    i.read_env          ef_env.o
    0x08004de4   0x08004de4   0x000000f8   Code   RO         4454    i.read_sector_meta_data  ef_env.o
    0x08004edc   0x08004edc   0x00000020   Code   RO         4455    i.read_status       ef_env.o
    0x08004efc   0x08004efc   0x00000056   Code   RO         4456    i.sector_iterator   ef_env.o
    0x08004f52   0x08004f52   0x00000022   Code   RO         4457    i.sector_statistics_cb  ef_env.o
    0x08004f74   0x08004f74   0x00000088   Code   RO         4458    i.set_env           ef_env.o
    0x08004ffc   0x08004ffc   0x0000002c   Code   RO         4459    i.set_status        ef_env.o
    0x08005028   0x08005028   0x00000108   Code   RO          774    i.sf_AutoWritePage  bsp_spi_flash.o
    0x08005130   0x08005130   0x0000006c   Code   RO          775    i.sf_CmpData        bsp_spi_flash.o
    0x0800519c   0x0800519c   0x000000ac   Code   RO          776    i.sf_ReadInfo       bsp_spi_flash.o
    0x08005248   0x08005248   0x00000034   Code   RO          777    i.sf_SendByte       bsp_spi_flash.o
    0x0800527c   0x0800527c   0x00000028   Code   RO          778    i.sf_WaitForWriteEnd  bsp_spi_flash.o
    0x080052a4   0x080052a4   0x0000001c   Code   RO          779    i.sf_WriteEnable    bsp_spi_flash.o
    0x080052c0   0x080052c0   0x0000003c   Code   RO          443    i.str2int           tool.o
    0x080052fc   0x080052fc   0x0000004c   Code   RO         4460    i.update_sec_status  ef_env.o
    0x08005348   0x08005348   0x00000026   Code   RO         3298    i.uxListRemove      list.o
    0x0800536e   0x0800536e   0x00000016   Code   RO         3299    i.vListInitialise   list.o
    0x08005384   0x08005384   0x00000006   Code   RO         3300    i.vListInitialiseItem  list.o
    0x0800538a   0x0800538a   0x00000030   Code   RO         3301    i.vListInsert       list.o
    0x080053ba   0x080053ba   0x00000018   Code   RO         3302    i.vListInsertEnd    list.o
    0x080053d2   0x080053d2   0x00000002   PAD
    0x080053d4   0x080053d4   0x00000040   Code   RO         4189    i.vPortEnterCritical  port.o
    0x08005414   0x08005414   0x00000028   Code   RO         4190    i.vPortExitCritical  port.o
    0x0800543c   0x0800543c   0x0000005c   Code   RO         4265    i.vPortFree         heap_4.o
    0x08005498   0x08005498   0x00000024   Code   RO         4191    i.vPortSetupTimerInterrupt  port.o
    0x080054bc   0x080054bc   0x00000054   Code   RO         4192    i.vPortValidateInterruptPriority  port.o
    0x08005510   0x08005510   0x00000024   Code   RO         3347    i.vQueueAddToRegistry  queue.o
    0x08005534   0x08005534   0x00000044   Code   RO         3351    i.vQueueWaitForMessageRestricted  queue.o
    0x08005578   0x08005578   0x0000004c   Code   RO         3709    i.vTaskDelay        tasks.o
    0x080055c4   0x080055c4   0x00000010   Code   RO         3715    i.vTaskInternalSetTimeOutState  tasks.o
    0x080055d4   0x080055d4   0x0000000c   Code   RO         3717    i.vTaskMissedYield  tasks.o
    0x080055e0   0x080055e0   0x00000030   Code   RO         3719    i.vTaskPlaceOnEventList  tasks.o
    0x08005610   0x08005610   0x00000038   Code   RO         3720    i.vTaskPlaceOnEventListRestricted  tasks.o
    0x08005648   0x08005648   0x00000078   Code   RO         3728    i.vTaskStartScheduler  tasks.o
    0x080056c0   0x080056c0   0x00000010   Code   RO         3730    i.vTaskSuspendAll   tasks.o
    0x080056d0   0x080056d0   0x00000078   Code   RO         3731    i.vTaskSwitchContext  tasks.o
    0x08005748   0x08005748   0x00000230   Code   RO            4    i.vTaskUpdate       main.o
    0x08005978   0x08005978   0x00000032   Code   RO         4461    i.write_status      ef_env.o
    0x080059aa   0x080059aa   0x00000002   PAD
    0x080059ac   0x080059ac   0x000000f4   Code   RO         4193    i.xPortStartScheduler  port.o
    0x08005aa0   0x08005aa0   0x0000002c   Code   RO         4194    i.xPortSysTickHandler  port.o
    0x08005acc   0x08005acc   0x00000052   Code   RO         3354    i.xQueueGenericCreate  queue.o
    0x08005b1e   0x08005b1e   0x00000002   PAD
    0x08005b20   0x08005b20   0x00000088   Code   RO         3355    i.xQueueGenericReset  queue.o
    0x08005ba8   0x08005ba8   0x00000164   Code   RO         3356    i.xQueueGenericSend  queue.o
    0x08005d0c   0x08005d0c   0x000000bc   Code   RO         3357    i.xQueueGenericSendFromISR  queue.o
    0x08005dc8   0x08005dc8   0x00000138   Code   RO         3364    i.xQueueReceive     queue.o
    0x08005f00   0x08005f00   0x00000074   Code   RO         3732    i.xTaskCheckForTimeOut  tasks.o
    0x08005f74   0x08005f74   0x00000056   Code   RO         3733    i.xTaskCreate       tasks.o
    0x08005fca   0x08005fca   0x00000002   PAD
    0x08005fcc   0x08005fcc   0x0000001c   Code   RO         3737    i.xTaskGetSchedulerState  tasks.o
    0x08005fe8   0x08005fe8   0x0000000c   Code   RO         3738    i.xTaskGetTickCount  tasks.o
    0x08005ff4   0x08005ff4   0x000000c8   Code   RO         3740    i.xTaskIncrementTick  tasks.o
    0x080060bc   0x080060bc   0x00000098   Code   RO         3743    i.xTaskPriorityDisinherit  tasks.o
    0x08006154   0x08006154   0x00000074   Code   RO         3745    i.xTaskRemoveFromEventList  tasks.o
    0x080061c8   0x080061c8   0x000000c4   Code   RO         3746    i.xTaskResumeAll    tasks.o
    0x0800628c   0x0800628c   0x0000004c   Code   RO         4062    i.xTimerCreateTimerTask  timers.o
    0x080062d8   0x080062d8   0x0000005c   Code   RO         4063    i.xTimerGenericCommand  timers.o
    0x08006334   0x08006334   0x0000002c   Code   RO         4958    locale$$code        c_w.l(lc_ctype_c.o)
    0x08006360   0x08006360   0x0000002c   Code   RO         4961    locale$$code        c_w.l(lc_numeric_c.o)
    0x0800638c   0x0800638c   0x0000000a   Code   RO         5034    x$fpl$fpinit        fz_wm.l(fpinit.o)
    0x08006396   0x08006396   0x00000004   Code   RO         4874    x$fpl$printf1       fz_wm.l(printf1.o)
    0x0800639a   0x0800639a   0x00000004   Code   RO         4876    x$fpl$printf2       fz_wm.l(printf2.o)
    0x0800639e   0x0800639e   0x00000000   Code   RO         4973    x$fpl$usenofp       fz_wm.l(usenofp.o)
    0x0800639e   0x0800639e   0x0000002b   Data   RO            5    .constdata          main.o
    0x080063c9   0x080063c9   0x00000003   PAD
    0x080063cc   0x080063cc   0x00000400   Data   RO         4325    .constdata          ef_utils.o
    0x080067cc   0x080067cc   0x00000030   Data   RO         4350    .constdata          ef_port.o
    0x080067fc   0x080067fc   0x00000028   Data   RO         4763    .constdata          c_w.l(_printf_hex_int_ll_ptr.o)
    0x08006824   0x08006824   0x00000011   Data   RO         4783    .constdata          c_w.l(__printf_flags_ss_wp.o)
    0x08006835   0x08006835   0x00000003   PAD
    0x08006838   0x08006838   0x00000008   Data   RO         4842    .constdata          c_w.l(_printf_wctomb.o)
    0x08006840   0x08006840   0x00000026   Data   RO         4907    .constdata          c_w.l(_printf_fp_hex.o)
    0x08006866   0x08006866   0x00000002   PAD
    0x08006868   0x08006868   0x00000094   Data   RO         4933    .constdata          c_w.l(bigflt0.o)
    0x080068fc   0x080068fc   0x0000004a   Data   RO         4312    .conststring        easyflash.o
    0x08006946   0x08006946   0x00000002   PAD
    0x08006948   0x08006948   0x0000004b   Data   RO         4351    .conststring        ef_port.o
    0x08006993   0x08006993   0x00000001   PAD
    0x08006994   0x08006994   0x0000004c   Data   RO         4463    .conststring        ef_env.o
    0x080069e0   0x080069e0   0x00000020   Data   RO         5098    Region$$Table       anon$$obj.o
    0x08006a00   0x08006a00   0x00000110   Data   RO         4957    locale$$data        c_w.l(lc_ctype_c.o)
    0x08006b10   0x08006b10   0x0000001c   Data   RO         4960    locale$$data        c_w.l(lc_numeric_c.o)


    Execution Region RW_IRAM1 (Exec base: 0x20000000, Load base: 0x08006b2c, Size: 0x00006f48, Max: 0x00020000, ABSOLUTE)

    Exec Addr    Load Addr    Size         Type   Attr      Idx    E Section Name        Object

    0x20000000   0x08006b2c   0x00000004   Data   RW            6    .data               main.o
    0x20000004   0x08006b30   0x00000014   Data   RW          347    .data               system_stm32f4xx.o
    0x20000018   0x08006b44   0x00000004   Data   RW          384    .data               iap.o
    0x2000001c   0x08006b48   0x00000004   Data   RW          525    .data               delay.o
    0x20000020   0x08006b4c   0x00000004   Data   RW          706    .data               ymodem.o
    0x20000024   0x08006b50   0x00000018   Data   RW          922    .data               bsp_time.o
    0x2000003c   0x08006b68   0x00000004   Data   RW         1006    .data               bsp_usart2.o
    0x20000040   0x08006b6c   0x00000004   Data   RW         1007    .data               bsp_usart2.o
    0x20000044   0x08006b70   0x00000010   Data   RW         1502    .data               stm32f4xx_rcc.o
    0x20000054   0x08006b80   0x00000044   Data   RW         3749    .data               tasks.o
    0x20000098   0x08006bc4   0x00000014   Data   RW         4069    .data               timers.o
    0x200000ac   0x08006bd8   0x0000000c   Data   RW         4195    .data               port.o
    0x200000b8   0x08006be4   0x00000018   Data   RW         4270    .data               heap_4.o
    0x200000d0   0x08006bfc   0x00000010   Data   RW         4464    .data               ef_env.o
    0x200000e0   0x08006c0c   0x00000004   Data   RW         4662    .data               ef_iap.o
    0x200000e4        -       0x00000100   Zero   RW          705    .bss                ymodem.o
    0x200001e4        -       0x0000101c   Zero   RW          780    .bss                bsp_spi_flash.o
    0x20001200        -       0x00000400   Zero   RW         1005    .bss                bsp_usart2.o
    0x20001600        -       0x00000040   Zero   RW         3368    .bss                queue.o
    0x20001640        -       0x0000012c   Zero   RW         3748    .bss                tasks.o
    0x2000176c        -       0x00000028   Zero   RW         4068    .bss                timers.o
    0x20001794        -       0x00005000   Zero   RW         4269    .bss                heap_4.o
    0x20006794        -       0x00000080   Zero   RW         4349    .bss                ef_port.o
    0x20006814        -       0x000000d0   Zero   RW         4462    .bss                ef_env.o
    0x200068e4        -       0x00000060   Zero   RW         4883    .bss                c_w.l(libspace.o)
    0x20006944   0x08006c10   0x00000004   PAD
    0x20006948        -       0x00000200   Zero   RW         3181    HEAP                startup_stm32f40_41xxx.o
    0x20006b48        -       0x00000400   Zero   RW         3180    STACK               startup_stm32f40_41xxx.o


==============================================================================

Image component sizes


      Code (inc. data)   RO Data    RW Data    ZI Data      Debug   Object Name

        52          0          0          0          0        531   bsp.o
       164         14          0          0          0        651   bsp_led.o
      1680        158          0          0       4124      11392   bsp_spi_flash.o
       232         26          0         24          0       2561   bsp_time.o
       252         18          0          0          0       1814   bsp_usart1.o
       342         26          0          8       1024       4633   bsp_usart2.o
        76          6          0          4          0       1899   delay.o
       152         90         74          0          0       1033   easyflash.o
      3126        362         76         16        208      32659   ef_env.o
       252        146          0          4          0       2732   ef_iap.o
       192         34        123          0        128       5751   ef_port.o
        36          4       1024          0          0       1260   ef_utils.o
         0          0          0          0          0       9652   event_groups.o
       460         24          0         24      20480       4503   heap_4.o
       408        132          0          4          0       6133   iap.o
         0          0          0          0          0        996   ini.o
       138          0          0          0          0       3222   list.o
       696        336         43          4          0     353243   main.o
       144         14          0          0          0       2397   misc.o
       786         80          0         12          0      11397   port.o
      1456         18          0          0         64      15726   queue.o
        64         26        392          0       1536        868   startup_stm32f40_41xxx.o
       396         24          0          0          0       3594   stm32f4xx_dma.o
       306         32          0          0          0       4704   stm32f4xx_flash.o
       156          0          0          0          0       2598   stm32f4xx_gpio.o
        86         50          0          0          0       3009   stm32f4xx_it.o
       216         30          0         16          0       5103   stm32f4xx_rcc.o
        98          0          0          0          0       3930   stm32f4xx_spi.o
       210         28          0          0          0       5820   stm32f4xx_tim.o
       360          8          0          0          0       7574   stm32f4xx_usart.o
       320         46          0          0          0       3297   stmflash.o
       272         36          0         20          0       1893   system_stm32f4xx.o
      2012        166          0         68        300      23960   tasks.o
       924         84          0         20         40      19807   timers.o
       144         24          0          0          0       1984   tool.o
       772         98          0          4        256       5388   ymodem.o

    ----------------------------------------------------------------------
     17022       2140       1770        228      28160     567714   Object Totals
         0          0         32          0          0          0   (incl. Generated)
        42          0          6          0          0          0   (incl. Padding)

    ----------------------------------------------------------------------

      Code (inc. data)   RO Data    RW Data    ZI Data      Debug   Library Member Name

        24          4          0          0          0         84   __2printf.o
         8          0          0          0          0         68   __main.o
       392          4         17          0          0         92   __printf_flags_ss_wp.o
        14          0          0          0          0         68   __printf_wp.o
         0          0          0          0          0          0   __rtentry.o
        12          0          0          0          0          0   __rtentry2.o
         6          0          0          0          0          0   __rtentry4.o
        52          8          0          0          0          0   __scatter.o
        26          0          0          0          0          0   __scatter_copy.o
        28          0          0          0          0          0   __scatter_zi.o
        28          0          0          0          0         68   _chval.o
         6          0          0          0          0          0   _printf_a.o
         6          0          0          0          0          0   _printf_c.o
        44          0          0          0          0        108   _printf_char.o
        48          6          0          0          0         96   _printf_char_common.o
        36          4          0          0          0         80   _printf_char_file.o
        40          0          0          0          0         68   _printf_charcount.o
         6          0          0          0          0          0   _printf_d.o
       120         16          0          0          0         92   _printf_dec.o
         6          0          0          0          0          0   _printf_e.o
         6          0          0          0          0          0   _printf_f.o
      1054          0          0          0          0        216   _printf_fp_dec.o
       764          8         38          0          0        100   _printf_fp_hex.o
       128         16          0          0          0         84   _printf_fp_infnan.o
         6          0          0          0          0          0   _printf_g.o
       148          4         40          0          0        160   _printf_hex_int_ll_ptr.o
         6          0          0          0          0          0   _printf_i.o
       178          0          0          0          0         88   _printf_intcommon.o
        10          0          0          0          0          0   _printf_l.o
         6          0          0          0          0          0   _printf_lc.o
        10          0          0          0          0          0   _printf_ll.o
         6          0          0          0          0          0   _printf_lld.o
         6          0          0          0          0          0   _printf_lli.o
         6          0          0          0          0          0   _printf_llo.o
         6          0          0          0          0          0   _printf_llu.o
         6          0          0          0          0          0   _printf_llx.o
       124         16          0          0          0         92   _printf_longlong_dec.o
         6          0          0          0          0          0   _printf_ls.o
         6          0          0          0          0          0   _printf_n.o
         6          0          0          0          0          0   _printf_o.o
       112         10          0          0          0        124   _printf_oct_int_ll.o
         6          0          0          0          0          0   _printf_p.o
        78          0          0          0          0        108   _printf_pad.o
         0          0          0          0          0          0   _printf_percent.o
         4          0          0          0          0          0   _printf_percent_end.o
         6          0          0          0          0          0   _printf_s.o
        82          0          0          0          0         80   _printf_str.o
        36          0          0          0          0         84   _printf_truncate.o
         6          0          0          0          0          0   _printf_u.o
        44          0          0          0          0        108   _printf_wchar.o
       188          6          8          0          0         92   _printf_wctomb.o
         6          0          0          0          0          0   _printf_x.o
        16          0          0          0          0         68   _snputc.o
        10          0          0          0          0         68   _sputc.o
       158          0          0          0          0         92   _strtoul.o
        64          0          0          0          0         92   _wcrtomb.o
        16          0          0          0          0         68   aeabi_memset.o
        26          0          0          0          0         80   atoi.o
       228          4        148          0          0         96   bigflt0.o
      1936        128          0          0          0        672   btod.o
        18          0          0          0          0         80   exit.o
         8          0          0          0          0         68   ferror.o
         6          0          0          0          0        152   heapauxi.o
        44         10        272          0          0         76   lc_ctype_c.o
        44         10         28          0          0         76   lc_numeric_c.o
         2          0          0          0          0          0   libinit.o
        34          0          0          0          0          0   libinit2.o
         2          0          0          0          0          0   libshutdown.o
         2          0          0          0          0          0   libshutdown2.o
         8          4          0          0         96         68   libspace.o
       138          0          0          0          0         80   lludiv10.o
        88          0          0          0          0         76   memcmp.o
        16          4          0          0          0         76   rt_ctype_table.o
         8          4          0          0          0         68   rt_errno_addr_intlibspace.o
         8          4          0          0          0         68   rt_locale_intlibspace.o
        68          0          0          0          0         68   rt_memclr.o
        78          0          0          0          0         80   rt_memclr_w.o
       138          0          0          0          0         68   rt_memcpy_v6.o
       100          0          0          0          0         80   rt_memcpy_w.o
         2          0          0          0          0          0   rtexit.o
        10          0          0          0          0          0   rtexit2.o
       128          0          0          0          0         68   strcmpv7m.o
        72          0          0          0          0         80   strcpy.o
        62          0          0          0          0         76   strlen.o
       150          0          0          0          0         80   strncmp.o
        86          0          0          0          0         76   strncpy.o
       112          0          0          0          0         88   strtol.o
        74          0          0          0          0         80   sys_stackheap_outer.o
         2          0          0          0          0         68   use_no_semi.o
         2          0          0          0          0         68   use_no_semi_2.o
        52          4          0          0          0         80   vsnprintf.o
        36          4          0          0          0         76   vsprintf.o
        10          0          0          0          0        116   fpinit.o
         4          0          0          0          0        116   printf1.o
         4          0          0          0          0        116   printf2.o
         0          0          0          0          0          0   usenofp.o
        48          0          0          0          0        124   fpclassify.o

    ----------------------------------------------------------------------
      8088        278        556          0        100       5892   Library Totals
        12          0          5          0          4          0   (incl. Padding)

    ----------------------------------------------------------------------

      Code (inc. data)   RO Data    RW Data    ZI Data      Debug   Library Name

      8010        278        551          0         96       5420   c_w.l
        18          0          0          0          0        348   fz_wm.l
        48          0          0          0          0        124   m_wm.l

    ----------------------------------------------------------------------
      8088        278        556          0        100       5892   Library Totals

    ----------------------------------------------------------------------

==============================================================================


      Code (inc. data)   RO Data    RW Data    ZI Data      Debug   

     25110       2418       2326        228      28260     551386   Grand Totals
     25110       2418       2326        228      28260     551386   ELF Image Totals
     25110       2418       2326        228          0          0   ROM Totals

==============================================================================

    Total RO  Size (Code + RO Data)                27436 (  26.79kB)
    Total RW  Size (RW Data + ZI Data)             28488 (  27.82kB)
    Total ROM Size (Code + RO Data + RW Data)      27664 (  27.02kB)

==============================================================================

