Component: ARM Compiler 5.06 update 6 (build 750) Tool: armlink [4d35ed]

==============================================================================

Section Cross References

    main.o(i.AppObjCreate) refers to event_groups.o(i.xEventGroupCreate) for xEventGroupCreate
    main.o(i.AppObjCreate) refers to main.o(i.App_Printf) for App_Printf
    main.o(i.AppObjCreate) refers to queue.o(i.xQueueCreateMutex) for xQueueCreateMutex
    main.o(i.AppObjCreate) refers to queue.o(i.xQueueGenericCreate) for xQueueGenericCreate
    main.o(i.AppObjCreate) refers to main.o(.data) for .data
    main.o(i.AppObjCreate) refers to comm.o(.data) for gxMutex
    main.o(i.AppTaskCreate) refers to tasks.o(i.xTaskCreate) for xTaskCreate
    main.o(i.AppTaskCreate) refers to main.o(.data) for .data
    main.o(i.AppTaskCreate) refers to main.o(i.vTaskHandShake) for vTaskHandShake
    main.o(i.AppTaskCreate) refers to main.o(i.vTaskLed) for vTaskLed
    main.o(i.AppTaskCreate) refers to comm.o(.data) for xHandleTaskQueryMotor
    main.o(i.AppTaskCreate) refers to main.o(i.vTaskQueryMotor) for vTaskQueryMotor
    main.o(i.AppTaskCreate) refers to main.o(i.vTaskMortorToHost) for vTaskMortorToHost
    main.o(i.AppTaskCreate) refers to main.o(i.vTaskMsgPro) for vTaskMsgPro
    main.o(i.AppTaskCreate) refers to main.o(i.vTaskInfrared) for vTaskInfrared
    main.o(i.AppTaskCreate) refers to main.o(i.vTaskRs485) for vTaskRs485
    main.o(i.AppTaskCreate) refers to main.o(i.vTaskReader) for vTaskReader
    main.o(i.AppTaskCreate) refers to main.o(i.vTaskQR) for vTaskQR
    main.o(i.AppTaskCreate) refers to main.o(i.vTaskKey) for vTaskKey
    main.o(i.AppTaskCreate) refers to main.o(i.vTaskMonitor) for vTaskMonitor
    main.o(i.AppTaskCreate) refers to main.o(i.vTaskStart) for vTaskStart
    main.o(i.App_Printf) refers to _printf_percent.o(.ARM.Collect$$_printf_percent$$00000000) for _printf_percent
    main.o(i.App_Printf) refers to _printf_s.o(.ARM.Collect$$_printf_percent$$00000014) for _printf_s
    main.o(i.App_Printf) refers to _printf_str.o(.text) for _printf_str
    main.o(i.App_Printf) refers to vsnprintf.o(.text) for vsnprintf
    main.o(i.App_Printf) refers to queue.o(i.xQueueSemaphoreTake) for xQueueSemaphoreTake
    main.o(i.App_Printf) refers to __2printf.o(.text) for __2printf
    main.o(i.App_Printf) refers to queue.o(i.xQueueGenericSend) for xQueueGenericSend
    main.o(i.App_Printf) refers to comm.o(.data) for gxMutex
    main.o(i.main) refers to bsp.o(i.bsp_Init) for bsp_Init
    main.o(i.main) refers to main.o(i.AppObjCreate) for AppObjCreate
    main.o(i.main) refers to main.o(i.AppTaskCreate) for AppTaskCreate
    main.o(i.main) refers to tasks.o(i.vTaskStartScheduler) for vTaskStartScheduler
    main.o(i.vTaskHandShake) refers to _printf_pad.o(.text) for _printf_pre_padding
    main.o(i.vTaskHandShake) refers to _printf_percent.o(.ARM.Collect$$_printf_percent$$00000000) for _printf_percent
    main.o(i.vTaskHandShake) refers to _printf_d.o(.ARM.Collect$$_printf_percent$$00000009) for _printf_d
    main.o(i.vTaskHandShake) refers to _printf_dec.o(.text) for _printf_int_dec
    main.o(i.vTaskHandShake) refers to ef_env.o(i.ef_get_env) for ef_get_env
    main.o(i.vTaskHandShake) refers to atol.o(.text) for atol
    main.o(i.vTaskHandShake) refers to __2sprintf.o(.text) for __2sprintf
    main.o(i.vTaskHandShake) refers to ef_env.o(i.ef_set_env) for ef_set_env
    main.o(i.vTaskHandShake) refers to tool.o(i.asc2bcd) for asc2bcd
    main.o(i.vTaskHandShake) refers to comm.o(i.send_to_host) for send_to_host
    main.o(i.vTaskHandShake) refers to tasks.o(i.vTaskDelete) for vTaskDelete
    main.o(i.vTaskInfrared) refers to bsp_infrared.o(i.bsp_infrared_scan) for bsp_infrared_scan
    main.o(i.vTaskInfrared) refers to queue.o(i.xQueueGenericSend) for xQueueGenericSend
    main.o(i.vTaskInfrared) refers to tool.o(i.dbg) for dbg
    main.o(i.vTaskInfrared) refers to tool.o(i.dbh) for dbh
    main.o(i.vTaskInfrared) refers to comm.o(i.send_to_host) for send_to_host
    main.o(i.vTaskInfrared) refers to event_groups.o(i.xEventGroupSetBits) for xEventGroupSetBits
    main.o(i.vTaskInfrared) refers to tasks.o(i.vTaskDelay) for vTaskDelay
    main.o(i.vTaskInfrared) refers to comm.o(.bss) for gQueueToHost
    main.o(i.vTaskInfrared) refers to main.o(.data) for .data
    main.o(i.vTaskKey) refers to bsp_key.o(i.bsp_key_Scan) for bsp_key_Scan
    main.o(i.vTaskKey) refers to main.o(i.App_Printf) for App_Printf
    main.o(i.vTaskKey) refers to event_groups.o(i.xEventGroupSetBits) for xEventGroupSetBits
    main.o(i.vTaskKey) refers to tasks.o(i.vTaskDelay) for vTaskDelay
    main.o(i.vTaskKey) refers to bsp_uart_fifo.o(i.comSendBuf) for comSendBuf
    main.o(i.vTaskKey) refers to bsp_uart_fifo.o(i.RS485_SendBuf) for RS485_SendBuf
    main.o(i.vTaskKey) refers to comm.o(i.SendAsciiCodeToHost) for SendAsciiCodeToHost
    main.o(i.vTaskKey) refers to main.o(.data) for .data
[...]
    _get_lc_ctype                            0x0801bf39   Thumb Code    44  lc_ctype_c.o(locale$$code)
    _get_lc_numeric                          0x0801bf65   Thumb Code    44  lc_numeric_c.o(locale$$code)
    __aeabi_d2f                              0x0801bf91   Thumb Code     0  d2f.o(x$fpl$d2f)
    _d2f                                     0x0801bf91   Thumb Code    98  d2f.o(x$fpl$d2f)
    __fpl_dcheck_NaN1                        0x0801bff5   Thumb Code    10  dcheck1.o(x$fpl$dcheck1)
    __fpl_dcmp_Inf                           0x0801c005   Thumb Code    24  dcmpi.o(x$fpl$dcmpinf)
    __aeabi_cdcmpeq                          0x0801c01d   Thumb Code     0  deqf.o(x$fpl$deqf)
    _dcmpeq                                  0x0801c01d   Thumb Code   120  deqf.o(x$fpl$deqf)
    __aeabi_d2iz                             0x0801c095   Thumb Code     0  dfix.o(x$fpl$dfix)
    _dfix                                    0x0801c095   Thumb Code    94  dfix.o(x$fpl$dfix)
    __aeabi_ui2d                             0x0801c0f3   Thumb Code     0  dflt_clz.o(x$fpl$dfltu)
    _dfltu                                   0x0801c0f3   Thumb Code    38  dflt_clz.o(x$fpl$dfltu)
    __aeabi_cdcmple                          0x0801c119   Thumb Code     0  dleqf.o(x$fpl$dleqf)
    _dcmple                                  0x0801c119   Thumb Code   120  dleqf.o(x$fpl$dleqf)
    __fpl_dcmple_InfNaN                      0x0801c17b   Thumb Code     0  dleqf.o(x$fpl$dleqf)
    __aeabi_dmul                             0x0801c191   Thumb Code     0  dmul.o(x$fpl$dmul)
    _dmul                                    0x0801c191   Thumb Code   332  dmul.o(x$fpl$dmul)
    __fpl_dnaninf                            0x0801c2e5   Thumb Code   156  dnaninf.o(x$fpl$dnaninf)
    __fpl_dretinf                            0x0801c381   Thumb Code    12  dretinf.o(x$fpl$dretinf)
    __aeabi_cdrcmple                         0x0801c38d   Thumb Code     0  drleqf.o(x$fpl$drleqf)
    _drcmple                                 0x0801c38d   Thumb Code   108  drleqf.o(x$fpl$drleqf)
    _fp_init                                 0x0801c3f9   Thumb Code    10  fpinit.o(x$fpl$fpinit)
    __fplib_config_fpu_vfp                   0x0801c401   Thumb Code     0  fpinit.o(x$fpl$fpinit)
    __fplib_config_pureend_doubles           0x0801c401   Thumb Code     0  fpinit.o(x$fpl$fpinit)
    __fpl_fretinf                            0x0801c403   Thumb Code    10  fretinf.o(x$fpl$fretinf)
    __ieee_status                            0x0801c40d   Thumb Code     6  istatus.o(x$fpl$ieeestatus)
    _printf_fp_dec                           0x0801c413   Thumb Code     4  printf1.o(x$fpl$printf1)
    _printf_fp_hex                           0x0801c417   Thumb Code     4  printf2.o(x$fpl$printf2)
    __fpl_return_NaN                         0x0801c41b   Thumb Code   100  retnan.o(x$fpl$retnan)
    __ARM_scalbn                             0x0801c47f   Thumb Code    92  scalbn.o(x$fpl$scalbn)
    _scanf_real                              0x0801c4db   Thumb Code     4  scanf1.o(x$fpl$scanf1)
    _scanf_hex_real                          0x0801c4df   Thumb Code     4  scanf2.o(x$fpl$scanf2)
    _scanf_infnan                            0x0801c4e3   Thumb Code     4  scanf2.o(x$fpl$scanf2)
    __fpl_cmpreturn                          0x0801c4e7   Thumb Code    48  trapv.o(x$fpl$trapveneer)
    CrcHi                                    0x0801c516   Data         256  tool.o(.constdata)
    __I$use$fp                               0x0801c516   Number         0  usenofp.o(x$fpl$usenofp)
    CrcLo                                    0x0801c616   Data         256  tool.o(.constdata)
    Softversion                              0x0801c716   Data           6  devinfo.o(.constdata)
    Hardversion                              0x0801c71c   Data           6  devinfo.o(.constdata)
    SoftBulidDate                            0x0801c722   Data          21  devinfo.o(.constdata)
    DevModel                                 0x0801c737   Data          13  devinfo.o(.constdata)
    DevBatch                                 0x0801c744   Data          12  devinfo.o(.constdata)
    gDevinfo                                 0x0801c750   Data          24  devinfo.o(.constdata)
    memtblsize                               0x0801c768   Data          12  malloc.o(.constdata)
    memblksize                               0x0801c774   Data          12  malloc.o(.constdata)
    memsize                                  0x0801c780   Data          12  malloc.o(.constdata)
    Region$$Table$$Base                      0x0801d1b8   Number         0  anon$$obj.o(Region$$Table)
    Region$$Table$$Limit                     0x0801d1d8   Number         0  anon$$obj.o(Region$$Table)
    __aeabi_HUGE_VAL                         0x0801d1d8   Data           0  fpconst.o(c$$dinf)
    __aeabi_HUGE_VALL                        0x0801d1d8   Data           0  fpconst.o(c$$dinf)
    __aeabi_INFINITY                         0x0801d1d8   Data           0  fpconst.o(c$$dinf)
    __dInf                                   0x0801d1d8   Data           0  fpconst.o(c$$dinf)
    __huge_val                               0x0801d1d8   Data           0  fpconst.o(c$$dinf)
    __dbl_max                                0x0801d1e0   Data           0  fpconst.o(c$$dmax)
    __ctype                                  0x0801d1f5   Data           0  lc_ctype_c.o(locale$$data)
    mem3base                                 0x10000000   Data       51200  malloc.o(.ARM.__AT_0x10000000)
    mem3mapbase                              0x1000c800   Data        3200  malloc.o(.ARM.__AT_0x1000C800)
    SystemCoreClock                          0x20000034   Data           4  system_stm32f4xx.o(.data)
    AHBPrescTable                            0x20000038   Data          16  system_stm32f4xx.o(.data)
    gxMutex                                  0x2000004c   Data           4  comm.o(.data)
    xHandleTaskQueryMotor                    0x20000050   Data           4  comm.o(.data)
    gICReaderParam                           0x20000058   Data           8  ini.o(.data)
    gQRCodeParam                             0x20000060   Data           8  ini.o(.data)
    mallco_dev                               0x2000007c   Data          36  malloc.o(.data)
    ulHighFrequencyTimerTicks                0x200000a4   Data           4  bsp_time.o(.data)
    g1msTimerUART1                           0x200000a8   Data           4  bsp_time.o(.data)
    g1msTimerUART2                           0x200000ac   Data           4  bsp_time.o(.data)
    g1msTimerUART3                           0x200000b0   Data           4  bsp_time.o(.data)
    g1msTimerUART4                           0x200000b4   Data           4  bsp_time.o(.data)
    g1msTimerUART5                           0x200000b8   Data           4  bsp_time.o(.data)
    g500usCount                              0x200000bc   Data           4  bsp_time.o(.data)
    Motro_A                                  0x200000c5   Data           1  bsp_uart_fifo.o(.data)
    Motro_B                                  0x200000c6   Data           1  bsp_uart_fifo.o(.data)
    __stdout                                 0x200000c8   Data           4  bsp_uart_fifo.o(.data)
    pxCurrentTCB                             0x200000dc   Data           4  tasks.o(.data)
    gRecvHost                                0x200001b8   Data         520  comm.o(.bss)
    gQueueToHost                             0x200003c0   Data           9  comm.o(.bss)
    mem1base                                 0x20000420   Data       51200  malloc.o(.bss)
    mem1mapbase                              0x2000cc20   Data        3200  malloc.o(.bss)
    SR_INF                                   0x2000d8a0   Data          56  bsp_infrared.o(.bss)
    WG_Rx_Str                                0x2000d8d8   Data          16  bsp_wiegand.o(.bss)
    xQueueRegistry                           0x2000f798   Data          64  queue.o(.bss)
    __libspace_start                         0x2001c484   Data          96  libspace.o(.bss)
    __temporary_stack_top$libspace           0x2001c4e4   Data           0  libspace.o(.bss)
    mem2base                                 0x68000000   Data        1024  malloc.o(.ARM.__AT_0x68000000)
    mem2mapbase                              0x68000400   Data          64  malloc.o(.ARM.__AT_0x68000400)



==============================================================================

Memory Map of the image

  Image Entry point : 0x08010189

  Load Region LR_IROM1 (Base: 0x08010000, Size: 0x0000d4cc, Max: 0x000f0000, ABSOLUTE, COMPRESSED[0x0000d370])

    Execution Region ER_IROM1 (Exec base: 0x08010000, Load base: 0x08010000, Size: 0x0000d314, Max: 0x000f0000, ABSOLUTE)

    Exec Addr    Load Addr    Size         Type   Attr      Idx    E Section Name        Object

    0x08010000   0x08010000   0x00000188   Data   RO         4660    RESET               startup_stm32f40_41xxx.o
    0x08010188   0x08010188   0x00000008   Code   RO         6432  * !!!main             c_w.l(__main.o)
    0x08010190   0x08010190   0x00000034   Code   RO         6844    !!!scatter          c_w.l(__scatter.o)
    0x080101c4   0x080101c4   0x0000005a   Code   RO         6842    !!dczerorl2         c_w.l(__dczerorl2.o)
    0x0801021e   0x0801021e   0x00000002   PAD
    0x08010220   0x08010220   0x0000001c   Code   RO         6846    !!handler_zi        c_w.l(__scatter_zi.o)
    0x0801023c   0x0801023c   0x00000000   Code   RO         6397    .ARM.Collect$$_printf_percent$$00000000  c_w.l(_printf_percent.o)
    0x0801023c   0x0801023c   0x00000006   Code   RO         6503    .ARM.Collect$$_printf_percent$$00000001  c_w.l(_printf_n.o)
    0x08010242   0x08010242   0x00000006   Code   RO         6504    .ARM.Collect$$_printf_percent$$00000002  c_w.l(_printf_p.o)
    0x08010248   0x08010248   0x00000006   Code   RO         6506    .ARM.Collect$$_printf_percent$$00000003  c_w.l(_printf_f.o)
    0x0801024e   0x0801024e   0x00000006   Code   RO         6507    .ARM.Collect$$_printf_percent$$00000004  c_w.l(_printf_e.o)
    0x08010254   0x08010254   0x00000006   Code   RO         6396    .ARM.Collect$$_printf_percent$$00000005  c_w.l(_printf_g.o)
    0x0801025a   0x0801025a   0x00000006   Code   RO         6508    .ARM.Collect$$_printf_percent$$00000006  c_w.l(_printf_a.o)
    0x08010260   0x08010260   0x0000000a   Code   RO         6513    .ARM.Collect$$_printf_percent$$00000007  c_w.l(_printf_ll.o)
    0x0801026a   0x0801026a   0x00000006   Code   RO         6393    .ARM.Collect$$_printf_percent$$00000008  c_w.l(_printf_i.o)
    0x08010270   0x08010270   0x00000006   Code   RO         6394    .ARM.Collect$$_printf_percent$$00000009  c_w.l(_printf_d.o)
    0x08010276   0x08010276   0x00000006   Code   RO         6395    .ARM.Collect$$_printf_percent$$0000000A  c_w.l(_printf_u.o)
    0x0801027c   0x0801027c   0x00000006   Code   RO         6505    .ARM.Collect$$_printf_percent$$0000000B  c_w.l(_printf_o.o)
    0x08010282   0x08010282   0x00000006   Code   RO         6392    .ARM.Collect$$_printf_percent$$0000000C  c_w.l(_printf_x.o)
    0x08010288   0x08010288   0x00000006   Code   RO         6510    .ARM.Collect$$_printf_percent$$0000000D  c_w.l(_printf_lli.o)
    0x0801028e   0x0801028e   0x00000006   Code   RO         6511    .ARM.Collect$$_printf_percent$$0000000E  c_w.l(_printf_lld.o)
    0x08010294   0x08010294   0x00000006   Code   RO         6512    .ARM.Collect$$_printf_percent$$0000000F  c_w.l(_printf_llu.o)
    0x0801029a   0x0801029a   0x00000006   Code   RO         6517    .ARM.Collect$$_printf_percent$$00000010  c_w.l(_printf_llo.o)
    0x080102a0   0x080102a0   0x00000006   Code   RO         6518    .ARM.Collect$$_printf_percent$$00000011  c_w.l(_printf_llx.o)
    0x080102a6   0x080102a6   0x0000000a   Code   RO         6514    .ARM.Collect$$_printf_percent$$00000012  c_w.l(_printf_l.o)
    0x080102b0   0x080102b0   0x00000006   Code   RO         6390    .ARM.Collect$$_printf_percent$$00000013  c_w.l(_printf_c.o)
    0x080102b6   0x080102b6   0x00000006   Code   RO         6391    .ARM.Collect$$_printf_percent$$00000014  c_w.l(_printf_s.o)
    0x080102bc   0x080102bc   0x00000006   Code   RO         6515    .ARM.Collect$$_printf_percent$$00000015  c_w.l(_printf_lc.o)
    0x080102c2   0x080102c2   0x00000006   Code   RO         6516    .ARM.Collect$$_printf_percent$$00000016  c_w.l(_printf_ls.o)
    0x080102c8   0x080102c8   0x00000004   Code   RO         6509    .ARM.Collect$$_printf_percent$$00000017  c_w.l(_printf_percent_end.o)
    0x080102cc   0x080102cc   0x00000002   Code   RO         6667    .ARM.Collect$$libinit$$00000000  c_w.l(libinit.o)
    0x080102ce   0x080102ce   0x00000004   Code   RO         6668    .ARM.Collect$$libinit$$00000001  c_w.l(libinit2.o)
    0x080102d2   0x080102d2   0x00000000   Code   RO         6671    .ARM.Collect$$libinit$$00000004  c_w.l(libinit2.o)
    0x080102d2   0x080102d2   0x00000000   Code   RO         6674    .ARM.Collect$$libinit$$0000000A  c_w.l(libinit2.o)
    0x080102d2   0x080102d2   0x00000000   Code   RO         6676    .ARM.Collect$$libinit$$0000000C  c_w.l(libinit2.o)
    0x080102d2   0x080102d2   0x00000000   Code   RO         6678    .ARM.Collect$$libinit$$0000000E  c_w.l(libinit2.o)
    0x080102d2   0x080102d2   0x00000006   Code   RO         6679    .ARM.Collect$$libinit$$0000000F  c_w.l(libinit2.o)
    0x080102d8   0x080102d8   0x00000000   Code   RO         6681    .ARM.Collect$$libinit$$00000011  c_w.l(libinit2.o)
    0x080102d8   0x080102d8   0x0000000c   Code   RO         6682    .ARM.Collect$$libinit$$00000012  c_w.l(libinit2.o)
    0x080102e4   0x080102e4   0x00000000   Code   RO         6683    .ARM.Collect$$libinit$$00000013  c_w.l(libinit2.o)
    0x080102e4   0x080102e4   0x00000000   Code   RO         6685    .ARM.Collect$$libinit$$00000015  c_w.l(libinit2.o)
    0x080102e4   0x080102e4   0x0000000a   Code   RO         6686    .ARM.Collect$$libinit$$00000016  c_w.l(libinit2.o)
    0x080102ee   0x080102ee   0x00000000   Code   RO         6687    .ARM.Collect$$libinit$$00000017  c_w.l(libinit2.o)
    0x080102ee   0x080102ee   0x00000000   Code   RO         6689    .ARM.Collect$$libinit$$00000019  c_w.l(libinit2.o)
    0x080102ee   0x080102ee   0x00000000   Code   RO         6691    .ARM.Collect$$libinit$$0000001B  c_w.l(libinit2.o)
    0x080102ee   0x080102ee   0x00000000   Code   RO         6693    .ARM.Collect$$libinit$$0000001D  c_w.l(libinit2.o)
    0x080102ee   0x080102ee   0x00000000   Code   RO         6695    .ARM.Collect$$libinit$$0000001F  c_w.l(libinit2.o)
    0x080102ee   0x080102ee   0x00000000   Code   RO         6697    .ARM.Collect$$libinit$$00000021  c_w.l(libinit2.o)
    0x080102ee   0x080102ee   0x00000000   Code   RO         6699    .ARM.Collect$$libinit$$00000023  c_w.l(libinit2.o)
    0x080102ee   0x080102ee   0x00000000   Code   RO         6701    .ARM.Collect$$libinit$$00000025  c_w.l(libinit2.o)
    0x080102ee   0x080102ee   0x00000000   Code   RO         6705    .ARM.Collect$$libinit$$0000002C  c_w.l(libinit2.o)
    0x080102ee   0x080102ee   0x00000000   Code   RO         6707    .ARM.Collect$$libinit$$0000002E  c_w.l(libinit2.o)
    0x080102ee   0x080102ee   0x00000000   Code   RO         6709    .ARM.Collect$$libinit$$00000030  c_w.l(libinit2.o)
    0x080102ee   0x080102ee   0x00000000   Code   RO         6711    .ARM.Collect$$libinit$$00000032  c_w.l(libinit2.o)
    0x080102ee   0x080102ee   0x00000002   Code   RO         6712    .ARM.Collect$$libinit$$00000033  c_w.l(libinit2.o)
    0x080102f0   0x080102f0   0x00000002   Code   RO         6713    .ARM.Collect$$libshutdown$$00000000  c_w.l(libshutdown.o)
    0x080102f2   0x080102f2   0x00000000   Code   RO         6727    .ARM.Collect$$libshutdown$$00000002  c_w.l(libshutdown2.o)
    0x080102f2   0x080102f2   0x00000000   Code   RO         6729    .ARM.Collect$$libshutdown$$00000004  c_w.l(libshutdown2.o)
    0x080102f2   0x080102f2   0x00000000   Code   RO         6732    .ARM.Collect$$libshutdown$$00000007  c_w.l(libshutdown2.o)
    0x080102f2   0x080102f2   0x00000000   Code   RO         6735    .ARM.Collect$$libshutdown$$0000000A  c_w.l(libshutdown2.o)
    0x080102f2   0x080102f2   0x00000000   Code   RO         6737    .ARM.Collect$$libshutdown$$0000000C  c_w.l(libshutdown2.o)
    0x080102f2   0x080102f2   0x00000000   Code   RO         6740    .ARM.Collect$$libshutdown$$0000000F  c_w.l(libshutdown2.o)
    0x080102f2   0x080102f2   0x00000002   Code   RO         6741    .ARM.Collect$$libshutdown$$00000010  c_w.l(libshutdown2.o)
    0x080102f4   0x080102f4   0x00000000   Code   RO         6464    .ARM.Collect$$rtentry$$00000000  c_w.l(__rtentry.o)
    0x080102f4   0x080102f4   0x00000000   Code   RO         6548    .ARM.Collect$$rtentry$$00000002  c_w.l(__rtentry2.o)
    0x080102f4   0x080102f4   0x00000006   Code   RO         6560    .ARM.Collect$$rtentry$$00000004  c_w.l(__rtentry4.o)
    0x080102fa   0x080102fa   0x00000000   Code   RO         6550    .ARM.Collect$$rtentry$$00000009  c_w.l(__rtentry2.o)
    0x080102fa   0x080102fa   0x00000004   Code   RO         6551    .ARM.Collect$$rtentry$$0000000A  c_w.l(__rtentry2.o)
    0x080102fe   0x080102fe   0x00000000   Code   RO         6553    .ARM.Collect$$rtentry$$0000000C  c_w.l(__rtentry2.o)
    0x080102fe   0x080102fe   0x00000008   Code   RO         6554    .ARM.Collect$$rtentry$$0000000D  c_w.l(__rtentry2.o)
    0x08010306   0x08010306   0x00000002   Code   RO         6465    .ARM.Collect$$rtexit$$00000000  c_w.l(rtexit.o)
    0x08010308   0x08010308   0x00000000   Code   RO         6563    .ARM.Collect$$rtexit$$00000002  c_w.l(rtexit2.o)
    0x08010308   0x08010308   0x00000004   Code   RO         6564    .ARM.Collect$$rtexit$$00000003  c_w.l(rtexit2.o)
    0x0801030c   0x0801030c   0x00000006   Code   RO         6565    .ARM.Collect$$rtexit$$00000004  c_w.l(rtexit2.o)
    0x08010312   0x08010312   0x00000002   PAD
    0x08010314   0x08010314   0x000000be   Code   RO         5645    .emb_text           port.o
    0x080103d2   0x080103d2   0x00000002   PAD
    0x080103d4   0x080103d4   0x00000040   Code   RO         4661    .text               startup_stm32f40_41xxx.o
    0x08010414   0x08010414   0x00000002   Code   RO         6325    .text               c_w.l(use_no_semi_2.o)
    0x08010416   0x08010416   0x0000001a   Code   RO         6327    .text               c_w.l(tolower.o)
    0x08010430   0x08010430   0x00000024   Code   RO         6329    .text               c_w.l(vsprintf.o)
    0x08010454   0x08010454   0x00000034   Code   RO         6331    .text               c_w.l(vsnprintf.o)
    0x08010488   0x08010488   0x00000018   Code   RO         6333    .text               c_w.l(__2printf.o)
    0x080104a0   0x080104a0   0x0000002c   Code   RO         6335    .text               c_w.l(__2sprintf.o)
    0x080104cc   0x080104cc   0x0000004e   Code   RO         6343    .text               c_w.l(_printf_pad.o)
    0x0801051a   0x0801051a   0x00000052   Code   RO         6345    .text               c_w.l(_printf_str.o)
    0x0801056c   0x0801056c   0x00000078   Code   RO         6347    .text               c_w.l(_printf_dec.o)
    0x080105e4   0x080105e4   0x00000094   Code   RO         6367    .text               c_w.l(_printf_hex_int_ll_ptr.o)
    0x08010678   0x08010678   0x00000188   Code   RO         6387    .text               c_w.l(__printf_flags_ss_wp.o)
    0x08010800   0x08010800   0x0000003c   Code   RO         6398    .text               c_w.l(__0sscanf.o)
    0x0801083c   0x0801083c   0x0000001a   Code   RO         6400    .text               c_w.l(atol.o)
    0x08010856   0x08010856   0x00000012   Code   RO         6402    .text               c_w.l(exit.o)
    0x08010868   0x08010868   0x00000048   Code   RO         6406    .text               c_w.l(strcpy.o)
    0x080108b0   0x080108b0   0x0000003e   Code   RO         6408    .text               c_w.l(strlen.o)
    0x080108ee   0x080108ee   0x00000096   Code   RO         6410    .text               c_w.l(strncmp.o)
    0x08010984   0x08010984   0x00000018   Code   RO         6412    .text               c_w.l(strcat.o)
    0x0801099c   0x0801099c   0x0000008a   Code   RO         6414    .text               c_w.l(rt_memcpy_v6.o)
    0x08010a26   0x08010a26   0x00000064   Code   RO         6416    .text               c_w.l(rt_memcpy_w.o)
    0x08010a8a   0x08010a8a   0x00000010   Code   RO         6420    .text               c_w.l(aeabi_memset.o)
    0x08010a9a   0x08010a9a   0x00000044   Code   RO         6422    .text               c_w.l(rt_memclr.o)
    0x08010ade   0x08010ade   0x0000004e   Code   RO         6424    .text               c_w.l(rt_memclr_w.o)
    0x08010b2c   0x08010b2c   0x00000056   Code   RO         6426    .text               c_w.l(strncpy.o)
    0x08010b82   0x08010b82   0x00000002   PAD
    0x08010b84   0x08010b84   0x00000080   Code   RO         6428    .text               c_w.l(strcmpv7m.o)
    0x08010c04   0x08010c04   0x00000006   Code   RO         6430    .text               c_w.l(heapauxi.o)
    0x08010c0a   0x08010c0a   0x00000002   Code   RO         6462    .text               c_w.l(use_no_semi.o)
    0x08010c0c   0x08010c0c   0x00000010   Code   RO         6467    .text               c_w.l(rt_ctype_table.o)
    0x08010c1c   0x08010c1c   0x00000008   Code   RO         6472    .text               c_w.l(rt_errno_addr_intlibspace.o)
    0x08010c24   0x08010c24   0x00000024   Code   RO         6474    .text               c_w.l(_printf_truncate.o)
    0x08010c48   0x08010c48   0x000000b2   Code   RO         6476    .text               c_w.l(_printf_intcommon.o)
    0x08010cfa   0x08010cfa   0x00000028   Code   RO         6478    .text               c_w.l(_printf_charcount.o)
    0x08010d22   0x08010d22   0x0000041e   Code   RO         6480    .text               c_w.l(_printf_fp_dec.o)
    0x08011140   0x08011140   0x00000030   Code   RO         6482    .text               c_w.l(_printf_char_common.o)
    0x08011170   0x08011170   0x0000000a   Code   RO         6484    .text               c_w.l(_sputc.o)
    0x0801117a   0x0801117a   0x00000010   Code   RO         6486    .text               c_w.l(_snputc.o)
    0x0801118a   0x0801118a   0x0000002c   Code   RO         6488    .text               c_w.l(_printf_char.o)
    0x080111b6   0x080111b6   0x00000002   PAD
    0x080111b8   0x080111b8   0x00000024   Code   RO         6490    .text               c_w.l(_printf_char_file.o)
    0x080111dc   0x080111dc   0x000000bc   Code   RO         6492    .text               c_w.l(_printf_wctomb.o)
    0x08011298   0x08011298   0x0000007c   Code   RO         6495    .text               c_w.l(_printf_longlong_dec.o)
    0x08011314   0x08011314   0x00000070   Code   RO         6501    .text               c_w.l(_printf_oct_int_ll.o)
    0x08011384   0x08011384   0x000004f8   Code   RO         6519    .text               c_w.l(scanf_fp.o)
    0x0801187c   0x0801187c   0x0000002c   Code   RO         6521    .text               c_w.l(scanf_char.o)
    0x080118a8   0x080118a8   0x00000040   Code   RO         6523    .text               c_w.l(_sgetc.o)
    0x080118e8   0x080118e8   0x000000a4   Code   RO         6525    .text               c_w.l(strtod.o)
    0x0801198c   0x0801198c   0x00000070   Code   RO         6527    .text               c_w.l(strtol.o)
    0x080119fc   0x080119fc   0x00000008   Code   RO         6544    .text               c_w.l(libspace.o)
    0x08011a04   0x08011a04   0x00000008   Code   RO         6572    .text               c_w.l(rt_locale_intlibspace.o)
    0x08011a0c   0x08011a0c   0x0000008a   Code   RO         6574    .text               c_w.l(lludiv10.o)
    0x08011a96   0x08011a96   0x00000012   Code   RO         6576    .text               c_w.l(isspace.o)
    0x08011aa8   0x08011aa8   0x000002fc   Code   RO         6578    .text               c_w.l(_printf_fp_hex.o)
    0x08011da4   0x08011da4   0x00000080   Code   RO         6581    .text               c_w.l(_printf_fp_infnan.o)
    0x08011e24   0x08011e24   0x0000002c   Code   RO         6585    .text               c_w.l(_printf_wchar.o)
    0x08011e50   0x08011e50   0x00000374   Code   RO         6587    .text               c_w.l(_scanf.o)
    0x080121c4   0x080121c4   0x0000009e   Code   RO         6589    .text               c_w.l(_strtoul.o)
    0x08012262   0x08012262   0x00000002   PAD
    0x08012264   0x08012264   0x000000e4   Code   RO         6591    .text               c_w.l(bigflt0.o)
    0x08012348   0x08012348   0x00000008   Code   RO         6616    .text               c_w.l(ferror.o)
    0x08012350   0x08012350   0x00000040   Code   RO         6620    .text               c_w.l(_wcrtomb.o)
    0x08012390   0x08012390   0x0000004a   Code   RO         6650    .text               c_w.l(sys_stackheap_outer.o)
    0x080123da   0x080123da   0x00000016   Code   RO         6652    .text               c_w.l(_rserrno.o)
    0x080123f0   0x080123f0   0x0000001c   Code   RO         6654    .text               c_w.l(_chval.o)
    0x0801240c   0x0801240c   0x00000320   Code   RO         6656    .text               c_w.l(scanf_hexfp.o)
    0x0801272c   0x0801272c   0x00000134   Code   RO         6658    .text               c_w.l(scanf_infnan.o)
    0x08012860   0x08012860   0x00000026   Code   RO         6722    .text               c_w.l(llshl.o)
    0x08012886   0x08012886   0x0000003e   Code   RO         6594    CL$$btod_d2e        c_w.l(btod.o)
    0x080128c4   0x080128c4   0x00000046   Code   RO         6596    CL$$btod_d2e_denorm_low  c_w.l(btod.o)
    0x0801290a   0x0801290a   0x00000060   Code   RO         6595    CL$$btod_d2e_norm_op1  c_w.l(btod.o)
    0x0801296a   0x0801296a   0x00000338   Code   RO         6604    CL$$btod_div_common  c_w.l(btod.o)
    0x08012ca2   0x08012ca2   0x00000002   PAD
    0x08012ca4   0x08012ca4   0x00000084   Code   RO         6602    CL$$btod_e2d        c_w.l(btod.o)
    0x08012d28   0x08012d28   0x000000dc   Code   RO         6601    CL$$btod_e2e        c_w.l(btod.o)
    0x08012e04   0x08012e04   0x0000002a   Code   RO         6598    CL$$btod_ediv       c_w.l(btod.o)
    0x08012e2e   0x08012e2e   0x0000002a   Code   RO         6600    CL$$btod_edivd      c_w.l(btod.o)
    0x08012e58   0x08012e58   0x0000002a   Code   RO         6597    CL$$btod_emul       c_w.l(btod.o)
    0x08012e82   0x08012e82   0x0000002a   Code   RO         6599    CL$$btod_emuld      c_w.l(btod.o)
    0x08012eac   0x08012eac   0x00000244   Code   RO         6603    CL$$btod_mult_common  c_w.l(btod.o)
    0x080130f0   0x080130f0   0x00000098   Code   RO            3    i.AppObjCreate      main.o
    0x08013188   0x08013188   0x000001c0   Code   RO            4    i.AppTaskCreate     main.o
    0x08013348   0x08013348   0x00000048   Code   RO            5    i.App_Printf        main.o
    0x08013390   0x08013390   0x000001f4   Code   RO         2323    i.BSP_UartOpen      bsp_uart.o
    0x08013584   0x08013584   0x00000010   Code   RO         2324    i.BSP_UartRead      bsp_uart.o
    0x08013594   0x08013594   0x00000020   Code   RO         2325    i.BSP_UartSend      bsp_uart.o
    0x080135b4   0x080135b4   0x00000030   Code   RO         2326    i.BSP_UartTxIdleState  bsp_uart.o
    0x080135e4   0x080135e4   0x00000074   Code   RO         2327    i.BSP_UartWrite     bsp_uart.o
    0x08013658   0x08013658   0x00000002   Code   RO          399    i.BusFault_Handler  stm32f4xx_it.o
    0x0801365a   0x0801365a   0x00000002   PAD
    0x0801365c   0x0801365c   0x0000002c   Code   RO          672    i.CRC16_Modbus      tool.o
    0x08013688   0x08013688   0x00000038   Code   RO         2103    i.ComToUart         bsp_uart_fifo.o
    0x080136c0   0x080136c0   0x0000006c   Code   RO         2104    i.ConfigUartNVIC    bsp_uart_fifo.o
    0x0801372c   0x0801372c   0x0000002c   Code   RO         4166    i.DMA_ClearFlag     stm32f4xx_dma.o
    0x08013758   0x08013758   0x00000014   Code   RO         4168    i.DMA_Cmd           stm32f4xx_dma.o
    0x0801376c   0x0801376c   0x00000124   Code   RO         4169    i.DMA_DeInit        stm32f4xx_dma.o
    0x08013890   0x08013890   0x00000014   Code   RO         4172    i.DMA_FlowControllerConfig  stm32f4xx_dma.o
    0x080138a4   0x080138a4   0x00000006   Code   RO         4174    i.DMA_GetCurrDataCounter  stm32f4xx_dma.o
    0x080138aa   0x080138aa   0x00000008   Code   RO         4176    i.DMA_GetFIFOStatus  stm32f4xx_dma.o
    0x080138b2   0x080138b2   0x00000002   PAD
    0x080138b4   0x080138b4   0x00000054   Code   RO         4180    i.DMA_Init          stm32f4xx_dma.o
    0x08013908   0x08013908   0x00000004   Code   RO         4183    i.DMA_SetCurrDataCounter  stm32f4xx_dma.o
    0x0801390c   0x0801390c   0x00000022   Code   RO         4184    i.DMA_StructInit    stm32f4xx_dma.o
    0x0801392e   0x0801392e   0x00000002   Code   RO          400    i.DebugMon_Handler  stm32f4xx_it.o
    0x08013930   0x08013930   0x0000005c   Code   RO         2046    i.EXTI15_10_IRQHandler  bsp_wiegand.o
    0x0801398c   0x0801398c   0x0000000c   Code   RO         4599    i.EXTI_ClearITPendingBit  stm32f4xx_exti.o
    0x08013998   0x08013998   0x00000014   Code   RO         4603    i.EXTI_GetITStatus  stm32f4xx_exti.o
    0x080139ac   0x080139ac   0x00000070   Code   RO         4604    i.EXTI_Init         stm32f4xx_exti.o
    0x08013a1c   0x08013a1c   0x0000000c   Code   RO         4294    i.FLASH_ClearFlag   stm32f4xx_flash.o
    0x08013a28   0x08013a28   0x00000024   Code   RO         4332    i.FLASH_Unlock      stm32f4xx_flash.o
    0x08013a4c   0x08013a4c   0x00000078   Code   RO         2494    i.GPIO_Init         stm32f4xx_gpio.o
    0x08013ac4   0x08013ac4   0x00000020   Code   RO         2495    i.GPIO_PinAFConfig  stm32f4xx_gpio.o
    0x08013ae4   0x08013ae4   0x0000000e   Code   RO         2498    i.GPIO_ReadInputDataBit  stm32f4xx_gpio.o
    0x08013af2   0x08013af2   0x00000004   Code   RO         2501    i.GPIO_ResetBits    stm32f4xx_gpio.o
    0x08013af6   0x08013af6   0x00000004   Code   RO         2502    i.GPIO_SetBits      stm32f4xx_gpio.o
    0x08013afa   0x08013afa   0x00000002   PAD
    0x08013afc   0x08013afc   0x00000068   Code   RO          763    i.GetDevSn          devinfo.o
    0x08013b64   0x08013b64   0x0000004c   Code   RO          401    i.HardFault_Handler  stm32f4xx_it.o
    0x08013bb0   0x08013bb0   0x00000010   Code   RO         4548    i.IWDG_Enable       stm32f4xx_iwdg.o
    0x08013bc0   0x08013bc0   0x00000004   Code   RO         2020    i.IWDG_Feed         bsp_iwdg.o
    0x08013bc4   0x08013bc4   0x00000010   Code   RO         4550    i.IWDG_ReloadCounter  stm32f4xx_iwdg.o
    0x08013bd4   0x08013bd4   0x0000000c   Code   RO         4551    i.IWDG_SetPrescaler  stm32f4xx_iwdg.o
    0x08013be0   0x08013be0   0x0000000c   Code   RO         4552    i.IWDG_SetReload    stm32f4xx_iwdg.o
    0x08013bec   0x08013bec   0x0000000c   Code   RO         4553    i.IWDG_WriteAccessCmd  stm32f4xx_iwdg.o
    0x08013bf8   0x08013bf8   0x00000284   Code   RO         2105    i.InitHardUart      bsp_uart_fifo.o
    0x08013e7c   0x08013e7c   0x00000002   Code   RO          402    i.MemManage_Handler  stm32f4xx_it.o
    0x08013e7e   0x08013e7e   0x00000002   Code   RO          403    i.NMI_Handler       stm32f4xx_it.o
    0x08013e80   0x08013e80   0x00000064   Code   RO         2449    i.NVIC_Init         misc.o
    0x08013ee4   0x08013ee4   0x00000014   Code   RO         2450    i.NVIC_PriorityGroupConfig  misc.o
    0x08013ef8   0x08013ef8   0x00000184   Code   RO          877    i.ParseDevParam     ini.o
    0x0801407c   0x0801407c   0x00000024   Code   RO         2395    i.QUEUE_PacketCreate  uartqueue.o
    0x080140a0   0x080140a0   0x00000062   Code   RO         2398    i.QUEUE_PacketIn    uartqueue.o
    0x08014102   0x08014102   0x00000058   Code   RO         2399    i.QUEUE_PacketOut   uartqueue.o
    0x0801415a   0x0801415a   0x00000002   PAD
    0x0801415c   0x0801415c   0x00000018   Code   RO         2815    i.RCC_AHB1PeriphClockCmd  stm32f4xx_rcc.o
    0x08014174   0x08014174   0x00000018   Code   RO         2824    i.RCC_APB1PeriphClockCmd  stm32f4xx_rcc.o
    0x0801418c   0x0801418c   0x00000018   Code   RO         2826    i.RCC_APB1PeriphResetCmd  stm32f4xx_rcc.o
    0x080141a4   0x080141a4   0x00000018   Code   RO         2827    i.RCC_APB2PeriphClockCmd  stm32f4xx_rcc.o
    0x080141bc   0x080141bc   0x00000018   Code   RO         2829    i.RCC_APB2PeriphResetCmd  stm32f4xx_rcc.o
    0x080141d4   0x080141d4   0x00000010   Code   RO         2832    i.RCC_ClearFlag     stm32f4xx_rcc.o
    0x080141e4   0x080141e4   0x00000090   Code   RO         2836    i.RCC_GetClocksFreq  stm32f4xx_rcc.o
    0x08014274   0x08014274   0x00000034   Code   RO         2837    i.RCC_GetFlagStatus  stm32f4xx_rcc.o
    0x080142a8   0x080142a8   0x0000000c   Code   RO         2847    i.RCC_LSICmd        stm32f4xx_rcc.o
    0x080142b4   0x080142b4   0x00000030   Code   RO         2106    i.RS485_InitTXE     bsp_uart_fifo.o
    0x080142e4   0x080142e4   0x00000002   Code   RO         2107    i.RS485_ReciveNew   bsp_uart_fifo.o
    0x080142e6   0x080142e6   0x00000034   Code   RO         2108    i.RS485_Recv        bsp_uart_fifo.o
    0x0801431a   0x0801431a   0x00000002   PAD
    0x0801431c   0x0801431c   0x0000000c   Code   RO         2109    i.RS485_SendBefor   bsp_uart_fifo.o
    0x08014328   0x08014328   0x00000004   Code   RO         2110    i.RS485_SendBuf     bsp_uart_fifo.o
    0x0801432c   0x0801432c   0x0000000c   Code   RO         2111    i.RS485_SendOver    bsp_uart_fifo.o
    0x08014338   0x08014338   0x00000014   Code   RO         3460    i.SPI_CalculateCRC  stm32f4xx_spi.o
    0x0801434c   0x0801434c   0x00000014   Code   RO         3461    i.SPI_Cmd           stm32f4xx_spi.o
    0x08014360   0x08014360   0x00000084   Code   RO         3468    i.SPI_I2S_DeInit    stm32f4xx_spi.o
    0x080143e4   0x080143e4   0x0000000e   Code   RO         3469    i.SPI_I2S_GetFlagStatus  stm32f4xx_spi.o
    0x080143f2   0x080143f2   0x00000004   Code   RO         3472    i.SPI_I2S_ReceiveData  stm32f4xx_spi.o
    0x080143f6   0x080143f6   0x00000004   Code   RO         3473    i.SPI_I2S_SendData  stm32f4xx_spi.o
    0x080143fa   0x080143fa   0x00000038   Code   RO         3474    i.SPI_Init          stm32f4xx_spi.o
    0x08014432   0x08014432   0x00000010   Code   RO          955    i.STM_FLASH_Init    stmflash.o
    0x08014442   0x08014442   0x00000002   PAD
    0x08014444   0x08014444   0x00000030   Code   RO         3152    i.SYSCFG_EXTILineConfig  stm32f4xx_syscfg.o
    0x08014474   0x08014474   0x00000078   Code   RO          881    i.SaveICParam       ini.o
    0x080144ec   0x080144ec   0x00000224   Code   RO          882    i.SaveQRParam       ini.o
    0x08014710   0x08014710   0x000000d8   Code   RO          573    i.SendAsciiCodeToHost  comm.o
    0x080147e8   0x080147e8   0x000000b4   Code   RO          452    i.SetSysClock       system_stm32f4xx.o
    0x0801489c   0x0801489c   0x00000018   Code   RO         2453    i.SysTick_CLKSourceConfig  misc.o
    0x080148b4   0x080148b4   0x00000014   Code   RO          798    i.SysTick_Handler   delay.o
    0x080148c8   0x080148c8   0x0000005c   Code   RO          454    i.SystemInit        system_stm32f4xx.o
    0x08014924   0x08014924   0x00000094   Code   RO          883    i.SystemUpdate      ini.o
    0x080149b8   0x080149b8   0x00000048   Code   RO         1949    i.TIM6_DAC_IRQHandler  bsp_time.o
    0x08014a00   0x08014a00   0x00000014   Code   RO         3621    i.TIM_ARRPreloadConfig  stm32f4xx_tim.o
    0x08014a14   0x08014a14   0x00000006   Code   RO         3628    i.TIM_ClearITPendingBit  stm32f4xx_tim.o
    0x08014a1a   0x08014a1a   0x00000014   Code   RO         3633    i.TIM_Cmd           stm32f4xx_tim.o
    0x08014a2e   0x08014a2e   0x00000018   Code   RO         3654    i.TIM_GetITStatus   stm32f4xx_tim.o
    0x08014a46   0x08014a46   0x00000010   Code   RO         3658    i.TIM_ITConfig      stm32f4xx_tim.o
    0x08014a56   0x08014a56   0x00000002   PAD
    0x08014a58   0x08014a58   0x0000007c   Code   RO         3705    i.TIM_TimeBaseInit  stm32f4xx_tim.o
    0x08014ad4   0x08014ad4   0x00000014   Code   RO         2114    i.UART4_IRQHandler  bsp_uart_fifo.o
    0x08014ae8   0x08014ae8   0x00000014   Code   RO         2115    i.UART5_IRQHandler  bsp_uart_fifo.o
    0x08014afc   0x08014afc   0x00000006   Code   RO         2328    i.USART1_IRQHandler  bsp_uart.o
    0x08014b02   0x08014b02   0x00000002   PAD
    0x08014b04   0x08014b04   0x0000000c   Code   RO         2116    i.USART2_IRQHandler  bsp_uart_fifo.o
    0x08014b10   0x08014b10   0x0000000c   Code   RO         2117    i.USART3_IRQHandler  bsp_uart_fifo.o
    0x08014b1c   0x08014b1c   0x00000006   Code   RO         3205    i.USART_ClearFlag   stm32f4xx_usart.o
    0x08014b22   0x08014b22   0x00000014   Code   RO         3209    i.USART_Cmd         stm32f4xx_usart.o
    0x08014b36   0x08014b36   0x00000010   Code   RO         3210    i.USART_DMACmd      stm32f4xx_usart.o
    0x08014b46   0x08014b46   0x00000002   PAD
    0x08014b48   0x08014b48   0x000000ac   Code   RO         3211    i.USART_DeInit      stm32f4xx_usart.o
    0x08014bf4   0x08014bf4   0x0000000e   Code   RO         3212    i.USART_GetFlagStatus  stm32f4xx_usart.o
    0x08014c02   0x08014c02   0x0000003e   Code   RO         3213    i.USART_GetITStatus  stm32f4xx_usart.o
    0x08014c40   0x08014c40   0x00000030   Code   RO         3215    i.USART_ITConfig    stm32f4xx_usart.o
    0x08014c70   0x08014c70   0x000000ac   Code   RO         3216    i.USART_Init        stm32f4xx_usart.o
    0x08014d1c   0x08014d1c   0x00000008   Code   RO         3223    i.USART_ReceiveData  stm32f4xx_usart.o
    0x08014d24   0x08014d24   0x00000008   Code   RO         3226    i.USART_SendData    stm32f4xx_usart.o
    0x08014d2c   0x08014d2c   0x00000016   Code   RO         3232    i.USART_StructInit  stm32f4xx_usart.o
    0x08014d42   0x08014d42   0x00000042   Code   RO         2119    i.UartGetChar       bsp_uart_fifo.o
    0x08014d84   0x08014d84   0x000000c0   Code   RO         2120    i.UartIRQ           bsp_uart_fifo.o
    0x08014e44   0x08014e44   0x0000007e   Code   RO         2121    i.UartSend          bsp_uart_fifo.o
    0x08014ec2   0x08014ec2   0x00000002   PAD
    0x08014ec4   0x08014ec4   0x000000d8   Code   RO         2122    i.UartVarInit       bsp_uart_fifo.o
    0x08014f9c   0x08014f9c   0x00000002   Code   RO          404    i.UsageFault_Handler  stm32f4xx_it.o
    0x08014f9e   0x08014f9e   0x00000002   PAD
    0x08014fa0   0x08014fa0   0x000000c0   Code   RO         2047    i.WG_Rx_Pro         bsp_wiegand.o
    0x08015060   0x08015060   0x00000070   Code   RO         2048    i.WeigenInD0        bsp_wiegand.o
    0x080150d0   0x080150d0   0x00000070   Code   RO         2049    i.WeigenInD1        bsp_wiegand.o
    0x08015140   0x08015140   0x00000038   Code   RO         2329    i._IRQHandler       bsp_uart.o
    0x08015178   0x08015178   0x00000030   Code   RO         6640    i.__ARM_fpclassify  m_wm.l(fpclassify.o)
    0x080151a8   0x080151a8   0x000000f8   Code   RO         6642    i.__hardfp___mathlib_tofloat  m_wm.l(narrow.o)
    0x080152a0   0x080152a0   0x000000d0   Code   RO         6748    i.__hardfp_ldexp    m_wm.l(ldexp.o)
    0x08015370   0x08015370   0x00000028   Code   RO         6456    i.__hardfp_strtod   m_wm.l(strtod.o)
    0x08015398   0x08015398   0x00000020   Code   RO         6774    i.__mathlib_dbl_overflow  m_wm.l(dunder.o)
    0x080153b8   0x080153b8   0x00000020   Code   RO         6776    i.__mathlib_dbl_underflow  m_wm.l(dunder.o)
    0x080153d8   0x080153d8   0x00000012   Code   RO         6643    i.__mathlib_narrow  m_wm.l(narrow.o)
    0x080153ea   0x080153ea   0x00000014   Code   RO         6750    i.__support_ldexp   m_wm.l(ldexp.o)
    0x080153fe   0x080153fe   0x0000000e   Code   RO         6380    i._is_digit         c_w.l(__printf_wp.o)
    0x0801540c   0x0801540c   0x00000002   Code   RO         2123    i._sys_exit         bsp_uart_fifo.o
    0x0801540e   0x0801540e   0x00000002   PAD
    0x08015410   0x08015410   0x00000164   Code   RO         5773    i.aai_write         sfud.o
    0x08015574   0x08015574   0x00000022   Code   RO         1000    i.add_item_to_array  cjson.o
    0x08015596   0x08015596   0x00000056   Code   RO         1001    i.add_item_to_object  cjson.o
    0x080155ec   0x080155ec   0x0000001e   Code   RO         6085    i.align_write       ef_env.o
    0x0801560a   0x0801560a   0x00000002   PAD
    0x0801560c   0x0801560c   0x00000074   Code   RO         6086    i.alloc_env         ef_env.o
    0x08015680   0x08015680   0x0000002c   Code   RO         6087    i.alloc_env_cb      ef_env.o
    0x080156ac   0x080156ac   0x00000054   Code   RO          673    i.asc2bcd           tool.o
    0x08015700   0x08015700   0x0000003c   Code   RO          674    i.bcd2asc           tool.o
    0x0801573c   0x0801573c   0x00000054   Code   RO         1911    i.bsp_Ex_LED_Init   bsp_led.o
    0x08015790   0x08015790   0x000000d8   Code   RO         1912    i.bsp_Ex_SetLed     bsp_led.o
    0x08015868   0x08015868   0x0000003c   Code   RO         1839    i.bsp_GetSensorStatus  bsp_infrared.o
    0x080158a4   0x080158a4   0x00000050   Code   RO         1987    i.bsp_Init          bsp.o
    0x080158f4   0x080158f4   0x00000040   Code   RO         2021    i.bsp_InitIwdg      bsp_iwdg.o
    0x08015934   0x08015934   0x00000016   Code   RO         2124    i.bsp_InitUart      bsp_uart_fifo.o
    0x0801594a   0x0801594a   0x00000002   PAD
    0x0801594c   0x0801594c   0x00000098   Code   RO         1913    i.bsp_LED_Init      bsp_led.o
    0x080159e4   0x080159e4   0x00000078   Code   RO         1950    i.bsp_TIM6_Init     bsp_time.o
    0x08015a5c   0x08015a5c   0x00000048   Code   RO         1951    i.bsp_TimeSysTickHandler  bsp_time.o
    0x08015aa4   0x08015aa4   0x0000008c   Code   RO         2050    i.bsp_WeiGenScanf   bsp_wiegand.o
    0x08015b30   0x08015b30   0x0000007c   Code   RO         2051    i.bsp_WiegandInit   bsp_wiegand.o
    0x08015bac   0x08015bac   0x0000003c   Code   RO         1693    i.bsp_beep_init     bsp_beep.o
    0x08015be8   0x08015be8   0x0000001c   Code   RO         1840    i.bsp_inf_clk       bsp_infrared.o
    0x08015c04   0x08015c04   0x0000008c   Code   RO         1841    i.bsp_infrared_init  bsp_infrared.o
    0x08015c90   0x08015c90   0x00000188   Code   RO         1842    i.bsp_infrared_scan  bsp_infrared.o
    0x08015e18   0x08015e18   0x0000004c   Code   RO         1884    i.bsp_key_Init      bsp_key.o
    0x08015e64   0x08015e64   0x00000094   Code   RO         1885    i.bsp_key_Scan      bsp_key.o
    0x08015ef8   0x08015ef8   0x0000003c   Code   RO         1914    i.bsp_speaker_init  bsp_led.o
    0x08015f34   0x08015f34   0x0000002c   Code   RO         1002    i.buffer_skip_whitespace  cjson.o
    0x08015f60   0x08015f60   0x00000014   Code   RO         1009    i.cJSON_AddItemToObject  cjson.o
    0x08015f74   0x08015f74   0x00000030   Code   RO         1012    i.cJSON_AddNumberToObject  cjson.o
    0x08015fa4   0x08015fa4   0x00000030   Code   RO         1015    i.cJSON_AddStringToObject  cjson.o
    0x08015fd4   0x08015fd4   0x00000078   Code   RO         1026    i.cJSON_CreateNumber  cjson.o
    0x0801604c   0x0801604c   0x00000018   Code   RO         1027    i.cJSON_CreateObject  cjson.o
    0x08016064   0x08016064   0x00000030   Code   RO         1030    i.cJSON_CreateString  cjson.o
    0x08016094   0x08016094   0x00000048   Code   RO         1034    i.cJSON_Delete      cjson.o
    0x080160dc   0x080160dc   0x00000010   Code   RO         1045    i.cJSON_GetErrorPtr  cjson.o
    0x080160ec   0x080160ec   0x00000006   Code   RO         1046    i.cJSON_GetObjectItem  cjson.o
    0x080160f2   0x080160f2   0x00000016   Code   RO         1063    i.cJSON_New_Item    cjson.o
    0x08016108   0x08016108   0x00000008   Code   RO         1064    i.cJSON_Parse       cjson.o
    0x08016110   0x08016110   0x000000e4   Code   RO         1065    i.cJSON_ParseWithOpts  cjson.o
    0x080161f4   0x080161f4   0x0000000c   Code   RO         1069    i.cJSON_PrintUnformatted  cjson.o
    0x08016200   0x08016200   0x00000028   Code   RO         1078    i.cJSON_strdup      cjson.o
    0x08016228   0x08016228   0x00000044   Code   RO         6088    i.check_and_recovery_env_cb  ef_env.o
    0x0801626c   0x0801626c   0x00000074   Code   RO         6089    i.check_sec_hdr_cb  ef_env.o
    0x080162e0   0x080162e0   0x00000032   Code   RO         2129    i.comRecvBuff       bsp_uart_fifo.o
    0x08016312   0x08016312   0x00000024   Code   RO         2130    i.comSendBuf        bsp_uart_fifo.o
    0x08016336   0x08016336   0x00000002   PAD
    0x08016338   0x08016338   0x00000190   Code   RO         6090    i.create_env_blob   ef_env.o
    0x080164c8   0x080164c8   0x00000054   Code   RO          675    i.dbg               tool.o
    0x0801651c   0x0801651c   0x0000004c   Code   RO          676    i.dbh               tool.o
    0x08016568   0x08016568   0x00000148   Code   RO          574    i.deal_Serial_Parse  comm.o
    0x080166b0   0x080166b0   0x00000184   Code   RO          575    i.deal_rx_data      comm.o
    0x08016834   0x08016834   0x00000060   Code   RO         6091    i.del_env           ef_env.o
    0x08016894   0x08016894   0x00000038   Code   RO          799    i.delay_init        delay.o
    0x080168cc   0x080168cc   0x00000038   Code   RO          800    i.delay_ms          delay.o
    0x08016904   0x08016904   0x00000034   Code   RO          801    i.delay_us          delay.o
    0x08016938   0x08016938   0x00000064   Code   RO         6092    i.do_gc             ef_env.o
    0x0801699c   0x0801699c   0x00000074   Code   RO         5150    i.eTaskGetState     tasks.o
    0x08016a10   0x08016a10   0x00000090   Code   RO         5973    i.easyflash_init    easyflash.o
    0x08016aa0   0x08016aa0   0x00000024   Code   RO         5989    i.ef_calc_crc32     ef_utils.o
    0x08016ac4   0x08016ac4   0x0000002c   Code   RO         6095    i.ef_env_init       ef_env.o
    0x08016af0   0x08016af0   0x00000088   Code   RO         6096    i.ef_env_set_default  ef_env.o
    0x08016b78   0x08016b78   0x00000074   Code   RO         6097    i.ef_get_env        ef_env.o
    0x08016bec   0x08016bec   0x00000074   Code   RO         6098    i.ef_get_env_blob   ef_env.o
    0x08016c60   0x08016c60   0x0000001a   Code   RO         6099    i.ef_is_str         ef_env.o
    0x08016c7a   0x08016c7a   0x00000002   PAD
    0x08016c7c   0x08016c7c   0x0000004c   Code   RO         6100    i.ef_load_env       ef_env.o
    0x08016cc8   0x08016cc8   0x00000040   Code   RO         6006    i.ef_log_info       ef_port.o
    0x08016d08   0x08016d08   0x00000004   Code   RO         6007    i.ef_port_env_lock  ef_port.o
    0x08016d0c   0x08016d0c   0x00000004   Code   RO         6008    i.ef_port_env_unlock  ef_port.o
    0x08016d10   0x08016d10   0x00000022   Code   RO         6009    i.ef_port_erase     ef_port.o
    0x08016d32   0x08016d32   0x00000002   PAD
    0x08016d34   0x08016d34   0x00000018   Code   RO         6010    i.ef_port_init      ef_port.o
    0x08016d4c   0x08016d4c   0x00000020   Code   RO         6011    i.ef_port_read      ef_port.o
    0x08016d6c   0x08016d6c   0x00000024   Code   RO         6012    i.ef_port_write     ef_port.o
    0x08016d90   0x08016d90   0x00000024   Code   RO         6013    i.ef_print          ef_port.o
    0x08016db4   0x08016db4   0x0000001a   Code   RO         6104    i.ef_set_env        ef_env.o
    0x08016dce   0x08016dce   0x00000002   PAD
    0x08016dd0   0x08016dd0   0x00000050   Code   RO         6105    i.ef_set_env_blob   ef_env.o
    0x08016e20   0x08016e20   0x0000008a   Code   RO         1080    i.ensure            cjson.o
    0x08016eaa   0x08016eaa   0x00000062   Code   RO         6106    i.env_iterator      ef_env.o
    0x08016f0c   0x08016f0c   0x00000020   Code   RO         6107    i.find_env          ef_env.o
    0x08016f2c   0x08016f2c   0x00000038   Code   RO         6108    i.find_env_cb       ef_env.o
    0x08016f64   0x08016f64   0x00000058   Code   RO         6109    i.format_sector     ef_env.o
    0x08016fbc   0x08016fbc   0x00000024   Code   RO         2134    i.fputc             bsp_uart_fifo.o
    0x08016fe0   0x08016fe0   0x0000008c   Code   RO         6718    i.frexp             m_wm.l(frexp.o)
    0x0801706c   0x0801706c   0x0000000e   Code   RO         6110    i.gc_check_cb       ef_env.o
    0x0801707a   0x0801707a   0x00000002   PAD
    0x0801707c   0x0801707c   0x00000048   Code   RO         6111    i.gc_collect        ef_env.o
    0x080170c4   0x080170c4   0x00000040   Code   RO         6112    i.get_next_env_addr  ef_env.o
    0x08017104   0x08017104   0x00000034   Code   RO         6113    i.get_next_sector_addr  ef_env.o
    0x08017138   0x08017138   0x0000007a   Code   RO         1082    i.get_object_item   cjson.o
    0x080171b2   0x080171b2   0x00000028   Code   RO         6114    i.get_status        ef_env.o
    0x080171da   0x080171da   0x00000002   PAD
    0x080171dc   0x080171dc   0x0000008c   Code   RO         5917    i.gpio_configuration  sfud_port.o
    0x08017268   0x08017268   0x00000228   Code   RO         5774    i.hardware_init     sfud.o
    0x08017490   0x08017490   0x00000018   Code   RO          576    i.init_serial_boot  comm.o
    0x080174a8   0x080174a8   0x00000040   Code   RO          677    i.int2Str           tool.o
    0x080174e8   0x080174e8   0x00000016   Code   RO            6    i.main              main.o
    0x080174fe   0x080174fe   0x0000002a   Code   RO         5775    i.make_adress_byte_array  sfud.o
    0x08017528   0x08017528   0x00000038   Code   RO         1595    i.mem_perused       malloc.o
    0x08017560   0x08017560   0x000000bc   Code   RO         6115    i.move_env          ef_env.o
    0x0801761c   0x0801761c   0x00000008   Code   RO         1596    i.my_free           malloc.o
    0x08017624   0x08017624   0x00000008   Code   RO         1597    i.my_malloc         malloc.o
    0x0801762c   0x0801762c   0x0000000a   Code   RO         1598    i.my_realloc        malloc.o
    0x08017636   0x08017636   0x00000002   PAD
    0x08017638   0x08017638   0x00000018   Code   RO         1599    i.myfree            malloc.o
    0x08017650   0x08017650   0x00000020   Code   RO         1600    i.mymalloc          malloc.o
    0x08017670   0x08017670   0x00000058   Code   RO         1601    i.mymem_free        malloc.o
    0x080176c8   0x080176c8   0x0000003c   Code   RO         1602    i.mymem_init        malloc.o
    0x08017704   0x08017704   0x00000090   Code   RO         1603    i.mymem_malloc      malloc.o
    0x08017794   0x08017794   0x00000010   Code   RO         1604    i.mymemcpy          malloc.o
    0x080177a4   0x080177a4   0x0000000c   Code   RO         1605    i.mymemset          malloc.o
    0x080177b0   0x080177b0   0x0000003c   Code   RO         1606    i.myrealloc         malloc.o
    0x080177ec   0x080177ec   0x00000034   Code   RO         6116    i.new_env           ef_env.o
    0x08017820   0x08017820   0x00000158   Code   RO          577    i.packetDeviceInfo  comm.o
    0x08017978   0x08017978   0x000000b4   Code   RO          578    i.packetJSON        comm.o
    0x08017a2c   0x08017a2c   0x00000148   Code   RO         5776    i.page256_or_1_byte_write  sfud.o
    0x08017b74   0x08017b74   0x00000190   Code   RO          579    i.parseJSON         comm.o
    0x08017d04   0x08017d04   0x000000cc   Code   RO         1084    i.parse_array       cjson.o
    0x08017dd0   0x08017dd0   0x00000040   Code   RO         1085    i.parse_hex4        cjson.o
    0x08017e10   0x08017e10   0x00000100   Code   RO         1086    i.parse_number      cjson.o
    0x08017f10   0x08017f10   0x00000106   Code   RO         1087    i.parse_object      cjson.o
    0x08018016   0x08018016   0x00000126   Code   RO         1088    i.parse_string      cjson.o
    0x0801813c   0x0801813c   0x000000fc   Code   RO         1089    i.parse_value       cjson.o
    0x08018238   0x08018238   0x00000098   Code   RO         1090    i.print             cjson.o
    0x080182d0   0x080182d0   0x00000096   Code   RO         1091    i.print_array       cjson.o
    0x08018366   0x08018366   0x00000002   PAD
    0x08018368   0x08018368   0x000000a8   Code   RO         1092    i.print_number      cjson.o
    0x08018410   0x08018410   0x00000136   Code   RO         1093    i.print_object      cjson.o
    0x08018546   0x08018546   0x00000002   PAD
    0x08018548   0x08018548   0x00000110   Code   RO         1094    i.print_string_ptr  cjson.o
    0x08018658   0x08018658   0x000000d0   Code   RO         1095    i.print_value       cjson.o
    0x08018728   0x08018728   0x00000070   Code   RO         5152    i.prvAddCurrentTaskToDelayedList  tasks.o
    0x08018798   0x08018798   0x000000d4   Code   RO         5153    i.prvAddNewTaskToReadyList  tasks.o
    0x0801886c   0x0801886c   0x00000050   Code   RO         5509    i.prvCheckForValidListAndQueue  timers.o
    0x080188bc   0x080188bc   0x00000026   Code   RO         4804    i.prvCopyDataFromQueue  queue.o
    0x080188e2   0x080188e2   0x0000006c   Code   RO         4805    i.prvCopyDataToQueue  queue.o
    0x0801894e   0x0801894e   0x00000014   Code   RO         5154    i.prvDeleteTCB      tasks.o
    0x08018962   0x08018962   0x00000002   PAD
    0x08018964   0x08018964   0x0000004c   Code   RO         5722    i.prvHeapInit       heap_4.o
    0x080189b0   0x080189b0   0x0000005c   Code   RO         5155    i.prvIdleTask       tasks.o
    0x08018a0c   0x08018a0c   0x000000ae   Code   RO         5156    i.prvInitialiseNewTask  tasks.o
    0x08018aba   0x08018aba   0x00000002   PAD
    0x08018abc   0x08018abc   0x0000004c   Code   RO         5723    i.prvInsertBlockIntoFreeList  heap_4.o
    0x08018b08   0x08018b08   0x00000038   Code   RO         5510    i.prvInsertTimerInActiveList  timers.o
    0x08018b40   0x08018b40   0x0000001a   Code   RO         4806    i.prvIsQueueEmpty   queue.o
    0x08018b5a   0x08018b5a   0x00000056   Code   RO         5157    i.prvListTasksWithinSingleList  tasks.o
    0x08018bb0   0x08018bb0   0x000000f0   Code   RO         5511    i.prvProcessReceivedCommands  timers.o
    0x08018ca0   0x08018ca0   0x000000c0   Code   RO         5512    i.prvProcessTimerOrBlockTask  timers.o
    0x08018d60   0x08018d60   0x00000020   Code   RO         5158    i.prvResetNextTaskUnblockTime  tasks.o
    0x08018d80   0x08018d80   0x00000028   Code   RO         5513    i.prvSampleTimeNow  timers.o
    0x08018da8   0x08018da8   0x0000006c   Code   RO         5514    i.prvSwitchTimerLists  timers.o
    0x08018e14   0x08018e14   0x00000028   Code   RO         5646    i.prvTaskExitError  port.o
    0x08018e3c   0x08018e3c   0x00000034   Code   RO         5159    i.prvTaskIsTaskSuspended  tasks.o
    0x08018e70   0x08018e70   0x00000014   Code   RO         4675    i.prvTestWaitCondition  event_groups.o
    0x08018e84   0x08018e84   0x00000028   Code   RO         5515    i.prvTimerTask      timers.o
    0x08018eac   0x08018eac   0x0000006a   Code   RO         4807    i.prvUnlockQueue    queue.o
    0x08018f16   0x08018f16   0x00000022   Code   RO         5160    i.prvWriteNameToBuffer  tasks.o
    0x08018f38   0x08018f38   0x000000d8   Code   RO         5724    i.pvPortMalloc      heap_4.o
    0x08019010   0x08019010   0x00000018   Code   RO         5161    i.pvTaskIncrementMutexHeldCount  tasks.o
    0x08019028   0x08019028   0x0000002c   Code   RO         5647    i.pxPortInitialiseStack  port.o
    0x08019054   0x08019054   0x000000d8   Code   RO         6118    i.read_env          ef_env.o
    0x0801912c   0x0801912c   0x000000f8   Code   RO         6119    i.read_sector_meta_data  ef_env.o
    0x08019224   0x08019224   0x00000020   Code   RO         6120    i.read_status       ef_env.o
    0x08019244   0x08019244   0x00000088   Code   RO         5777    i.reset             sfud.o
    0x080192cc   0x080192cc   0x00000006   Code   RO          803    i.retry_delay_100us  delay.o
    0x080192d2   0x080192d2   0x00000056   Code   RO         6121    i.sector_iterator   ef_env.o
    0x08019328   0x08019328   0x00000022   Code   RO         6122    i.sector_statistics_cb  ef_env.o
    0x0801934a   0x0801934a   0x00000002   PAD
    0x0801934c   0x0801934c   0x000001cc   Code   RO          580    i.send_to_device    comm.o
    0x08019518   0x08019518   0x000000d4   Code   RO          581    i.send_to_host      comm.o
    0x080195ec   0x080195ec   0x00000088   Code   RO         5778    i.set_4_byte_address_mode  sfud.o
    0x08019674   0x08019674   0x00000088   Code   RO         6123    i.set_env           ef_env.o
    0x080196fc   0x080196fc   0x0000002c   Code   RO         6124    i.set_status        ef_env.o
    0x08019728   0x08019728   0x00000070   Code   RO         5779    i.set_write_enabled  sfud.o
    0x08019798   0x08019798   0x000000b0   Code   RO         5780    i.sfud_chip_erase   sfud.o
    0x08019848   0x08019848   0x00000088   Code   RO         5781    i.sfud_device_init  sfud.o
    0x080198d0   0x080198d0   0x00000140   Code   RO         5782    i.sfud_erase        sfud.o
    0x08019a10   0x08019a10   0x00000008   Code   RO         5786    i.sfud_get_device_table  sfud.o
    0x08019a18   0x08019a18   0x00000028   Code   RO         5787    i.sfud_init         sfud.o
    0x08019a40   0x08019a40   0x00000038   Code   RO         5919    i.sfud_log_info     sfud_port.o
    0x08019a78   0x08019a78   0x00000098   Code   RO         5788    i.sfud_read         sfud.o
    0x08019b10   0x08019b10   0x00000018   Code   RO         5789    i.sfud_read_status  sfud.o
    0x08019b28   0x08019b28   0x000000bc   Code   RO         5920    i.sfud_spi_port_init  sfud_port.o
    0x08019be4   0x08019be4   0x0000002a   Code   RO         5790    i.sfud_write        sfud.o
    0x08019c0e   0x08019c0e   0x00000002   PAD
    0x08019c10   0x08019c10   0x00000080   Code   RO         5791    i.sfud_write_status  sfud.o
    0x08019c90   0x08019c90   0x00000004   Code   RO         5921    i.spi_lock          sfud_port.o
    0x08019c94   0x08019c94   0x00000004   Code   RO         5922    i.spi_unlock        sfud_port.o
    0x08019c98   0x08019c98   0x00000094   Code   RO         5923    i.spi_write_read    sfud_port.o
    0x08019d2c   0x08019d2c   0x0000001c   Code   RO         1097    i.update_offset     cjson.o
    0x08019d48   0x08019d48   0x0000004c   Code   RO         6125    i.update_sec_status  ef_env.o
    0x08019d94   0x08019d94   0x000000d0   Code   RO         1098    i.utf16_literal_to_utf8  cjson.o
    0x08019e64   0x08019e64   0x00000026   Code   RO         4767    i.uxListRemove      list.o
    0x08019e8a   0x08019e8a   0x00000002   PAD
    0x08019e8c   0x08019e8c   0x000000b0   Code   RO         5164    i.uxTaskGetSystemState  tasks.o
    0x08019f3c   0x08019f3c   0x00000018   Code   RO         5168    i.uxTaskResetEventItemValue  tasks.o
    0x08019f54   0x08019f54   0x00000016   Code   RO         4768    i.vListInitialise   list.o
    0x08019f6a   0x08019f6a   0x00000006   Code   RO         4769    i.vListInitialiseItem  list.o
    0x08019f70   0x08019f70   0x00000030   Code   RO         4770    i.vListInsert       list.o
    0x08019fa0   0x08019fa0   0x00000018   Code   RO         4771    i.vListInsertEnd    list.o
    0x08019fb8   0x08019fb8   0x00000040   Code   RO         5649    i.vPortEnterCritical  port.o
    0x08019ff8   0x08019ff8   0x00000028   Code   RO         5650    i.vPortExitCritical  port.o
    0x0801a020   0x0801a020   0x0000005c   Code   RO         5725    i.vPortFree         heap_4.o
    0x0801a07c   0x0801a07c   0x00000024   Code   RO         5651    i.vPortSetupTimerInterrupt  port.o
    0x0801a0a0   0x0801a0a0   0x00000054   Code   RO         5652    i.vPortValidateInterruptPriority  port.o
    0x0801a0f4   0x0801a0f4   0x00000024   Code   RO         4813    i.vQueueAddToRegistry  queue.o
    0x0801a118   0x0801a118   0x00000044   Code   RO         4817    i.vQueueWaitForMessageRestricted  queue.o
    0x0801a15c   0x0801a15c   0x0000004c   Code   RO         5169    i.vTaskDelay        tasks.o
    0x0801a1a8   0x0801a1a8   0x000000ac   Code   RO         5171    i.vTaskDelete       tasks.o
    0x0801a254   0x0801a254   0x00000080   Code   RO         5173    i.vTaskGetInfo      tasks.o
    0x0801a2d4   0x0801a2d4   0x000000a4   Code   RO         5174    i.vTaskGetRunTimeStats  tasks.o
    0x0801a378   0x0801a378   0x00000060   Code   RO            7    i.vTaskHandShake    main.o
    0x0801a3d8   0x0801a3d8   0x000000e0   Code   RO            8    i.vTaskInfrared     main.o
    0x0801a4b8   0x0801a4b8   0x00000010   Code   RO         5175    i.vTaskInternalSetTimeOutState  tasks.o
    0x0801a4c8   0x0801a4c8   0x00000110   Code   RO            9    i.vTaskKey          main.o
    0x0801a5d8   0x0801a5d8   0x00000188   Code   RO           10    i.vTaskLed          main.o
    0x0801a760   0x0801a760   0x000000a8   Code   RO         5176    i.vTaskList         tasks.o
    0x0801a808   0x0801a808   0x0000000c   Code   RO         5177    i.vTaskMissedYield  tasks.o
    0x0801a814   0x0801a814   0x000000a8   Code   RO           11    i.vTaskMonitor      main.o
    0x0801a8bc   0x0801a8bc   0x00000110   Code   RO           12    i.vTaskMortorToHost  main.o
    0x0801a9cc   0x0801a9cc   0x00000020   Code   RO           13    i.vTaskMsgPro       main.o
    0x0801a9ec   0x0801a9ec   0x00000030   Code   RO         5179    i.vTaskPlaceOnEventList  tasks.o
    0x0801aa1c   0x0801aa1c   0x00000038   Code   RO         5180    i.vTaskPlaceOnEventListRestricted  tasks.o
    0x0801aa54   0x0801aa54   0x0000004c   Code   RO         5181    i.vTaskPlaceOnUnorderedEventList  tasks.o
    0x0801aaa0   0x0801aaa0   0x000000ac   Code   RO         5182    i.vTaskPriorityDisinheritAfterTimeout  tasks.o
    0x0801ab4c   0x0801ab4c   0x0000008c   Code   RO           14    i.vTaskQR           main.o
    0x0801abd8   0x0801abd8   0x00000048   Code   RO           15    i.vTaskQueryMotor   main.o
    0x0801ac20   0x0801ac20   0x000000dc   Code   RO           16    i.vTaskReader       main.o
    0x0801acfc   0x0801acfc   0x00000070   Code   RO         5184    i.vTaskRemoveFromUnorderedEventList  tasks.o
    0x0801ad6c   0x0801ad6c   0x0000007c   Code   RO         5185    i.vTaskResume       tasks.o
    0x0801ade8   0x0801ade8   0x00000108   Code   RO           17    i.vTaskRs485        main.o
    0x0801aef0   0x0801aef0   0x0000008c   Code   RO           18    i.vTaskStart        main.o
    0x0801af7c   0x0801af7c   0x00000078   Code   RO         5188    i.vTaskStartScheduler  tasks.o
    0x0801aff4   0x0801aff4   0x000000bc   Code   RO         5189    i.vTaskSuspend      tasks.o
    0x0801b0b0   0x0801b0b0   0x00000010   Code   RO         5190    i.vTaskSuspendAll   tasks.o
    0x0801b0c0   0x0801b0c0   0x00000078   Code   RO         5191    i.vTaskSwitchContext  tasks.o
    0x0801b138   0x0801b138   0x00000068   Code   RO         5792    i.wait_busy         sfud.o
    0x0801b1a0   0x0801b1a0   0x00000032   Code   RO         6126    i.write_status      ef_env.o
    0x0801b1d2   0x0801b1d2   0x0000001a   Code   RO         4682    i.xEventGroupCreate  event_groups.o
    0x0801b1ec   0x0801b1ec   0x0000008c   Code   RO         4684    i.xEventGroupSetBits  event_groups.o
    0x0801b278   0x0801b278   0x00000108   Code   RO         4686    i.xEventGroupWaitBits  event_groups.o
    0x0801b380   0x0801b380   0x000000f4   Code   RO         5653    i.xPortStartScheduler  port.o
    0x0801b474   0x0801b474   0x0000002c   Code   RO         5654    i.xPortSysTickHandler  port.o
    0x0801b4a0   0x0801b4a0   0x00000024   Code   RO         4819    i.xQueueCreateMutex  queue.o
    0x0801b4c4   0x0801b4c4   0x00000052   Code   RO         4820    i.xQueueGenericCreate  queue.o
    0x0801b516   0x0801b516   0x00000002   PAD
    0x0801b518   0x0801b518   0x00000088   Code   RO         4821    i.xQueueGenericReset  queue.o
    0x0801b5a0   0x0801b5a0   0x00000164   Code   RO         4822    i.xQueueGenericSend  queue.o
    0x0801b704   0x0801b704   0x000000bc   Code   RO         4823    i.xQueueGenericSendFromISR  queue.o
    0x0801b7c0   0x0801b7c0   0x00000138   Code   RO         4830    i.xQueueReceive     queue.o
    0x0801b8f8   0x0801b8f8   0x00000178   Code   RO         4832    i.xQueueSemaphoreTake  queue.o
    0x0801ba70   0x0801ba70   0x00000074   Code   RO         5192    i.xTaskCheckForTimeOut  tasks.o
    0x0801bae4   0x0801bae4   0x00000056   Code   RO         5193    i.xTaskCreate       tasks.o
    0x0801bb3a   0x0801bb3a   0x00000002   PAD
    0x0801bb3c   0x0801bb3c   0x0000001c   Code   RO         5197    i.xTaskGetSchedulerState  tasks.o
    0x0801bb58   0x0801bb58   0x0000000c   Code   RO         5198    i.xTaskGetTickCount  tasks.o
    0x0801bb64   0x0801bb64   0x000000c8   Code   RO         5200    i.xTaskIncrementTick  tasks.o
    0x0801bc2c   0x0801bc2c   0x00000098   Code   RO         5203    i.xTaskPriorityDisinherit  tasks.o
    0x0801bcc4   0x0801bcc4   0x00000094   Code   RO         5204    i.xTaskPriorityInherit  tasks.o
    0x0801bd58   0x0801bd58   0x00000074   Code   RO         5205    i.xTaskRemoveFromEventList  tasks.o
    0x0801bdcc   0x0801bdcc   0x000000c4   Code   RO         5206    i.xTaskResumeAll    tasks.o
    0x0801be90   0x0801be90   0x0000004c   Code   RO         5522    i.xTimerCreateTimerTask  timers.o
    0x0801bedc   0x0801bedc   0x0000005c   Code   RO         5523    i.xTimerGenericCommand  timers.o
    0x0801bf38   0x0801bf38   0x0000002c   Code   RO         6623    locale$$code        c_w.l(lc_ctype_c.o)
    0x0801bf64   0x0801bf64   0x0000002c   Code   RO         6626    locale$$code        c_w.l(lc_numeric_c.o)
    0x0801bf90   0x0801bf90   0x00000062   Code   RO         6714    x$fpl$d2f           fz_wm.l(d2f.o)
    0x0801bff2   0x0801bff2   0x00000002   PAD
    0x0801bff4   0x0801bff4   0x00000010   Code   RO         6799    x$fpl$dcheck1       fz_wm.l(dcheck1.o)
    0x0801c004   0x0801c004   0x00000018   Code   RO         6529    x$fpl$dcmpinf       fz_wm.l(dcmpi.o)
    0x0801c01c   0x0801c01c   0x00000078   Code   RO         6434    x$fpl$deqf          fz_wm.l(deqf.o)
    0x0801c094   0x0801c094   0x0000005e   Code   RO         6436    x$fpl$dfix          fz_wm.l(dfix.o)
    0x0801c0f2   0x0801c0f2   0x00000026   Code   RO         6440    x$fpl$dfltu         fz_wm.l(dflt_clz.o)
    0x0801c118   0x0801c118   0x00000078   Code   RO         6446    x$fpl$dleqf         fz_wm.l(dleqf.o)
    0x0801c190   0x0801c190   0x00000154   Code   RO         6742    x$fpl$dmul          fz_wm.l(dmul.o)
    0x0801c2e4   0x0801c2e4   0x0000009c   Code   RO         6531    x$fpl$dnaninf       fz_wm.l(dnaninf.o)
    0x0801c380   0x0801c380   0x0000000c   Code   RO         6533    x$fpl$dretinf       fz_wm.l(dretinf.o)
    0x0801c38c   0x0801c38c   0x0000006c   Code   RO         6448    x$fpl$drleqf        fz_wm.l(drleqf.o)
    0x0801c3f8   0x0801c3f8   0x0000000a   Code   RO         6744    x$fpl$fpinit        fz_wm.l(fpinit.o)
    0x0801c402   0x0801c402   0x0000000a   Code   RO         6746    x$fpl$fretinf       fz_wm.l(fretinf.o)
    0x0801c40c   0x0801c40c   0x00000006   Code   RO         6632    x$fpl$ieeestatus    fz_wm.l(istatus.o)
    0x0801c412   0x0801c412   0x00000004   Code   RO         6452    x$fpl$printf1       fz_wm.l(printf1.o)
    0x0801c416   0x0801c416   0x00000004   Code   RO         6537    x$fpl$printf2       fz_wm.l(printf2.o)
    0x0801c41a   0x0801c41a   0x00000064   Code   RO         6812    x$fpl$retnan        fz_wm.l(retnan.o)
    0x0801c47e   0x0801c47e   0x0000005c   Code   RO         6768    x$fpl$scalbn        fz_wm.l(scalbn.o)
    0x0801c4da   0x0801c4da   0x00000004   Code   RO         6454    x$fpl$scanf1        fz_wm.l(scanf1.o)
    0x0801c4de   0x0801c4de   0x00000008   Code   RO         6634    x$fpl$scanf2        fz_wm.l(scanf2.o)
    0x0801c4e6   0x0801c4e6   0x00000030   Code   RO         6818    x$fpl$trapveneer    fz_wm.l(trapv.o)
    0x0801c516   0x0801c516   0x00000000   Code   RO         6543    x$fpl$usenofp       fz_wm.l(usenofp.o)
    0x0801c516   0x0801c516   0x00000200   Data   RO          681    .constdata          tool.o
    0x0801c716   0x0801c716   0x00000006   Data   RO          765    .constdata          devinfo.o
    0x0801c71c   0x0801c71c   0x00000006   Data   RO          766    .constdata          devinfo.o
    0x0801c722   0x0801c722   0x00000015   Data   RO          767    .constdata          devinfo.o
    0x0801c737   0x0801c737   0x0000000d   Data   RO          768    .constdata          devinfo.o
    0x0801c744   0x0801c744   0x0000000c   Data   RO          769    .constdata          devinfo.o
    0x0801c750   0x0801c750   0x00000018   Data   RO          770    .constdata          devinfo.o
    0x0801c768   0x0801c768   0x00000024   Data   RO         1613    .constdata          malloc.o
    0x0801c78c   0x0801c78c   0x00000052   Data   RO         2333    .constdata          bsp_uart.o
    0x0801c7de   0x0801c7de   0x00000002   PAD
    0x0801c7e0   0x0801c7e0   0x00000218   Data   RO         5794    .constdata          sfud.o
    0x0801c9f8   0x0801c9f8   0x00000400   Data   RO         5990    .constdata          ef_utils.o
    0x0801cdf8   0x0801cdf8   0x00000060   Data   RO         6015    .constdata          ef_port.o
    0x0801ce58   0x0801ce58   0x00000028   Data   RO         6368    .constdata          c_w.l(_printf_hex_int_ll_ptr.o)
    0x0801ce80   0x0801ce80   0x00000011   Data   RO         6388    .constdata          c_w.l(__printf_flags_ss_wp.o)
    0x0801ce91   0x0801ce91   0x00000003   PAD
    0x0801ce94   0x0801ce94   0x00000008   Data   RO         6493    .constdata          c_w.l(_printf_wctomb.o)
    0x0801ce9c   0x0801ce9c   0x00000026   Data   RO         6579    .constdata          c_w.l(_printf_fp_hex.o)
    0x0801cec2   0x0801cec2   0x00000002   PAD
    0x0801cec4   0x0801cec4   0x00000094   Data   RO         6592    .constdata          c_w.l(bigflt0.o)
    0x0801cf58   0x0801cf58   0x00000149   Data   RO         5795    .conststring        sfud.o
    0x0801d0a1   0x0801d0a1   0x00000003   PAD
    0x0801d0a4   0x0801d0a4   0x0000004a   Data   RO         5974    .conststring        easyflash.o
    0x0801d0ee   0x0801d0ee   0x00000002   PAD
    0x0801d0f0   0x0801d0f0   0x0000007b   Data   RO         6016    .conststring        ef_port.o
    0x0801d16b   0x0801d16b   0x00000001   PAD
    0x0801d16c   0x0801d16c   0x0000004c   Data   RO         6128    .conststring        ef_env.o
    0x0801d1b8   0x0801d1b8   0x00000020   Data   RO         6840    Region$$Table       anon$$obj.o
    0x0801d1d8   0x0801d1d8   0x00000008   Data   RO         6628    c$$dinf             fz_wm.l(fpconst.o)
    0x0801d1e0   0x0801d1e0   0x00000008   Data   RO         6631    c$$dmax             fz_wm.l(fpconst.o)
    0x0801d1e8   0x0801d1e8   0x00000110   Data   RO         6622    locale$$data        c_w.l(lc_ctype_c.o)
    0x0801d2f8   0x0801d2f8   0x0000001c   Data   RO         6625    locale$$data        c_w.l(lc_numeric_c.o)


    Execution Region RW_IRAM1 (Exec base: 0x20000000, Load base: 0x0801d314, Size: 0x0001cae8, Max: 0x00020000, ABSOLUTE, COMPRESSED[0x0000005c])

    Exec Addr    Load Addr    Size         Type   Attr      Idx    E Section Name        Object

    0x20000000   COMPRESSED   0x00000034   Data   RW           19    .data               main.o
    0x20000034   COMPRESSED   0x00000014   Data   RW          455    .data               system_stm32f4xx.o
    0x20000048   COMPRESSED   0x0000000c   Data   RW          584    .data               comm.o
    0x20000054   COMPRESSED   0x00000004   Data   RW          804    .data               delay.o
    0x20000058   COMPRESSED   0x00000010   Data   RW          886    .data               ini.o
    0x20000068   COMPRESSED   0x00000014   Data   RW         1100    .data               cjson.o
    0x2000007c   COMPRESSED   0x00000024   Data   RW         1614    .data               malloc.o
    0x200000a0   COMPRESSED   0x00000001   Data   RW         1844    .data               bsp_infrared.o
    0x200000a1   COMPRESSED   0x00000001   Data   RW         1886    .data               bsp_key.o
    0x200000a2   COMPRESSED   0x00000002   PAD
    0x200000a4   COMPRESSED   0x0000001c   Data   RW         1952    .data               bsp_time.o
    0x200000c0   COMPRESSED   0x00000005   Data   RW         2053    .data               bsp_wiegand.o
    0x200000c5   COMPRESSED   0x00000002   Data   RW         2136    .data               bsp_uart_fifo.o
    0x200000c7   COMPRESSED   0x00000001   PAD
    0x200000c8   COMPRESSED   0x00000004   Data   RW         2137    .data               bsp_uart_fifo.o
    0x200000cc   COMPRESSED   0x00000010   Data   RW         2868    .data               stm32f4xx_rcc.o
    0x200000dc   COMPRESSED   0x00000044   Data   RW         5209    .data               tasks.o
    0x20000120   COMPRESSED   0x00000014   Data   RW         5529    .data               timers.o
    0x20000134   COMPRESSED   0x0000000c   Data   RW         5655    .data               port.o
    0x20000140   COMPRESSED   0x00000018   Data   RW         5730    .data               heap_4.o
    0x20000158   COMPRESSED   0x00000044   Data   RW         5796    .data               sfud.o
    0x2000019c   COMPRESSED   0x0000000c   Data   RW         5925    .data               sfud_port.o
    0x200001a8   COMPRESSED   0x00000010   Data   RW         6129    .data               ef_env.o
    0x200001b8        -       0x00000208   Zero   RW          582    .bss                comm.o
    0x200003c0        -       0x00000009   Zero   RW          583    .bss                comm.o
    0x200003c9   COMPRESSED   0x00000003   PAD
    0x200003cc        -       0x00000048   Zero   RW          764    .bss                devinfo.o
    0x20000414   COMPRESSED   0x0000000c   PAD
    0x20000420        -       0x0000c800   Zero   RW         1611    .bss                malloc.o
    0x2000cc20        -       0x00000c80   Zero   RW         1612    .bss                malloc.o
    0x2000d8a0        -       0x00000038   Zero   RW         1843    .bss                bsp_infrared.o
    0x2000d8d8        -       0x00000010   Zero   RW         2052    .bss                bsp_wiegand.o
    0x2000d8e8        -       0x000012a0   Zero   RW         2135    .bss                bsp_uart_fifo.o
    0x2000eb88        -       0x00000600   Zero   RW         2330    .bss                bsp_uart.o
    0x2000f188        -       0x00000600   Zero   RW         2331    .bss                bsp_uart.o
    0x2000f788        -       0x00000010   Zero   RW         2332    .bss                bsp_uart.o
    0x2000f798        -       0x00000040   Zero   RW         4834    .bss                queue.o
    0x2000f7d8        -       0x0000012c   Zero   RW         5208    .bss                tasks.o
    0x2000f904        -       0x00000028   Zero   RW         5528    .bss                timers.o
    0x2000f92c        -       0x0000c800   Zero   RW         5729    .bss                heap_4.o
    0x2001c12c        -       0x00000105   Zero   RW         5793    .bss                sfud.o
    0x2001c231        -       0x00000100   Zero   RW         5924    .bss                sfud_port.o
    0x2001c331        -       0x00000080   Zero   RW         6014    .bss                ef_port.o
    0x2001c3b1   COMPRESSED   0x00000003   PAD
    0x2001c3b4        -       0x000000d0   Zero   RW         6127    .bss                ef_env.o
    0x2001c484        -       0x00000060   Zero   RW         6545    .bss                c_w.l(libspace.o)
    0x2001c4e4   COMPRESSED   0x00000004   PAD
    0x2001c4e8        -       0x00000200   Zero   RW         4659    HEAP                startup_stm32f40_41xxx.o
    0x2001c6e8        -       0x00000400   Zero   RW         4658    STACK               startup_stm32f40_41xxx.o



  Load Region LR$$.ARM.__AT_0x10000000 (Base: 0x10000000, Size: 0x00000000, Max: 0x0000c800, ABSOLUTE)

    Execution Region ER$$.ARM.__AT_0x10000000 (Exec base: 0x10000000, Load base: 0x10000000, Size: 0x0000c800, Max: 0x0000c800, ABSOLUTE, UNINIT)

    Exec Addr    Load Addr    Size         Type   Attr      Idx    E Section Name        Object

    0x10000000        -       0x0000c800   Zero   RW         1607    .ARM.__AT_0x10000000  malloc.o



  Load Region LR$$.ARM.__AT_0x1000C800 (Base: 0x1000c800, Size: 0x00000000, Max: 0x00000c80, ABSOLUTE)

    Execution Region ER$$.ARM.__AT_0x1000C800 (Exec base: 0x1000c800, Load base: 0x1000c800, Size: 0x00000c80, Max: 0x00000c80, ABSOLUTE, UNINIT)

    Exec Addr    Load Addr    Size         Type   Attr      Idx    E Section Name        Object

    0x1000c800        -       0x00000c80   Zero   RW         1608    .ARM.__AT_0x1000C800  malloc.o



  Load Region LR$$.ARM.__AT_0x68000000 (Base: 0x68000000, Size: 0x00000000, Max: 0x00000400, ABSOLUTE)

    Execution Region ER$$.ARM.__AT_0x68000000 (Exec base: 0x68000000, Load base: 0x68000000, Size: 0x00000400, Max: 0x00000400, ABSOLUTE, UNINIT)

    Exec Addr    Load Addr    Size         Type   Attr      Idx    E Section Name        Object

    0x68000000        -       0x00000400   Zero   RW         1609    .ARM.__AT_0x68000000  malloc.o



  Load Region LR$$.ARM.__AT_0x68000400 (Base: 0x68000400, Size: 0x00000000, Max: 0x00000040, ABSOLUTE)

    Execution Region ER$$.ARM.__AT_0x68000400 (Exec base: 0x68000400, Load base: 0x68000400, Size: 0x00000040, Max: 0x00000040, ABSOLUTE, UNINIT)

    Exec Addr    Load Addr    Size         Type   Attr      Idx    E Section Name        Object

    0x68000400        -       0x00000040   Zero   RW         1610    .ARM.__AT_0x68000400  malloc.o


==============================================================================

Image component sizes


      Code (inc. data)   RO Data    RW Data    ZI Data      Debug   Object Name

        80          0          0          0          0       1539   bsp.o
        60          4          0          0          0        556   bsp_beep.o
       620         58          0          1         56       6661   bsp_infrared.o
        68          0          0          0          0       1071   bsp_iwdg.o
       224         20          0          1          0       1354   bsp_key.o
       512        124          0          0          0       2868   bsp_led.o
       264         32          0         28          0       2694   bsp_time.o
       774         32         82          0       3088       7157   bsp_uart.o
      1748        124          0          6       4768      17878   bsp_uart_fifo.o
       772         44          0          5         16       6345   bsp_wiegand.o
      3964        184          0         20          0      33530   cjson.o
      2552        638          0         12        529      42942   comm.o
       190         14          0          4          0       3633   delay.o
       104         10         82          0         72       3223   devinfo.o
       144         90         74          0          0       2009   easyflash.o
      3268        432         76         16        208      33235   ef_env.o
       234         34        219          0        128       8235   ef_port.o
        36          4       1024          0          0       1248   ef_utils.o
       450          6          0          0          0      13623   event_groups.o
       460         24          0         24      51200       4479   heap_4.o
      1204        640          0         16          0       6741   ini.o
       138          0          0          0          0       3198   list.o
      2986       1240          0         52          0     336228   main.o
       518         44         36         36     109888       9840   malloc.o
       144         14          0          0          0       2381   misc.o
       786         80          0         12          0      11349   port.o
      1868         22          0          0         64      18080   queue.o
      2792        918        865         68        261      15294   sfud.o
       540         64          0         12        256       7781   sfud_port.o
        64         26        392          0       1536        864   startup_stm32f40_41xxx.o
       512         36          0          0          0       7440   stm32f4xx_dma.o
       144         14          0          0          0       2468   stm32f4xx_exti.o
        48         20          0          0          0       1141   stm32f4xx_flash.o
       174          0          0          0          0       3919   stm32f4xx_gpio.o
        86         50          0          0          0       2985   stm32f4xx_it.o
        68         30          0          0          0       2870   stm32f4xx_iwdg.o
       344         58          0         16          0       8322   stm32f4xx_rcc.o
       250         24          0          0          0       5310   stm32f4xx_spi.o
        48          6          0          0          0        736   stm32f4xx_syscfg.o
       210         28          0          0          0       5792   stm32f4xx_tim.o
       548         42          0          0          0       8904   stm32f4xx_usart.o
        16          0          0          0          0        533   stmflash.o
       272         38          0         20          0       1881   system_stm32f4xx.o
      3976        342          0         68        300      37918   tasks.o
         0          0          0          0          0       2024   test.o
       924         84          0         20         40      19747   timers.o
       412         68        512          0          0       5151   tool.o
       222          0          0          0          0       3348   uartqueue.o

    ----------------------------------------------------------------------
     35880       5762       3402        440     172428     726525   Object Totals
         0          0         32          0          0          0   (incl. Generated)
        62          0          8          3         18          0   (incl. Padding)

    ----------------------------------------------------------------------

      Code (inc. data)   RO Data    RW Data    ZI Data      Debug   Library Member Name

        60          8          0          0          0         84   __0sscanf.o
        24          4          0          0          0         84   __2printf.o
        44          6          0          0          0         84   __2sprintf.o
        90          0          0          0          0          0   __dczerorl2.o
         8          0          0          0          0         68   __main.o
       392          4         17          0          0         92   __printf_flags_ss_wp.o
        14          0          0          0          0         68   __printf_wp.o
         0          0          0          0          0          0   __rtentry.o
        12          0          0          0          0          0   __rtentry2.o
         6          0          0          0          0          0   __rtentry4.o
        52          8          0          0          0          0   __scatter.o
        28          0          0          0          0          0   __scatter_zi.o
        28          0          0          0          0         68   _chval.o
         6          0          0          0          0          0   _printf_a.o
         6          0          0          0          0          0   _printf_c.o
        44          0          0          0          0        108   _printf_char.o
        48          6          0          0          0         96   _printf_char_common.o
        36          4          0          0          0         80   _printf_char_file.o
        40          0          0          0          0         68   _printf_charcount.o
         6          0          0          0          0          0   _printf_d.o
       120         16          0          0          0         92   _printf_dec.o
         6          0          0          0          0          0   _printf_e.o
         6          0          0          0          0          0   _printf_f.o
      1054          0          0          0          0        216   _printf_fp_dec.o
       764          8         38          0          0        100   _printf_fp_hex.o
       128         16          0          0          0         84   _printf_fp_infnan.o
         6          0          0          0          0          0   _printf_g.o
       148          4         40          0          0        160   _printf_hex_int_ll_ptr.o
         6          0          0          0          0          0   _printf_i.o
       178          0          0          0          0         88   _printf_intcommon.o
        10          0          0          0          0          0   _printf_l.o
         6          0          0          0          0          0   _printf_lc.o
        10          0          0          0          0          0   _printf_ll.o
         6          0          0          0          0          0   _printf_lld.o
         6          0          0          0          0          0   _printf_lli.o
         6          0          0          0          0          0   _printf_llo.o
         6          0          0          0          0          0   _printf_llu.o
         6          0          0          0          0          0   _printf_llx.o
       124         16          0          0          0         92   _printf_longlong_dec.o
         6          0          0          0          0          0   _printf_ls.o
         6          0          0          0          0          0   _printf_n.o
         6          0          0          0          0          0   _printf_o.o
       112         10          0          0          0        124   _printf_oct_int_ll.o
         6          0          0          0          0          0   _printf_p.o
        78          0          0          0          0        108   _printf_pad.o
         0          0          0          0          0          0   _printf_percent.o
         4          0          0          0          0          0   _printf_percent_end.o
         6          0          0          0          0          0   _printf_s.o
        82          0          0          0          0         80   _printf_str.o
        36          0          0          0          0         84   _printf_truncate.o
         6          0          0          0          0          0   _printf_u.o
        44          0          0          0          0        108   _printf_wchar.o
       188          6          8          0          0         92   _printf_wctomb.o
         6          0          0          0          0          0   _printf_x.o
        22          0          0          0          0        100   _rserrno.o
       884          6          0          0          0        100   _scanf.o
        64          0          0          0          0         84   _sgetc.o
        16          0          0          0          0         68   _snputc.o
        10          0          0          0          0         68   _sputc.o
       158          0          0          0          0         92   _strtoul.o
        64          0          0          0          0         92   _wcrtomb.o
        16          0          0          0          0         68   aeabi_memset.o
        26          0          0          0          0         80   atol.o
       228          4        148          0          0         96   bigflt0.o
      2152        136          0          0          0        960   btod.o
        18          0          0          0          0         80   exit.o
         8          0          0          0          0         68   ferror.o
         6          0          0          0          0        152   heapauxi.o
        18          0          0          0          0         76   isspace.o
        44         10        272          0          0         76   lc_ctype_c.o
        44         10         28          0          0         76   lc_numeric_c.o
         2          0          0          0          0          0   libinit.o
        34          0          0          0          0          0   libinit2.o
         2          0          0          0          0          0   libshutdown.o
         2          0          0          0          0          0   libshutdown2.o
         8          4          0          0         96         68   libspace.o
        38          0          0          0          0         68   llshl.o
       138          0          0          0          0         80   lludiv10.o
        16          4          0          0          0         76   rt_ctype_table.o
         8          4          0          0          0         68   rt_errno_addr_intlibspace.o
         8          4          0          0          0         68   rt_locale_intlibspace.o
        68          0          0          0          0         68   rt_memclr.o
        78          0          0          0          0         80   rt_memclr_w.o
       138          0          0          0          0         68   rt_memcpy_v6.o
       100          0          0          0          0         80   rt_memcpy_w.o
         2          0          0          0          0          0   rtexit.o
        10          0          0          0          0          0   rtexit2.o
        44          8          0          0          0         84   scanf_char.o
      1272         16          0          0          0        168   scanf_fp.o
       800         14          0          0          0        100   scanf_hexfp.o
       308         16          0          0          0        100   scanf_infnan.o
        24          0          0          0          0         68   strcat.o
       128          0          0          0          0         68   strcmpv7m.o
        72          0          0          0          0         80   strcpy.o
        62          0          0          0          0         76   strlen.o
       150          0          0          0          0         80   strncmp.o
        86          0          0          0          0         76   strncpy.o
       164         14          0          0          0        120   strtod.o
       112          0          0          0          0         88   strtol.o
        74          0          0          0          0         80   sys_stackheap_outer.o
        26          0          0          0          0         76   tolower.o
         2          0          0          0          0         68   use_no_semi.o
         2          0          0          0          0         68   use_no_semi_2.o
        52          4          0          0          0         80   vsnprintf.o
        36          4          0          0          0         76   vsprintf.o
        98          4          0          0          0        140   d2f.o
        16          4          0          0          0        116   dcheck1.o
        24          0          0          0          0        116   dcmpi.o
       120          4          0          0          0        140   deqf.o
        94          4          0          0          0        140   dfix.o
        38          0          0          0          0        116   dflt_clz.o
       120          4          0          0          0        140   dleqf.o
       340         12          0          0          0        152   dmul.o
       156          4          0          0          0        140   dnaninf.o
        12          0          0          0          0        116   dretinf.o
       108          0          0          0          0        128   drleqf.o
         0          0         16          0          0          0   fpconst.o
        10          0          0          0          0        116   fpinit.o
        10          0          0          0          0        116   fretinf.o
         6          0          0          0          0        116   istatus.o
         4          0          0          0          0        116   printf1.o
         4          0          0          0          0        116   printf2.o
       100          0          0          0          0        116   retnan.o
        92          0          0          0          0        116   scalbn.o
         4          0          0          0          0        116   scanf1.o
         8          0          0          0          0        132   scanf2.o
        48          0          0          0          0        116   trapv.o
         0          0          0          0          0          0   usenofp.o
        64         16          0          0          0        248   dunder.o
        48          0          0          0          0        124   fpclassify.o
       140         22          0          0          0        132   frexp.o
       228          8          0          0          0        308   ldexp.o
       266         16          0          0          0        308   narrow.o
        40         10          0          0          0        128   strtod.o

    ----------------------------------------------------------------------
     14182        484        572          0        100      10812   Library Totals
        14          2          5          0          4          0   (incl. Padding)

    ----------------------------------------------------------------------

      Code (inc. data)   RO Data    RW Data    ZI Data      Debug   Library Name

     11970        374        551          0         96       6944   c_w.l
      1412         36         16          0          0       2620   fz_wm.l
       786         72          0          0          0       1248   m_wm.l

    ----------------------------------------------------------------------
     14182        484        572          0        100      10812   Library Totals

    ----------------------------------------------------------------------

==============================================================================


      Code (inc. data)   RO Data    RW Data    ZI Data      Debug   

     50062       6246       3974        440     172528     694885   Grand Totals
     50062       6246       3974         92     172528     694885   ELF Image Totals (compressed)
     50062       6246       3974         92          0          0   ROM Totals

==============================================================================

    Total RO  Size (Code + RO Data)                54036 (  52.77kB)
    Total RW  Size (RW Data + ZI Data)            172968 ( 168.91kB)
    Total ROM Size (Code + RO Data + RW Data)      54128 (  52.86kB)

==============================================================================

